10-03 06:23:37.666: I/FontLog(9371): Query [Google Sans:500] resolved to {Google Sans, wdth 100.0, wght 500, ital 0.0, bestEffort false} [CONTEXT service_id=132 ]
10-03 06:23:37.669: I/FontLog(9371): Font PFD returned from cache for {Google Sans, wdth 100.0, wght 500, ital 0.0, bestEffort false} [CONTEXT service_id=132 ]
10-03 06:23:37.669: I/FontLog(9371): Fetch {Google Sans, wdth 100.0, wght 500, ital 0.0, bestEffort false} end status Status{statusCode=SUCCESS, resolution=null} [CONTEXT service_id=132 ]
10-03 06:23:37.679: D/ConnectivityService(1146): requestNetwork for uid/pid:10080/16578 NetworkRequest [ TRACK_DEFAULT id=55, [ Capabilities: INTERNET&NOT_RESTRICTED&TRUSTED Unwanted:  Uid: 10080] ]
10-03 06:23:37.681: D/Ethernet(1146): got request NetworkRequest [ TRACK_DEFAULT id=55, [ Capabilities: INTERNET&NOT_RESTRICTED&TRUSTED Unwanted:  Uid: 10080] ] with score 60
10-03 06:23:37.681: D/WIFI_AWARE_FACTORY(1146): got request NetworkRequest [ TRACK_DEFAULT id=55, [ Capabilities: INTERNET&NOT_RESTRICTED&TRUSTED Unwanted:  Uid: 10080] ] with score 60
10-03 06:23:37.681: D/WIFI_UT(1146): got request NetworkRequest [ TRACK_DEFAULT id=55, [ Capabilities: INTERNET&NOT_RESTRICTED&TRUSTED Unwanted:  Uid: 10080] ] with score 60
10-03 06:23:37.681: D/WIFI(1146): got request NetworkRequest [ TRACK_DEFAULT id=55, [ Capabilities: INTERNET&NOT_RESTRICTED&TRUSTED Unwanted:  Uid: 10080] ] with score 60
10-03 06:23:37.681: D/PhoneSwitcherNetworkRequstListener(1714): got request NetworkRequest [ TRACK_DEFAULT id=55, [ Capabilities: INTERNET&NOT_RESTRICTED&TRUSTED Unwanted:  Uid: 10080] ] with score 60
10-03 06:23:37.692: I/FontLog(9371): Pulling font file for id = 5, cache size = 5 [CONTEXT service_id=132 ]
10-03 06:23:37.698: I/FA(16791): App measurement is starting up, version: 18100
10-03 06:23:37.698: I/FA(16791): To enable debug logging run: adb shell setprop log.tag.FA VERBOSE
10-03 06:23:37.698: I/FA(16791): To enable faster debug mode event logging run:
10-03 06:23:37.698: I/FA(16791):   adb shell setprop debug.firebase.analytics.app com.google.android.apps.chromecast.app
10-03 06:23:37.708: I/ogle.android.g(16188): WaitForGcToComplete blocked ProfileSaver on AddRemoveAppImageSpace for 107.498ms
10-03 06:23:37.740: I/FontLog(9371): Received query Google Sans Display, URI content://com.google.android.gms.fonts [CONTEXT service_id=132 ]
10-03 06:23:37.740: I/FontLog(9371): Query [Google Sans Display] resolved to {Google Sans Display, wdth 100.0, wght 400, ital 0.0, bestEffort false} [CONTEXT service_id=132 ]
10-03 06:23:37.743: I/FontLog(9371): Font PFD returned from cache for {Google Sans Display, wdth 100.0, wght 400, ital 0.0, bestEffort false} [CONTEXT service_id=132 ]
10-03 06:23:37.743: I/FontLog(9371): Fetch {Google Sans Display, wdth 100.0, wght 400, ital 0.0, bestEffort false} end status Status{statusCode=SUCCESS, resolution=null} [CONTEXT service_id=132 ]
10-03 06:23:37.745: I/android.youtub(16578): Rejecting re-init on previously-failed class java.lang.Class<com.google.android.ads.tasks.appdigest.a>: java.lang.NoClassDefFoundError: Failed resolution of: Landroid/content/pm/PackageManager$OnChecksumsReadyListener;
10-03 06:23:37.745: I/android.youtub(16578):   at java.lang.Class dalvik.system.DexFile.defineClassNative(java.lang.String, java.lang.ClassLoader, java.lang.Object, dalvik.system.DexFile) (DexFile.java:-2)
10-03 06:23:37.745: I/android.youtub(16578):   at java.lang.Class dalvik.system.DexFile.defineClass(java.lang.String, java.lang.ClassLoader, java.lang.Object, dalvik.system.DexFile, java.util.List) (DexFile.java:283)
10-03 06:23:37.745: I/android.youtub(16578):   at java.lang.Class dalvik.system.DexFile.loadClassBinaryName(java.lang.String, java.lang.ClassLoader, java.util.List) (DexFile.java:276)
10-03 06:23:37.745: I/android.youtub(16578):   at java.lang.Class dalvik.system.DexPathList$Element.findClass(java.lang.String, java.lang.ClassLoader, java.util.List) (DexPathList.java:724)
10-03 06:23:37.745: I/android.youtub(16578):   at java.lang.Class dalvik.system.DexPathList.findClass(java.lang.String, java.util.List) (DexPathList.java:486)
10-03 06:23:37.745: I/android.youtub(16578):   at java.lang.Class dalvik.system.BaseDexClassLoader.findClass(java.lang.String) (BaseDexClassLoader.java:132)
10-03 06:23:37.745: I/android.youtub(16578):   at java.lang.Class bg.loadClass(java.lang.String, boolean) (:com.google.android.gms.dynamite_dynamiteloader@213017065@21.30.17 (100400-0):2)
10-03 06:23:37.745: I/android.youtub(16578):   at java.lang.Class java.lang.ClassLoader.loadClass(java.lang.String) (ClassLoader.java:312)
10-03 06:23:37.745: I/android.youtub(16578):   at java.util.List lc.n(md, android.content.Context, bpj, com.google.ads.afma.d) (:com.google.android.gms.policy_ads_fdr_dynamite@212910700@212910700057.385466565.385466565:5)
10-03 06:23:37.745: I/android.youtub(16578):   at java.util.List ld.n(md, android.content.Context, bpj, com.google.ads.afma.d) (:com.google.android.gms.policy_ads_fdr_dynamite@212910700@212910700057.385466565.385466565:4)
10-03 06:23:37.745: I/android.youtub(16578):   at void lc.o(md, android.content.Context, bpj, com.google.ads.afma.d) (:com.google.android.gms.policy_ads_fdr_dynamite@212910700@212910700057.385466565.385466565:0)
10-03 06:23:37.745: I/android.youtub(16578):   at bpj lc.l(android.content.Context, com.google.ads.afma.d) (:com.google.android.gms.policy_ads_fdr_dynamite@212910700@212910700057.385466565.385466565:7)
10-03 06:23:37.745: I/android.youtub(16578):   at java.lang.String la.o(android.content.Context, java.lang.String, int, android.view.View, android.app.Activity, byte[]) (:com.google.android.gms.policy_ads_fdr_dynamite@212910700@212910700057.385466565.385466565:8)
10-03 06:23:37.745: I/android.youtub(16578):   at java.lang.String la.e(android.content.Context, byte[]) (:com.google.android.gms.policy_ads_fdr_dynamite@212910700@212910700057.385466565.385466565:2)
10-03 06:23:37.745: I/android.youtub(16578):   at java.lang.String com.google.android.gms.ads.adshield.internal.a.b(apu, byte[]) (:com.google.android.gms.policy_ads_fdr_dynamite@212910700@212910700057.385466565.385466565:1)
10-03 06:23:37.745: I/android.youtub(16578):   at boolean com.google.android.gms.ads.adshield.internal.a.bU(int, android.os.Parcel, android.os.Parcel) (:com.google.android.gms.policy_ads_fdr_dynamite@212910700@212910700057.385466565.385466565:42)
10-03 06:23:37.745: I/android.youtub(16578):   at boolean mo.onTransact(int, android.os.Parcel, android.os.Parcel, int) (:com.google.android.gms.policy_ads_fdr_dynamite@212910700@212910700057.385466565.385466565:4)
10-03 06:23:37.745: I/android.youtub(16578):   at boolean android.os.Binder.transact(int, android.os.Parcel, android.os.Parcel, int) (Binder.java:667)
10-03 06:23:37.745: I/android.youtub(16578):   at android.os.Parcel pcs.a(int, android.os.Parcel) (SourceFile:7)
10-03 06:23:37.745: I/android.youtub(16578):   at java.lang.String pkk.a(oms, byte[]) (SourceFile:40)
10-03 06:23:37.745: I/android.youtub(16578):   at java.lang.String nrc.a(android.content.Context, byte[]) (SourceFile:6)
10-03 06:23:37.745: I/android.youtub(16578):   at java.lang.String qis.a(android.content.Context, byte[]) (SourceFile:10)
10-03 06:23:37.745: I/android.youtub(16578):   at java.lang.String skv.a(qio, byte[]) (SourceFile:59)
10-03 06:23:37.745: I/android.youtub(16578):   at java.lang.String skv.g() (SourceFile:41)
10-03 06:23:37.745: I/android.youtub(16578):   at java.lang.String skv.b() (SourceFile:69)
10-03 06:23:37.745: I/android.youtub(16578):   at java.lang.String slq.i() (SourceFile:56)
10-03 06:23:37.745: I/android.youtub(16578):   at java.lang.String slq.b() (SourceFile:32)
10-03 06:23:37.745: I/android.youtub(16578):   at void slq.e() (SourceFile:37)
10-03 06:23:37.745: I/android.youtub(16578):   at void cmk.run() (SourceFile:7)
10-03 06:23:37.746: I/android.youtub(16578):   at java.lang.Object java.util.concurrent.Executors$RunnableAdapter.call() (Executors.java:458)
10-03 06:23:37.746: I/android.youtub(16578):   at void java.util.concurrent.FutureTask.run() (FutureTask.java:266)
10-03 06:23:37.746: I/android.youtub(16578):   at void java.util.concurrent.ScheduledThreadPoolExecutor$ScheduledFutureTask.run() (ScheduledThreadPoolExecutor.java:301)
10-03 06:23:37.746: I/android.youtub(16578):   at void java.util.concurrent.ThreadPoolExecutor.runWorker(java.util.concurrent.ThreadPoolExecutor$Worker) (ThreadPoolExecutor.java:1167)
10-03 06:23:37.746: I/android.youtub(16578):   at void java.util.concurrent.ThreadPoolExecutor$Worker.run() (ThreadPoolExecutor.java:641)
10-03 06:23:37.746: I/android.youtub(16578):   at void ubi.run() (SourceFile:20)
10-03 06:23:37.746: I/android.youtub(16578):   at void java.lang.Thread.run() (Thread.java:764)
10-03 06:23:37.746: I/android.youtub(16578): Caused by: java.lang.ClassNotFoundException: Didn't find class "android.content.pm.PackageManager$OnChecksumsReadyListener" on path: DexPathList[[zip file "/data/user_de/0/com.google.android.gms/app_chimera/m/00000010/dl-AdsFdrDynamite.integ_212910700100000.apk"],nativeLibraryDirectories=[/data/user_de/0/com.google.android.gms/app_chimera/m/00000010/dl-AdsFdrDynamite.integ_212910700100000.apk!/lib/arm64-v8a, /system/lib64]]
10-03 06:23:37.746: I/android.youtub(16578):   at java.lang.Class dalvik.system.BaseDexClassLoader.findClass(java.lang.String) (BaseDexClassLoader.java:134)
10-03 06:23:37.746: I/android.youtub(16578):   at java.lang.Class java.lang.ClassLoader.loadClass(java.lang.String, boolean) (ClassLoader.java:379)
10-03 06:23:37.746: I/android.youtub(16578):   at java.lang.Class bg.loadClass(java.lang.String, boolean) (:com.google.android.gms.dynamite_dynamiteloader@213017065@21.30.17 (100400-0):3)
10-03 06:23:37.746: I/android.youtub(16578):   at java.lang.Class java.lang.ClassLoader.loadClass(java.lang.String) (ClassLoader.java:312)
10-03 06:23:37.746: I/android.youtub(16578):   at java.lang.Class dalvik.system.DexFile.defineClassNative(java.lang.String, java.lang.ClassLoader, java.lang.Object, dalvik.system.DexFile) (DexFile.java:-2)
10-03 06:23:37.746: I/android.youtub(16578):   at java.lang.Class dalvik.system.DexFile.defineClass(java.lang.String, java.lang.ClassLoader, java.lang.Object, dalvik.system.DexFile, java.util.List) (DexFile.java:283)
10-03 06:23:37.746: I/android.youtub(16578):   at java.lang.Class dalvik.system.DexFile.loadClassBinaryName(java.lang.String, java.lang.ClassLoader, java.util.List) (DexFile.java:276)
10-03 06:23:37.746: I/android.youtub(16578):   at java.lang.Class dalvik.system.DexPathList$Element.findClass(java.lang.String, java.lang.ClassLoader, java.util.List) (DexPathList.java:724)
10-03 06:23:37.746: I/android.youtub(16578):   at java.lang.Class dalvik.system.DexPathList.findClass(java.lang.String, java.util.List) (DexPathList.java:486)
10-03 06:23:37.746: I/android.youtub(16578):   at java.lang.Class dalvik.system.BaseDexClassLoader.findClass(java.lang.String) (BaseDexClassLoader.java:132)
10-03 06:23:37.746: I/android.youtub(16578):   at java.lang.Class bg.loadClass(java.lang.String, boolean) (:com.google.android.gms.dynamite_dynamiteloader@213017065@21.30.17 (100400-0):2)
10-03 06:23:37.746: I/android.youtub(16578):   at java.lang.Class java.lang.ClassLoader.loadClass(java.lang.String) (ClassLoader.java:312)
10-03 06:23:37.746: I/android.youtub(16578):   at java.util.List lc.n(md, android.content.Context, bpj, com.google.ads.afma.d) (:com.google.android.gms.policy_ads_fdr_dynamite@212910700@212910700057.385466565.385466565:5)
10-03 06:23:37.746: I/android.youtub(16578):   at java.util.List ld.n(md, android.content.Context, bpj, com.google.ads.afma.d) (:com.google.android.gms.policy_ads_fdr_dynamite@212910700@212910700057.385466565.385466565:4)
10-03 06:23:37.746: I/android.youtub(16578):   at void lc.o(md, android.content.Context, bpj, com.google.ads.afma.d) (:com.google.android.gms.policy_ads_fdr_dynamite@212910700@212910700057.385466565.385466565:0)
10-03 06:23:37.746: I/android.youtub(16578):   at bpj lc.l(android.content.Context, com.google.ads.afma.d) (:com.google.android.gms.policy_ads_fdr_dynamite@212910700@212910700057.385466565.385466565:7)
10-03 06:23:37.746: I/android.youtub(16578):   at java.lang.String la.o(android.content.Context, java.lang.String, int, android.view.View, android.app.Activity, byte[]) (:com.google.android.gms.policy_ads_fdr_dynamite@212910700@212910700057.385466565.385466565:8)
10-03 06:23:37.746: I/android.youtub(16578):   at java.lang.String la.e(android.content.Context, byte[]) (:com.google.android.gms.policy_ads_fdr_dynamite@212910700@212910700057.385466565.385466565:2)
10-03 06:23:37.746: I/android.youtub(16578):   at java.lang.String com.google.android.gms.ads.adshield.internal.a.b(apu, byte[]) (:com.google.android.gms.policy_ads_fdr_dynamite@212910700@212910700057.385466565.385466565:1)
10-03 06:23:37.746: I/android.youtub(16578):   at boolean com.google.android.gms.ads.adshield.internal.a.bU(int, android.os.Parcel, android.os.Parcel) (:com.google.android.gms.policy_ads_fdr_dynamite@212910700@212910700057.385466565.385466565:42)
10-03 06:23:37.746: I/android.youtub(16578):   at boolean mo.onTransact(int, android.os.Parcel, android.os.Parcel, int) (:com.google.android.gms.policy_ads_fdr_dynamite@212910700@212910700057.385466565.385466565:4)
10-03 06:23:37.746: I/android.youtub(16578):   at boolean android.os.Binder.transact(int, android.os.Parcel, android.os.Parcel, int) (Binder.java:667)
10-03 06:23:37.746: I/android.youtub(16578):   at android.os.Parcel pcs.a(int, android.os.Parcel) (SourceFile:7)
10-03 06:23:37.746: I/android.youtub(16578):   at java.lang.String pkk.a(oms, byte[]) (SourceFile:40)
10-03 06:23:37.746: I/android.youtub(16578):   at java.lang.String nrc.a(android.content.Context, byte[]) (SourceFile:6)
10-03 06:23:37.746: I/android.youtub(16578):   at java.lang.String qis.a(android.content.Context, byte[]) (SourceFile:10)
10-03 06:23:37.746: I/android.youtub(16578):   at java.lang.String skv.a(qio, byte[]) (SourceFile:59)
10-03 06:23:37.746: I/android.youtub(16578):   at java.lang.String skv.g() (SourceFile:41)
10-03 06:23:37.746: I/android.youtub(16578):   at java.lang.String skv.b() (SourceFile:69)
10-03 06:23:37.746: I/android.youtub(16578):   at java.lang.String slq.i() (SourceFile:56)
10-03 06:23:37.746: I/android.youtub(16578):   at java.lang.String slq.b() (SourceFile:32)
10-03 06:23:37.746: I/android.youtub(16578):   at void slq.e() (SourceFile:37)
10-03 06:23:37.746: I/android.youtub(16578):   at void cmk.run() (SourceFile:7)
10-03 06:23:37.746: I/android.youtub(16578):   at java.lang.Object java.util.concurrent.Executors$RunnableAdapter.call() (Executors.java:458)
10-03 06:23:37.746: I/android.youtub(16578):   at void java.util.concurrent.FutureTask.run() (FutureTask.java:266)
10-03 06:23:37.746: I/android.youtub(16578):   at void java.util.concurrent.ScheduledThreadPoolExecutor$ScheduledFutureTask.run() (ScheduledThreadPoolExecutor.java:301)
10-03 06:23:37.746: I/android.youtub(16578):   at void java.util.concurrent.ThreadPoolExecutor.runWorker(java.util.concurrent.ThreadPoolExecutor$Worker) (ThreadPoolExecutor.java:1167)
10-03 06:23:37.746: I/android.youtub(16578):   at void java.util.concurrent.ThreadPoolExecutor$Worker.run() (ThreadPoolExecutor.java:641)
10-03 06:23:37.746: I/android.youtub(16578):   at void ubi.run() (SourceFile:20)
10-03 06:23:37.746: I/android.youtub(16578):   at void java.lang.Thread.run() (Thread.java:764)
10-03 06:23:37.746: I/android.youtub(16578): Rejecting re-init on previously-failed class java.lang.Class<com.google.android.ads.tasks.appdigest.a>: java.lang.NoClassDefFoundError: Failed resolution of: Landroid/content/pm/PackageManager$OnChecksumsReadyListener;
10-03 06:23:37.746: I/android.youtub(16578):   at java.lang.Class dalvik.system.DexFile.defineClassNative(java.lang.String, java.lang.ClassLoader, java.lang.Object, dalvik.system.DexFile) (DexFile.java:-2)
10-03 06:23:37.746: I/android.youtub(16578):   at java.lang.Class dalvik.system.DexFile.defineClass(java.lang.String, java.lang.ClassLoader, java.lang.Object, dalvik.system.DexFile, java.util.List) (DexFile.java:283)
10-03 06:23:37.746: I/android.youtub(16578):   at java.lang.Class dalvik.system.DexFile.loadClassBinaryName(java.lang.String, java.lang.ClassLoader, java.util.List) (DexFile.java:276)
10-03 06:23:37.746: I/android.youtub(16578):   at java.lang.Class dalvik.system.DexPathList$Element.findClass(java.lang.String, java.lang.ClassLoader, java.util.List) (DexPathList.java:724)
10-03 06:23:37.746: I/android.youtub(16578):   at java.lang.Class dalvik.system.DexPathList.findClass(java.lang.String, java.util.List) (DexPathList.java:486)
10-03 06:23:37.746: I/android.youtub(16578):   at java.lang.Class dalvik.system.BaseDexClassLoader.findClass(java.lang.String) (BaseDexClassLoader.java:132)
10-03 06:23:37.747: I/android.youtub(16578):   at java.lang.Class bg.loadClass(java.lang.String, boolean) (:com.google.android.gms.dynamite_dynamiteloader@213017065@21.30.17 (100400-0):2)
10-03 06:23:37.747: I/android.youtub(16578):   at java.lang.Class java.lang.ClassLoader.loadClass(java.lang.String) (ClassLoader.java:312)
10-03 06:23:37.747: I/android.youtub(16578):   at java.util.List lc.n(md, android.content.Context, bpj, com.google.ads.afma.d) (:com.google.android.gms.policy_ads_fdr_dynamite@212910700@212910700057.385466565.385466565:5)
10-03 06:23:37.747: I/android.youtub(16578):   at java.util.List ld.n(md, android.content.Context, bpj, com.google.ads.afma.d) (:com.google.android.gms.policy_ads_fdr_dynamite@212910700@212910700057.385466565.385466565:4)
10-03 06:23:37.747: I/android.youtub(16578):   at void lc.o(md, android.content.Context, bpj, com.google.ads.afma.d) (:com.google.android.gms.policy_ads_fdr_dynamite@212910700@212910700057.385466565.385466565:0)
10-03 06:23:37.747: I/android.youtub(16578):   at bpj lc.l(android.content.Context, com.google.ads.afma.d) (:com.google.android.gms.policy_ads_fdr_dynamite@212910700@212910700057.385466565.385466565:7)
10-03 06:23:37.747: I/android.youtub(16578):   at java.lang.String la.o(android.content.Context, java.lang.String, int, android.view.View, android.app.Activity, byte[]) (:com.google.android.gms.policy_ads_fdr_dynamite@212910700@212910700057.385466565.385466565:8)
10-03 06:23:37.747: I/android.youtub(16578):   at java.lang.String la.e(android.content.Context, byte[]) (:com.google.android.gms.policy_ads_fdr_dynamite@212910700@212910700057.385466565.385466565:2)
10-03 06:23:37.747: I/android.youtub(16578):   at java.lang.String com.google.android.gms.ads.adshield.internal.a.b(apu, byte[]) (:com.google.android.gms.policy_ads_fdr_dynamite@212910700@212910700057.385466565.385466565:1)
10-03 06:23:37.747: I/android.youtub(16578):   at boolean com.google.android.gms.ads.adshield.internal.a.bU(int, android.os.Parcel, android.os.Parcel) (:com.google.android.gms.policy_ads_fdr_dynamite@212910700@212910700057.385466565.385466565:42)
10-03 06:23:37.747: I/android.youtub(16578):   at boolean mo.onTransact(int, android.os.Parcel, android.os.Parcel, int) (:com.google.android.gms.policy_ads_fdr_dynamite@212910700@212910700057.385466565.385466565:4)
10-03 06:23:37.747: I/android.youtub(16578):   at boolean android.os.Binder.transact(int, android.os.Parcel, android.os.Parcel, int) (Binder.java:667)
10-03 06:23:37.747: I/android.youtub(16578):   at android.os.Parcel pcs.a(int, android.os.Parcel) (SourceFile:7)
10-03 06:23:37.747: I/android.youtub(16578):   at java.lang.String pkk.a(oms, byte[]) (SourceFile:40)
10-03 06:23:37.747: I/android.youtub(16578):   at java.lang.String nrc.a(android.content.Context, byte[]) (SourceFile:6)
10-03 06:23:37.747: I/android.youtub(16578):   at java.lang.String qis.a(android.content.Context, byte[]) (SourceFile:10)
10-03 06:23:37.747: I/android.youtub(16578):   at java.lang.String skv.a(qio, byte[]) (SourceFile:59)
10-03 06:23:37.747: I/android.youtub(16578):   at java.lang.String skv.g() (SourceFile:41)
10-03 06:23:37.747: I/android.youtub(16578):   at java.lang.String skv.b() (SourceFile:69)
10-03 06:23:37.747: I/android.youtub(16578):   at java.lang.String slq.i() (SourceFile:56)
10-03 06:23:37.747: I/android.youtub(16578):   at java.lang.String slq.b() (SourceFile:32)
10-03 06:23:37.747: I/android.youtub(16578):   at void slq.e() (SourceFile:37)
10-03 06:23:37.747: I/android.youtub(16578):   at void cmk.run() (SourceFile:7)
10-03 06:23:37.747: I/android.youtub(16578):   at java.lang.Object java.util.concurrent.Executors$RunnableAdapter.call() (Executors.java:458)
10-03 06:23:37.747: I/android.youtub(16578):   at void java.util.concurrent.FutureTask.run() (FutureTask.java:266)
10-03 06:23:37.747: I/android.youtub(16578):   at void java.util.concurrent.ScheduledThreadPoolExecutor$ScheduledFutureTask.run() (ScheduledThreadPoolExecutor.java:301)
10-03 06:23:37.747: I/android.youtub(16578):   at void java.util.concurrent.ThreadPoolExecutor.runWorker(java.util.concurrent.ThreadPoolExecutor$Worker) (ThreadPoolExecutor.java:1167)
10-03 06:23:37.747: I/android.youtub(16578):   at void java.util.concurrent.ThreadPoolExecutor$Worker.run() (ThreadPoolExecutor.java:641)
10-03 06:23:37.747: I/android.youtub(16578):   at void ubi.run() (SourceFile:20)
10-03 06:23:37.747: I/android.youtub(16578):   at void java.lang.Thread.run() (Thread.java:764)
10-03 06:23:37.747: I/android.youtub(16578): Caused by: java.lang.ClassNotFoundException: Didn't find class "android.content.pm.PackageManager$OnChecksumsReadyListener" on path: DexPathList[[zip file "/data/user_de/0/com.google.android.gms/app_chimera/m/00000010/dl-AdsFdrDynamite.integ_212910700100000.apk"],nativeLibraryDirectories=[/data/user_de/0/com.google.android.gms/app_chimera/m/00000010/dl-AdsFdrDynamite.integ_212910700100000.apk!/lib/arm64-v8a, /system/lib64]]
10-03 06:23:37.747: I/android.youtub(16578):   at java.lang.Class dalvik.system.BaseDexClassLoader.findClass(java.lang.String) (BaseDexClassLoader.java:134)
10-03 06:23:37.747: I/android.youtub(16578):   at java.lang.Class java.lang.ClassLoader.loadClass(java.lang.String, boolean) (ClassLoader.java:379)
10-03 06:23:37.747: I/android.youtub(16578):   at java.lang.Class bg.loadClass(java.lang.String, boolean) (:com.google.android.gms.dynamite_dynamiteloader@213017065@21.30.17 (100400-0):3)
10-03 06:23:37.747: I/android.youtub(16578):   at java.lang.Class java.lang.ClassLoader.loadClass(java.lang.String) (ClassLoader.java:312)
10-03 06:23:37.747: I/android.youtub(16578):   at java.lang.Class dalvik.system.DexFile.defineClassNative(java.lang.String, java.lang.ClassLoader, java.lang.Object, dalvik.system.DexFile) (DexFile.java:-2)
10-03 06:23:37.747: I/android.youtub(16578):   at java.lang.Class dalvik.system.DexFile.defineClass(java.lang.String, java.lang.ClassLoader, java.lang.Object, dalvik.system.DexFile, java.util.List) (DexFile.java:283)
10-03 06:23:37.747: I/android.youtub(16578):   at java.lang.Class dalvik.system.DexFile.loadClassBinaryName(java.lang.String, java.lang.ClassLoader, java.util.List) (DexFile.java:276)
10-03 06:23:37.747: I/android.youtub(16578):   at java.lang.Class dalvik.system.DexPathList$Element.findClass(java.lang.String, java.lang.ClassLoader, java.util.List) (DexPathList.java:724)
10-03 06:23:37.747: I/android.youtub(16578):   at java.lang.Class dalvik.system.DexPathList.findClass(java.lang.String, java.util.List) (DexPathList.java:486)
10-03 06:23:37.747: I/android.youtub(16578):   at java.lang.Class dalvik.system.BaseDexClassLoader.findClass(java.lang.String) (BaseDexClassLoader.java:132)
10-03 06:23:37.747: I/android.youtub(16578):   at java.lang.Class bg.loadClass(java.lang.String, boolean) (:com.google.android.gms.dynamite_dynamiteloader@213017065@21.30.17 (100400-0):2)
10-03 06:23:37.747: I/android.youtub(16578):   at java.lang.Class java.lang.ClassLoader.loadClass(java.lang.String) (ClassLoader.java:312)
10-03 06:23:37.747: I/android.youtub(16578):   at java.util.List lc.n(md, android.content.Context, bpj, com.google.ads.afma.d) (:com.google.android.gms.policy_ads_fdr_dynamite@212910700@212910700057.385466565.385466565:5)
10-03 06:23:37.747: I/android.youtub(16578):   at java.util.List ld.n(md, android.content.Context, bpj, com.google.ads.afma.d) (:com.google.android.gms.policy_ads_fdr_dynamite@212910700@212910700057.385466565.385466565:4)
10-03 06:23:37.747: I/android.youtub(16578):   at void lc.o(md, android.content.Context, bpj, com.google.ads.afma.d) (:com.google.android.gms.policy_ads_fdr_dynamite@212910700@212910700057.385466565.385466565:0)
10-03 06:23:37.747: I/android.youtub(16578):   at bpj lc.l(android.content.Context, com.google.ads.afma.d) (:com.google.android.gms.policy_ads_fdr_dynamite@212910700@212910700057.385466565.385466565:7)
10-03 06:23:37.747: I/android.youtub(16578):   at java.lang.String la.o(android.content.Context, java.lang.String, int, android.view.View, android.app.Activity, byte[]) (:com.google.android.gms.policy_ads_fdr_dynamite@212910700@212910700057.385466565.385466565:8)
10-03 06:23:37.747: I/android.youtub(16578):   at java.lang.String la.e(android.content.Context, byte[]) (:com.google.android.gms.policy_ads_fdr_dynamite@212910700@212910700057.385466565.385466565:2)
10-03 06:23:37.747: I/android.youtub(16578):   at java.lang.String com.google.android.gms.ads.adshield.internal.a.b(apu, byte[]) (:com.google.android.gms.policy_ads_fdr_dynamite@212910700@212910700057.385466565.385466565:1)
10-03 06:23:37.747: I/android.youtub(16578):   at boolean com.google.android.gms.ads.adshield.internal.a.bU(int, android.os.Parcel, android.os.Parcel) (:com.google.android.gms.policy_ads_fdr_dynamite@212910700@212910700057.385466565.385466565:42)
10-03 06:23:37.747: I/android.youtub(16578):   at boolean mo.onTransact(int, android.os.Parcel, android.os.Parcel, int) (:com.google.android.gms.policy_ads_fdr_dynamite@212910700@212910700057.385466565.385466565:4)
10-03 06:23:37.747: I/android.youtub(16578):   at boolean android.os.Binder.transact(int, android.os.Parcel, android.os.Parcel, int) (Binder.java:667)
10-03 06:23:37.747: I/android.youtub(16578):   at android.os.Parcel pcs.a(int, android.os.Parcel) (SourceFile:7)
10-03 06:23:37.747: I/android.youtub(16578):   at java.lang.String pkk.a(oms, byte[]) (SourceFile:40)
10-03 06:23:37.747: I/android.youtub(16578):   at java.lang.String nrc.a(android.content.Context, byte[]) (SourceFile:6)
10-03 06:23:37.747: I/android.youtub(16578):   at java.lang.String qis.a(android.content.Context, byte[]) (SourceFile:10)
10-03 06:23:37.747: I/android.youtub(16578):   at java.lang.String skv.a(qio, byte[]) (SourceFile:59)
10-03 06:23:37.747: I/android.youtub(16578):   at java.lang.String skv.g() (SourceFile:41)
10-03 06:23:37.747: I/android.youtub(16578):   at java.lang.String skv.b() (SourceFile:69)
10-03 06:23:37.747: I/android.youtub(16578):   at java.lang.String slq.i() (SourceFile:56)
10-03 06:23:37.747: I/android.youtub(16578):   at java.lang.String slq.b() (SourceFile:32)
10-03 06:23:37.747: I/android.youtub(16578):   at void slq.e() (SourceFile:37)
10-03 06:23:37.747: I/android.youtub(16578):   at void cmk.run() (SourceFile:7)
10-03 06:23:37.747: I/android.youtub(16578):   at java.lang.Object java.util.concurrent.Executors$RunnableAdapter.call() (Executors.java:458)
10-03 06:23:37.747: I/android.youtub(16578):   at void java.util.concurrent.FutureTask.run() (FutureTask.java:266)
10-03 06:23:37.747: I/android.youtub(16578):   at void java.util.concurrent.ScheduledThreadPoolExecutor$ScheduledFutureTask.run() (ScheduledThreadPoolExecutor.java:301)
10-03 06:23:37.747: I/android.youtub(16578):   at void java.util.concurrent.ThreadPoolExecutor.runWorker(java.util.concurrent.ThreadPoolExecutor$Worker) (ThreadPoolExecutor.java:1167)
10-03 06:23:37.747: I/android.youtub(16578):   at void java.util.concurrent.ThreadPoolExecutor$Worker.run() (ThreadPoolExecutor.java:641)
10-03 06:23:37.747: I/android.youtub(16578):   at void ubi.run() (SourceFile:20)
10-03 06:23:37.747: I/android.youtub(16578):   at void java.lang.Thread.run() (Thread.java:764)
10-03 06:23:37.758: I/FontLog(9371): Pulling font file for id = 6, cache size = 6 [CONTEXT service_id=132 ]
10-03 06:23:37.760: D/QSEECOMAPI(16838): QSEECom_get_handle sb_length = 0x400
10-03 06:23:37.761: D/QSEECOMAPI(16838): App is already loaded QSEE and app id = 1
10-03 06:23:37.762: E/fpc_tac(16838): qsee_km_get_encapsulated_key KEYMASTER_GET_AUTH_TOKEN_KEY returned status=-24
10-03 06:23:37.762: I/dex2oat(16896): The ClassLoaderContext is a special shared library.
10-03 06:23:37.762: D/QSEECOMAPI(16838): QSEECom_dealloc_memory 
10-03 06:23:37.762: D/QSEECOMAPI(16838): QSEECom_shutdown_app, app_id = 1
10-03 06:23:37.763: E/fpc_fingerprint_hal(16838): fpc_hal_open failed
10-03 06:23:37.764: I/dex2oat(16896): /system/bin/dex2oat --dex-file=/data/user/0/com.google.android.googlequicksearchbox/files/velour/verified_jars/Jkk1AICSm8V3ZDlxbl8SBoQ_1.jar --output-vdex-fd=103 --oat-fd=104 --oat-location=/data/user/0/com.google.android.googlequicksearchbox/files/velour/verified_jars/oat/arm64/Jkk1AICSm8V3ZDlxbl8SBoQ_1.odex --compiler-filter=quicken --class-loader-context=&
10-03 06:23:37.764: I/EventHub(1146): Removing device '/dev/input/event3' due to inotify event
10-03 06:23:37.764: I/EventHub(1146): Removed device: path=/dev/input/event3 name=uinput-fpc id=259 fd=301 classes=0x101
10-03 06:23:37.764: W/EventHub(1146): built-in keyboard device /dev/input/event3 (id=259) is closing! the apps will not like this
10-03 06:23:37.766: W/InputReader(1146): Ignoring spurious device removed event for deviceId 259.
10-03 06:23:37.768: W/dex2oat(16896): Could not reserve sentinel fault page
10-03 06:23:37.773: D/BoundBrokerSvc(11968): onBind: Intent { act=com.google.android.gms.measurement.START pkg=com.google.android.gms }
10-03 06:23:37.773: D/BoundBrokerSvc(11968): Loading bound service for intent: Intent { act=com.google.android.gms.measurement.START pkg=com.google.android.gms }
10-03 06:23:37.783: D/QSEECOMAPI(16838): QSEECom_dealloc_memory 
10-03 06:23:37.783: D/QSEECOMAPI(16838): QSEECom_shutdown_app, app_id = 259
10-03 06:23:37.788: W/GCM(16791): GCM SDK is deprecated, com.google.android.apps.chromecast.app should update to use FCM
10-03 06:23:37.793: I/ActivityManager(1146): Killing 11195:com.google.android.gms.ui/u0a7 (adj 906): empty #17
10-03 06:23:37.795: W/libprocessgroup(1146): kill(-11195, 9) failed: No such process
10-03 06:23:37.809: I/PeopleChimeraService(11968): onService. callbacks = aexc@1b6f587, request = com.google.android.gms.common.internal.GetServiceRequest@71fdcb4
10-03 06:23:37.811: I/ActivityManager(1146): Start proc 16934:com.google.android.apps.tachyon/u0a148 for broadcast com.google.android.apps.tachyon/.registration.SystemAccountChangedReceiver
10-03 06:23:37.823: E/id.apps.tachyo(16934): Not starting debugger since process cannot load the jdwp agent.
10-03 06:23:37.835: I/Zygote(737): Process 11195 exited due to signal (9)
10-03 06:23:37.835: W/libprocessgroup(1146): kill(-11195, 9) failed: No such process
10-03 06:23:37.835: I/libprocessgroup(1146): Successfully killed process cgroup uid 10007 pid 11195 in 40ms
10-03 06:23:37.891: W/id.apps.tachyo(16934): JIT profile information will not be recorded: profile file does not exits.
10-03 06:23:37.891: I/chatty(16934): uid=10148(com.google.android.apps.tachyon) identical 1 line
10-03 06:23:37.892: W/id.apps.tachyo(16934): JIT profile information will not be recorded: profile file does not exits.
10-03 06:23:37.902: W/StorageManager(16775): fallocate() not supported; falling back to ftruncate()
10-03 06:23:37.923: I/FA-SVC(11968): App measurement initialized, version: 213017
10-03 06:23:37.926: W/PrimesInit(16934): Primes instant initialization
10-03 06:23:37.938: W/Primes(16934): background initialization
10-03 06:23:37.976: I/dex2oat(16896): dex2oat took 216.892ms (56.496ms cpu) (threads: 8) arena alloc=12KB (12824B) java alloc=16KB (16400B) native alloc=838KB (858664B) free=2MB (2287064B)
10-03 06:23:38.055: W/earchbox:searc(8309): Skipping duplicate class check due to unsupported classloader
10-03 06:23:38.089: W/earchbox:searc(8309): Unsupported class loader
10-03 06:23:38.147: I/org.webrtc.Logging(16934): NativeLibrary: Loading native library: jingle_peerconnection_so
10-03 06:23:38.147: I/org.webrtc.Logging(16934): PeerConnectionFactory: PeerConnectionFactory was initialized without an injected Loggable. Any existing Loggable will be deleted.
10-03 06:23:38.247: D/EventBus(16934): No subscribers registered for event class gzh
10-03 06:23:38.247: D/EventBus(16934): No subscribers registered for event class sfa
10-03 06:23:38.268: W/id.apps.tachyo(16934): Unknown chunk type '200'.
10-03 06:23:38.296: I/ActivityManager(1146): Killing 10610:com.android.vending/u0a14 (adj 906): empty #17
10-03 06:23:38.297: W/libprocessgroup(1146): kill(-10610, 9) failed: No such process
10-03 06:23:38.324: I/chatty(1146): uid=1000(system) ActivityManager identical 3 lines
10-03 06:23:38.368: W/libprocessgroup(1146): kill(-10610, 9) failed: No such process
10-03 06:23:38.383: D/EventBus(16934): No subscribers registered for event class gzh
10-03 06:23:38.383: D/EventBus(16934): No subscribers registered for event class sfa
10-03 06:23:38.395: I/oid.apps.photo(16351): Waiting for a blocking GC ProfileSaver
10-03 06:23:38.411: W/libprocessgroup(1146): kill(-10610, 9) failed: No such process
10-03 06:23:38.415: I/PeopleChimeraService(11968): onService. callbacks = aexc@903def3, request = com.google.android.gms.common.internal.GetServiceRequest@78627b0
10-03 06:23:38.427: I/ActivityManager(1146): Start proc 17021:com.google.android.apps.walletnfcrel/u0a152 for broadcast com.google.android.apps.walletnfcrel/com.google.android.libraries.notifications.entrypoints.accountchanged.AccountChangedReceiver
10-03 06:23:38.429: E/ps.walletnfcre(17021): Not starting debugger since process cannot load the jdwp agent.
10-03 06:23:38.430: I/oid.apps.photo(16351): WaitForGcToComplete blocked ProfileSaver on AddRemoveAppImageSpace for 34.642ms
10-03 06:23:38.455: W/libprocessgroup(1146): kill(-10610, 9) failed: No such process
10-03 06:23:38.461: I/PrimesTesting(16934): GserviceFlagsSupplier.get()
10-03 06:23:38.468: I/ps.walletnfcre(17021): The ClassLoaderContext is a special shared library.
10-03 06:23:38.476: D/ConnectivityService(1146): ConnectivityService NetworkRequestInfo binderDied(NetworkRequest [ LISTEN id=37, [ Capabilities: INTERNET&NOT_RESTRICTED&TRUSTED Unwanted:  Uid: 10014] ], android.os.BinderProxy@75dd6b0)
10-03 06:23:38.476: D/ConnectivityService(1146): ConnectivityService NetworkRequestInfo binderDied(NetworkRequest [ TRACK_DEFAULT id=36, [ Capabilities: INTERNET&NOT_RESTRICTED&TRUSTED Unwanted:  Uid: 10014] ], android.os.BinderProxy@67e3929)
10-03 06:23:38.476: D/ConnectivityService(1146): releasing NetworkRequest [ TRACK_DEFAULT id=36, [ Capabilities: INTERNET&NOT_RESTRICTED&TRUSTED Unwanted:  Uid: 10014] ] (release request)
10-03 06:23:38.478: I/Zygote(739): Process 10610 exited due to signal (9)
10-03 06:23:38.498: W/libprocessgroup(1146): kill(-10610, 9) failed: No such process
10-03 06:23:38.498: I/libprocessgroup(1146): Successfully killed process cgroup uid 10014 pid 10610 in 201ms
10-03 06:23:38.513: W/DynamiteModule(17021): Local module descriptor class for providerinstaller not found.
10-03 06:23:38.519: I/DynamiteModule(17021): Considering local module providerinstaller:0 and remote module providerinstaller:0
10-03 06:23:38.520: W/ProviderInstaller(17021): Failed to load providerinstaller module: No acceptable module found. Local version is 0 and remote version is 0.
10-03 06:23:38.520: I/MediaStoreImporter(16160): Update: incremental Added music: 0 Updated music: 0 Deleted music: 0 Created playlists: 0 Updated playlists: 0 Deleted playlists: 0 Inserted playlist items: 0 Deleted playlist items: 0 Removed orphaned playlist items: 0
10-03 06:23:38.523: W/ps.walletnfcre(17021): Unknown chunk type '200'.
10-03 06:23:38.524: D/MusicLifecycle(16160): com.google.android.music.download.EncapsulatedBroadcastReceiver$1 generated event: Broadcast received with context com.google.android.music.ui.PhoneMusicApplication@c44556d and intent Intent { act=com.google.android.music.IMPORT_COMPLETE flg=0x10 }
10-03 06:23:38.525: I/dex2oat(16978): The ClassLoaderContext is a special shared library.
10-03 06:23:38.526: I/dex2oat(16978): /system/bin/dex2oat --dex-file=/data/user/0/com.google.android.googlequicksearchbox/files/velour/verified_jars/JkypVPMhDohv1875CeSftSg_1.jar --output-vdex-fd=104 --oat-fd=105 --oat-location=/data/user/0/com.google.android.googlequicksearchbox/files/velour/verified_jars/oat/arm64/JkypVPMhDohv1875CeSftSg_1.odex --compiler-filter=quicken --class-loader-context=&
10-03 06:23:38.533: I/ps.walletnfcre(17021): The ClassLoaderContext is a special shared library.
10-03 06:23:38.534: I/chatty(17021): uid=10152(com.google.android.apps.walletnfcrel) identical 1 line
10-03 06:23:38.535: I/ps.walletnfcre(17021): The ClassLoaderContext is a special shared library.
10-03 06:23:38.559: V/NativeCrypto(17021): Registering com/google/android/gms/org/conscrypt/NativeCrypto's 294 native methods...
10-03 06:23:38.589: D/NetworkSecurityConfig(17021): No Network Security Config specified, using platform default
10-03 06:23:38.602: I/ProviderInstaller(17021): Installed default security provider GmsCore_OpenSSL
10-03 06:23:38.603: D/DownloadManager(16775): [83] Finished with status SUCCESS
10-03 06:23:38.629: I/BackgroundTaskManager(17021): Executing task PhenotypeRegistrationTask.phenotype_registration with PARALLEL execution policy.
10-03 06:23:38.632: I/dex2oat(16978): dex2oat took 110.374ms (45.672ms cpu) (threads: 8) arena alloc=2344B (2344B) java alloc=16KB (16400B) native alloc=809KB (828736B) free=1238KB (1268416B)
10-03 06:23:38.644: W/earchbox:searc(8309): Skipping duplicate class check due to unsupported classloader
10-03 06:23:38.651: W/SearchServiceCore(8309): Abort, client detached.
10-03 06:23:38.662: I/PackageManager.DexOptimizer(1146): Running dexopt (dexoptNeeded=1) on: /data/app/com.hydragamez.wiggleworm-5KBmZ-M2pJQePM6tcMl2eQ==/base.apk pkg=com.hydragamez.wiggleworm isa=arm64 dexoptFlags=boot_complete,profile_guided,public,enable_hidden_api_checks targetFilter=speed-profile oatDir=/data/app/com.hydragamez.wiggleworm-5KBmZ-M2pJQePM6tcMl2eQ==/oat classLoaderContext=PCL[]
10-03 06:23:38.662: V/installed(855): DexInv: --- BEGIN '/data/app/com.hydragamez.wiggleworm-5KBmZ-M2pJQePM6tcMl2eQ==/base.apk' ---
10-03 06:23:38.678: I/dex2oat(17051): /system/bin/dex2oat --input-vdex-fd=-1 --output-vdex-fd=19 --compiler-filter=speed-profile --classpath-dir=/data/app/com.hydragamez.wiggleworm-5KBmZ-M2pJQePM6tcMl2eQ== --class-loader-context=PCL[] --generate-mini-debug-info --compact-dex-level=none --compilation-reason=install
10-03 06:23:38.699: D/BoundBrokerSvc(9371): onBind: Intent { act=com.google.android.gms.tapandpay.service.BIND pkg=com.google.android.gms }
10-03 06:23:38.699: D/BoundBrokerSvc(9371): Loading bound service for intent: Intent { act=com.google.android.gms.tapandpay.service.BIND pkg=com.google.android.gms }
10-03 06:23:38.702: I/FA(16934): App measurement is starting up, version: 18079
10-03 06:23:38.702: I/FA(16934): To enable debug logging run: adb shell setprop log.tag.FA VERBOSE
10-03 06:23:38.702: I/FA(16934): To enable faster debug mode event logging run:
10-03 06:23:38.702: I/FA(16934):   adb shell setprop debug.firebase.analytics.app com.google.android.apps.tachyon
10-03 06:23:38.704: W/PrimesInit(17021): Primes instant initialization
10-03 06:23:38.705: W/Primes(17021): background initialization
10-03 06:23:38.706: E/FA(16934): AppMeasurementReceiver not registered/enabled
10-03 06:23:38.707: E/FA(16934): AppMeasurementService not registered/enabled
10-03 06:23:38.707: E/FA(16934): Uploading is not possible. App measurement disabled
10-03 06:23:38.719: I/PrimesTesting(17021): GserviceFlagsSupplier.get()
10-03 06:23:38.731: I/TapAndPayApplication(17021): Successfully initialized Firebase App
10-03 06:23:38.739: I/BackgroundTaskManager(17021): Executing task AccountFreshener.freshen with SEQUENTIAL execution policy.
10-03 06:23:38.741: I/Notifications(17021): [ChimeBroadcastReceiver] Intent received for action [android.accounts.LOGIN_ACCOUNTS_CHANGED] package [com.google.android.apps.walletnfcrel].
10-03 06:23:38.745: W/GCM(17021): GCM SDK is deprecated, com.google.android.apps.walletnfcrel should update to use FCM
10-03 06:23:38.746: I/Notifications(17021): [ChimeBroadcastReceiver] Validation failed for action [android.accounts.LOGIN_ACCOUNTS_CHANGED].
10-03 06:23:38.763: I/ActivityManager(1146): Start proc 17074:com.google.android.apps.youtube.music/u0a153 for broadcast com.google.android.apps.youtube.music/com.google.android.libraries.youtube.account.AccountsChangedReceiver
10-03 06:23:38.769: E/s.youtube.musi(17074): Not starting debugger since process cannot load the jdwp agent.
10-03 06:23:38.792: I/s.youtube.musi(17074): The ClassLoaderContext is a special shared library.
10-03 06:23:38.812: I/TapAndPay(9371): getInstance: new instance created [CONTEXT service_id=79 ]
10-03 06:23:38.816: I/TapAndPay(9371): Maintaining payment bundles [CONTEXT service_id=79 ]
10-03 06:23:38.819: I/TapAndPay(9371): Finished maintaining payment bundles [CONTEXT service_id=79 ]
10-03 06:23:38.847: E/ExecutionCriteria(9371): Package unavailable for task: com.google.android.apps.gcs/com.google.android.flib.phenotype.services.PhenotypeExperimentCommitService{u=0 tag="PhenotypeExpCommitSvc" trigger=window{start=0s,end=30s,earliest=-1257s,latest=-1227s} requirements=[NET_ANY] attributes=[PERSISTED] scheduled=-1257s last_run=N/A exec_window_multiplier=1.0000 jid=N/A status=PENDING retries=0 client_lib=MANCHEGO_GCM-11732000} [CONTEXT service_id=218 ]
10-03 06:23:38.869: I/NetworkScheduler.Stats(9371): Task com.google.android.gms/com.google.android.gms.ipa.base.IpaGcmTaskService started execution. cause:9 exec_start_elapsed_seconds: 1287 [CONTEXT service_id=218 ]
10-03 06:23:38.883: I/NetworkScheduler.Stats(9371): Task com.google.android.gms/com.google.android.gms.ipa.base.IpaGcmTaskService finished executing. cause:9 result: 1 elapsed_millis: 29 uptime_millis: 29 exec_start_elapsed_seconds: 1287 [CONTEXT service_id=218 ]
10-03 06:23:38.902: E/ExecutionCriteria(9371): Package unavailable for task: com.google.android.apps.gcs/com.google.android.flib.phenotype.services.PhenotypeExperimentCommitService{u=0 tag="PhenotypeExpCommitSvc" trigger=window{start=0s,end=30s,earliest=-1258s,latest=-1228s} requirements=[NET_ANY] attributes=[PERSISTED] scheduled=-1258s last_run=N/A exec_window_multiplier=1.0000 jid=N/A status=PENDING retries=0 client_lib=MANCHEGO_GCM-11732000} [CONTEXT service_id=218 ]
10-03 06:23:38.913: I/dex2oat(17051): Explicit concurrent copying GC freed 5481(1337KB) AllocSpace objects, 0(0B) LOS objects, 99% free, 728B/1536KB, paused 25us total 2.648ms
10-03 06:23:38.919: W/DynamiteModule(17074): Local module descriptor class for providerinstaller not found.
10-03 06:23:38.938: I/.apps.wellbein(16404): Waiting for a blocking GC ProfileSaver
10-03 06:23:38.950: W/ProviderInstaller(17074): Failed to load providerinstaller module: No acceptable module found. Local version is 0 and remote version is 0.
10-03 06:23:38.960: E/GEL_DELAYED_EVENT_DEBUG(17074): Failed delayed event dispatch, no dispatchers.
10-03 06:23:38.960: I/.apps.wellbein(16404): WaitForGcToComplete blocked ProfileSaver on AddRemoveAppImageSpace for 22.237ms
10-03 06:23:38.965: E/AwarenessClientProvider(17074): Account associated with identity was null
10-03 06:23:38.976: E/AwarenessRouterSyncMgr(17074): Exception while syncing fences
10-03 06:23:38.976: E/AwarenessRouterSyncMgr(17074): java.util.concurrent.ExecutionException: java.lang.IllegalStateException: Account associated with identity was null
10-03 06:23:38.976: E/AwarenessRouterSyncMgr(17074): 	at aanx.a(SourceFile:99)
10-03 06:23:38.976: E/AwarenessRouterSyncMgr(17074): 	at aanx.get(SourceFile:75)
10-03 06:23:38.976: E/AwarenessRouterSyncMgr(17074): 	at aasa.a(SourceFile:1)
10-03 06:23:38.976: E/AwarenessRouterSyncMgr(17074): 	at aaqj.a(SourceFile:26)
10-03 06:23:38.976: E/AwarenessRouterSyncMgr(17074): 	at gdg.run(Unknown Source:1)
10-03 06:23:38.976: E/AwarenessRouterSyncMgr(17074): 	at java.util.concurrent.Executors$RunnableAdapter.call(Executors.java:458)
10-03 06:23:38.976: E/AwarenessRouterSyncMgr(17074): 	at java.util.concurrent.FutureTask.run(FutureTask.java:266)
10-03 06:23:38.976: E/AwarenessRouterSyncMgr(17074): 	at java.util.concurrent.ScheduledThreadPoolExecutor$ScheduledFutureTask.run(ScheduledThreadPoolExecutor.java:301)
10-03 06:23:38.976: E/AwarenessRouterSyncMgr(17074): 	at java.util.concurrent.ThreadPoolExecutor.runWorker(ThreadPoolExecutor.java:1167)
10-03 06:23:38.976: E/AwarenessRouterSyncMgr(17074): 	at java.util.concurrent.ThreadPoolExecutor$Worker.run(ThreadPoolExecutor.java:641)
10-03 06:23:38.976: E/AwarenessRouterSyncMgr(17074): 	at qay.run(SourceFile:12)
10-03 06:23:38.976: E/AwarenessRouterSyncMgr(17074): 	at java.lang.Thread.run(Thread.java:764)
10-03 06:23:38.976: E/AwarenessRouterSyncMgr(17074): Caused by: java.lang.IllegalStateException: Account associated with identity was null
10-03 06:23:38.976: E/AwarenessRouterSyncMgr(17074): 	at gcf.a(Unknown Source:3)
10-03 06:23:38.976: E/AwarenessRouterSyncMgr(17074): 	at aaon.a(SourceFile:5)
10-03 06:23:38.976: E/AwarenessRouterSyncMgr(17074): 	at aaoo.run(SourceFile:17)
10-03 06:23:38.976: E/AwarenessRouterSyncMgr(17074): 	at aarf.run(SourceFile:3)
10-03 06:23:38.976: E/AwarenessRouterSyncMgr(17074): 	... 7 more
10-03 06:23:38.985: I/dex2oat(17051): dex2oat took 307.477ms (482.188ms cpu) (threads: 8) arena alloc=11KB (11472B) java alloc=16KB (17112B) native alloc=2MB (2273752B) free=3MB (4017704B)
10-03 06:23:38.989: V/installed(855): DexInv: --- END '/data/app/com.hydragamez.wiggleworm-5KBmZ-M2pJQePM6tcMl2eQ==/base.apk' (success) ---
10-03 06:23:38.989: V/installed(855): [ 10-03 06:23:38.991   855:  899 E/         ]
10-03 06:23:38.989: V/installed(855): Couldn't opendir /data/app/vmdl1281419713.tmp: No such file or directory
10-03 06:23:38.991: E/installd(855): Failed to delete /data/app/vmdl1281419713.tmp: No such file or directory
10-03 06:23:38.998: W/GoogleTagManager(17074): Failed to extract the container from the resource file. Resource is a UTF-8 encoded string but doesn't contain a JSON container
10-03 06:23:39.011: I/Telecom(1146): DefaultDialerCache: Refreshing default dialer for user 0: now com.google.android.dialer: DDC.oR@AJI
10-03 06:23:39.013: I/InputReader(1146): Reconfiguring input devices.  changes=0x00000010
10-03 06:23:39.021: W/s.youtube.musi(17074): Unknown chunk type '200'.
10-03 06:23:39.034: V/BackupManagerConstants(1146): getFullBackupIntervalMilliseconds(...) returns 86400000
10-03 06:23:39.044: E/PhoneInterfaceManager(1714): [PhoneIntfMgr] getCarrierPackageNamesForIntent: No UICC
10-03 06:23:39.044: D/CarrierSvcBindHelper(1714): No carrier app for: 0
10-03 06:23:39.044: D/ImsResolver(1714): maybeAddedImsService, packageName: com.hydragamez.wiggleworm
10-03 06:23:39.046: D/RegisteredNfcFServicesCache(2217): Service unchanged, not updating
10-03 06:23:39.046: W/GCM(9371): Unexpected forwarded intent: Intent { act=android.intent.action.PACKAGE_ADDED dat=package:com.hydragamez.wiggleworm flg=0x4000010 pkg=com.google.android.gms cmp=com.google.android.gms/.chimera.PersistentIntentOperationService (has extras) }
10-03 06:23:39.049: D/ConnectivityService(1146): Returning BLOCKED NetworkInfo to uid=10153
10-03 06:23:39.047: W/GCM(9371): Unexpected forwarded intent: Intent { act=android.intent.action.PACKAGE_ADDED dat=package:com.hydragamez.wiggleworm flg=0x4000010 pkg=com.google.android.gms cmp=com.google.android.gms/.chimera.PersistentIntentOperationService (has extras) }
10-03 06:23:39.053: E/VvmPkgInstalledRcvr(1714): cannot create TelephonyManager from ComponentInfo{com.android.phone/com.android.services.telephony.TelephonyConnectionService}, ***, UserHandle{0}
10-03 06:23:39.053: D/CarrierConfigLoader(1714): mHandler: 9 phoneId: 0
10-03 06:23:39.055: I/Auth(11968): [SupervisedAccountIntentOperation] onHandleIntent(): android.intent.action.PACKAGE_ADDED
10-03 06:23:39.057: W/system_server(1146): Unknown chunk type '200'.
10-03 06:23:39.068: D/BoundBrokerSvc(11968): onBind: Intent { act=com.google.android.gms.common.BIND_SHARED_PREFS pkg=com.google.android.gms }
10-03 06:23:39.068: D/BoundBrokerSvc(11968): Loading bound service for intent: Intent { act=com.google.android.gms.common.BIND_SHARED_PREFS pkg=com.google.android.gms }
10-03 06:23:39.069: D/ConnectivityService(1146): requestNetwork for uid/pid:10153/17074 NetworkRequest [ TRACK_DEFAULT id=56, [ Capabilities: INTERNET&NOT_RESTRICTED&TRUSTED Unwanted:  Uid: 10153] ]
10-03 06:23:39.071: D/Ethernet(1146): got request NetworkRequest [ TRACK_DEFAULT id=56, [ Capabilities: INTERNET&NOT_RESTRICTED&TRUSTED Unwanted:  Uid: 10153] ] with score 60
10-03 06:23:39.071: D/PhoneSwitcherNetworkRequstListener(1714): got request NetworkRequest [ TRACK_DEFAULT id=56, [ Capabilities: INTERNET&NOT_RESTRICTED&TRUSTED Unwanted:  Uid: 10153] ] with score 60
10-03 06:23:39.071: D/WIFI_AWARE_FACTORY(1146): got request NetworkRequest [ TRACK_DEFAULT id=56, [ Capabilities: INTERNET&NOT_RESTRICTED&TRUSTED Unwanted:  Uid: 10153] ] with score 60
10-03 06:23:39.072: D/WIFI_UT(1146): got request NetworkRequest [ TRACK_DEFAULT id=56, [ Capabilities: INTERNET&NOT_RESTRICTED&TRUSTED Unwanted:  Uid: 10153] ] with score 60
10-03 06:23:39.072: D/WIFI(1146): got request NetworkRequest [ TRACK_DEFAULT id=56, [ Capabilities: INTERNET&NOT_RESTRICTED&TRUSTED Unwanted:  Uid: 10153] ] with score 60
10-03 06:23:39.074: I/BlockstoreStorage(11968): Clearing Blockstore Data for package com.hydragamez.wiggleworm [CONTEXT service_id=258 ]
