10-03 06:23:34.878: W/Bundle(9371): 	at ejw.onTransact(:com.google.android.gms@213017028@21.30.17 (100400-395706864):2)
10-03 06:23:34.878: W/Bundle(9371): 	at android.os.Binder.transact(Binder.java:667)
10-03 06:23:34.878: W/Bundle(9371): 	at afaj.onTransact(:com.google.android.gms@213017028@21.30.17 (100400-395706864):17)
10-03 06:23:34.878: W/Bundle(9371): 	at android.os.Binder.execTransact(Binder.java:731)
10-03 06:23:34.878: W/Bundle(9371): Key keyTokenRequestOptionsAuthExtrasBundle expected String but value was a android.os.Bundle.  The default value <null> was returned.
10-03 06:23:34.878: W/Bundle(9371): Attempt to cast generated internal exception:
10-03 06:23:34.878: W/Bundle(9371): java.lang.ClassCastException: android.os.Bundle cannot be cast to java.lang.String
10-03 06:23:34.878: W/Bundle(9371): 	at android.os.BaseBundle.getString(BaseBundle.java:1158)
10-03 06:23:34.878: W/Bundle(9371): 	at iaz.a(:com.google.android.gms@213017028@21.30.17 (100400-395706864):67)
10-03 06:23:34.878: W/Bundle(9371): 	at ibd.e(:com.google.android.gms@213017028@21.30.17 (100400-395706864):1)
10-03 06:23:34.878: W/Bundle(9371): 	at hzm.l(:com.google.android.gms@213017028@21.30.17 (100400-395706864):43)
10-03 06:23:34.878: W/Bundle(9371): 	at egx.k(:com.google.android.gms@213017028@21.30.17 (100400-395706864):32)
10-03 06:23:34.878: W/Bundle(9371): 	at egx.h(:com.google.android.gms@213017028@21.30.17 (100400-395706864):42)
10-03 06:23:34.878: W/Bundle(9371): 	at hxw.getAuthToken(:com.google.android.gms@213017028@21.30.17 (100400-395706864):25)
10-03 06:23:34.878: W/Bundle(9371): 	at android.accounts.AbstractAccountAuthenticator$Transport.getAuthToken(AbstractAccountAuthenticator.java:246)
10-03 06:23:34.878: W/Bundle(9371): 	at android.accounts.IAccountAuthenticator$Stub.onTransact(IAccountAuthenticator.java:114)
10-03 06:23:34.878: W/Bundle(9371): 	at android.os.Binder.transact(Binder.java:667)
10-03 06:23:34.878: W/Bundle(9371): 	at ejw.onTransact(:com.google.android.gms@213017028@21.30.17 (100400-395706864):2)
10-03 06:23:34.878: W/Bundle(9371): 	at android.os.Binder.transact(Binder.java:667)
10-03 06:23:34.878: W/Bundle(9371): 	at afaj.onTransact(:com.google.android.gms@213017028@21.30.17 (100400-395706864):17)
10-03 06:23:34.878: W/Bundle(9371): 	at android.os.Binder.execTransact(Binder.java:731)
10-03 06:23:34.878: W/Bundle(9371): Key handle_notification expected String but value was a java.lang.Boolean.  The default value <null> was returned.
10-03 06:23:34.878: W/Bundle(9371): Attempt to cast generated internal exception:
10-03 06:23:34.878: W/Bundle(9371): java.lang.ClassCastException: java.lang.Boolean cannot be cast to java.lang.String
10-03 06:23:34.878: W/Bundle(9371): 	at android.os.BaseBundle.getString(BaseBundle.java:1158)
10-03 06:23:34.878: W/Bundle(9371): 	at iaz.a(:com.google.android.gms@213017028@21.30.17 (100400-395706864):67)
10-03 06:23:34.878: W/Bundle(9371): 	at ibd.e(:com.google.android.gms@213017028@21.30.17 (100400-395706864):1)
10-03 06:23:34.878: W/Bundle(9371): 	at hzm.l(:com.google.android.gms@213017028@21.30.17 (100400-395706864):43)
10-03 06:23:34.878: W/Bundle(9371): 	at egx.k(:com.google.android.gms@213017028@21.30.17 (100400-395706864):32)
10-03 06:23:34.878: W/Bundle(9371): 	at egx.h(:com.google.android.gms@213017028@21.30.17 (100400-395706864):42)
10-03 06:23:34.878: W/Bundle(9371): 	at hxw.getAuthToken(:com.google.android.gms@213017028@21.30.17 (100400-395706864):25)
10-03 06:23:34.878: W/Bundle(9371): 	at android.accounts.AbstractAccountAuthenticator$Transport.getAuthToken(AbstractAccountAuthenticator.java:246)
10-03 06:23:34.878: W/Bundle(9371): 	at android.accounts.IAccountAuthenticator$Stub.onTransact(IAccountAuthenticator.java:114)
10-03 06:23:34.878: W/Bundle(9371): 	at android.os.Binder.transact(Binder.java:667)
10-03 06:23:34.878: W/Bundle(9371): 	at ejw.onTransact(:com.google.android.gms@213017028@21.30.17 (100400-395706864):2)
10-03 06:23:34.878: W/Bundle(9371): 	at android.os.Binder.transact(Binder.java:667)
10-03 06:23:34.878: W/Bundle(9371): 	at afaj.onTransact(:com.google.android.gms@213017028@21.30.17 (100400-395706864):17)
10-03 06:23:34.878: W/Bundle(9371): 	at android.os.Binder.execTransact(Binder.java:731)
10-03 06:23:34.878: E/PhoneInterfaceManager(1714): [PhoneIntfMgr] getIccId: No UICC
10-03 06:23:34.886: D/TelephonyProvider(1714): subIdString = -1 subId = -1
10-03 06:23:34.886: D/TelephonyProvider(1714): getPreferredApnIdFromApn: for subId -1
10-03 06:23:34.900: W/libprocessgroup(1146): kill(-9692, 9) failed: No such process
10-03 06:23:34.931: W/YT(16578): Last known version:13.23.60
10-03 06:23:34.935: W/libprocessgroup(1146): kill(-9692, 9) failed: No such process
10-03 06:23:34.941: I/Zygote(737): Process 9692 exited due to signal (9)
10-03 06:23:34.942: D/BoundBrokerSvc(11968): onUnbind: Intent { act=com.google.android.gms.walletp2p.service.firstparty.BIND pkg=com.google.android.gms }
10-03 06:23:34.944: I/WebViewFactory(8309): Loading com.android.chrome version 76.0.3809.89 (code 380908937)
10-03 06:23:34.950: W/Icing(11968): No valid account for uploading user actions
10-03 06:23:34.950: V/FingerprintService(1146): mDaemon was null, reconnect to fingerprint
10-03 06:23:34.952: W/FingerprintService(1146): fingerprint HIDL not available
10-03 06:23:34.978: W/libprocessgroup(1146): kill(-9692, 9) failed: No such process
10-03 06:23:34.978: I/libprocessgroup(1146): Successfully killed process cgroup uid 10111 pid 9692 in 123ms
10-03 06:23:35.010: W/OptInChecker(8309): Missing cached UDC setting for AUDIO_HISTORY
10-03 06:23:35.010: W/OptInChecker(8309): Missing cached UDC setting for DEVICE_STATE_AND_CONTENT
10-03 06:23:35.010: W/OptInChecker(8309): Missing cached UDC setting for LOCATION_HISTORY_AND_REPORTING
10-03 06:23:35.010: W/OptInChecker(8309): Missing cached UDC setting for NOW_CARDS
10-03 06:23:35.010: W/OptInChecker(8309): Missing cached UDC setting for NOW_NOTIFICATIONS
10-03 06:23:35.010: W/OptInChecker(8309): Missing cached UDC setting for WEB_HISTORY
10-03 06:23:35.010: W/OptInChecker(8309): Missing cached UDC setting for WEB_AND_APP_HISTORY
10-03 06:23:35.010: W/OptInChecker(8309): Missing cached UDC setting for CHROME_HISTORY_SYNC
10-03 06:23:35.020: W/YouTube(16578): Fetching the Gservices key 'failsafe_clear_cache_release_13_02' before the end of the bulk initialization
10-03 06:23:35.081: E/android.youtub(16578): The String#value field is not present on Android versions >= 6.0
10-03 06:23:35.126: W/YouTube(16578): Fetching the Gservices key 'disable_binder_callback_flush' before the end of the bulk initialization
10-03 06:23:35.141: W/OptInChecker(8309): Missing cached UDC setting for WEB_HISTORY
10-03 06:23:35.141: E/YouTube(16578): flushBinderConnectionCallbacks is unverified on SDK 28
10-03 06:23:35.187: I/cr_LibraryLoader(8309): Time to load native libraries: 3 ms (timestamps 3365-3368)
10-03 06:23:35.207: D/ConnectivityService(1146): Returning BLOCKED NetworkInfo to uid=10080
10-03 06:23:35.210: W/android.youtub(16578): Unknown chunk type '200'.
10-03 06:23:35.243: I/Icing(11968): Usage reports ok 1, Failed Usage reports 0, indexed 0, rejected 0
10-03 06:23:35.251: W/Bundle(9371): Key service_connection_start_time_millis expected String but value was a java.lang.Long.  The default value <null> was returned.
10-03 06:23:35.251: W/Bundle(9371): Attempt to cast generated internal exception:
10-03 06:23:35.251: W/Bundle(9371): java.lang.ClassCastException: java.lang.Long cannot be cast to java.lang.String
10-03 06:23:35.251: W/Bundle(9371): 	at android.os.BaseBundle.getString(BaseBundle.java:1158)
10-03 06:23:35.251: W/Bundle(9371): 	at iaz.a(:com.google.android.gms@213017028@21.30.17 (100400-395706864):67)
10-03 06:23:35.251: W/Bundle(9371): 	at ibd.e(:com.google.android.gms@213017028@21.30.17 (100400-395706864):1)
10-03 06:23:35.251: W/Bundle(9371): 	at hzm.l(:com.google.android.gms@213017028@21.30.17 (100400-395706864):108)
10-03 06:23:35.251: W/Bundle(9371): 	at egx.k(:com.google.android.gms@213017028@21.30.17 (100400-395706864):32)
10-03 06:23:35.251: W/Bundle(9371): 	at egx.h(:com.google.android.gms@213017028@21.30.17 (100400-395706864):42)
10-03 06:23:35.251: W/Bundle(9371): 	at egx.ej(:com.google.android.gms@213017028@21.30.17 (100400-395706864):5)
10-03 06:23:35.251: W/Bundle(9371): 	at edq.onTransact(:com.google.android.gms@213017028@21.30.17 (100400-395706864):5)
10-03 06:23:35.251: W/Bundle(9371): 	at android.os.Binder.transact(Binder.java:667)
10-03 06:23:35.251: W/Bundle(9371): 	at ejw.onTransact(:com.google.android.gms@213017028@21.30.17 (100400-395706864):2)
10-03 06:23:35.251: W/Bundle(9371): 	at android.os.Binder.transact(Binder.java:667)
10-03 06:23:35.251: W/Bundle(9371): 	at afaj.onTransact(:com.google.android.gms@213017028@21.30.17 (100400-395706864):17)
10-03 06:23:35.251: W/Bundle(9371): 	at android.os.Binder.execTransact(Binder.java:731)
10-03 06:23:35.251: W/Bundle(9371): Key keyTokenRequestOptionsAuthExtrasBundle expected String but value was a android.os.Bundle.  The default value <null> was returned.
10-03 06:23:35.251: W/Bundle(9371): Attempt to cast generated internal exception:
10-03 06:23:35.251: W/Bundle(9371): java.lang.ClassCastException: android.os.Bundle cannot be cast to java.lang.String
10-03 06:23:35.251: W/Bundle(9371): 	at android.os.BaseBundle.getString(BaseBundle.java:1158)
10-03 06:23:35.251: W/Bundle(9371): 	at iaz.a(:com.google.android.gms@213017028@21.30.17 (100400-395706864):67)
10-03 06:23:35.251: W/Bundle(9371): 	at ibd.e(:com.google.android.gms@213017028@21.30.17 (100400-395706864):1)
10-03 06:23:35.251: W/Bundle(9371): 	at hzm.l(:com.google.android.gms@213017028@21.30.17 (100400-395706864):108)
10-03 06:23:35.251: W/Bundle(9371): 	at egx.k(:com.google.android.gms@213017028@21.30.17 (100400-395706864):32)
10-03 06:23:35.251: W/Bundle(9371): 	at egx.h(:com.google.android.gms@213017028@21.30.17 (100400-395706864):42)
10-03 06:23:35.251: W/Bundle(9371): 	at egx.ej(:com.google.android.gms@213017028@21.30.17 (100400-395706864):5)
10-03 06:23:35.251: W/Bundle(9371): 	at edq.onTransact(:com.google.android.gms@213017028@21.30.17 (100400-395706864):5)
10-03 06:23:35.251: W/Bundle(9371): 	at android.os.Binder.transact(Binder.java:667)
10-03 06:23:35.251: W/Bundle(9371): 	at ejw.onTransact(:com.google.android.gms@213017028@21.30.17 (100400-395706864):2)
10-03 06:23:35.251: W/Bundle(9371): 	at android.os.Binder.transact(Binder.java:667)
10-03 06:23:35.251: W/Bundle(9371): 	at afaj.onTransact(:com.google.android.gms@213017028@21.30.17 (100400-395706864):17)
10-03 06:23:35.251: W/Bundle(9371): 	at android.os.Binder.execTransact(Binder.java:731)
10-03 06:23:35.283: I/android.youtub(16578): The ClassLoaderContext is a special shared library.
10-03 06:23:35.308: I/android.youtub(16578): The ClassLoaderContext is a special shared library.
10-03 06:23:35.319: I/awle(9371): Removed 0 invalid users [CONTEXT service_id=51 ]
10-03 06:23:35.350: I/android.youtub(16578): The ClassLoaderContext is a special shared library.
10-03 06:23:35.398: W/OptInChecker(8309): Missing cached UDC setting for AUDIO_HISTORY
10-03 06:23:35.398: W/OptInChecker(8309): Missing cached UDC setting for DEVICE_STATE_AND_CONTENT
10-03 06:23:35.398: W/OptInChecker(8309): Missing cached UDC setting for LOCATION_HISTORY_AND_REPORTING
10-03 06:23:35.398: W/OptInChecker(8309): Missing cached UDC setting for NOW_CARDS
10-03 06:23:35.398: W/OptInChecker(8309): Missing cached UDC setting for NOW_NOTIFICATIONS
10-03 06:23:35.398: I/chromium(8309): [INFO:library_loader_hooks.cc(51)] Chromium logging enabled: level = 0, default verbosity = 0
10-03 06:23:35.398: W/OptInChecker(8309): Missing cached UDC setting for WEB_HISTORY
10-03 06:23:35.398: I/ActivityManager(1146): Start proc 16652:com.android.chrome:webview_service/u0a107 for service com.android.chrome/org.chromium.android_webview.services.VariationsSeedServer
10-03 06:23:35.399: W/OptInChecker(8309): Missing cached UDC setting for WEB_AND_APP_HISTORY
10-03 06:23:35.399: W/OptInChecker(8309): Missing cached UDC setting for CHROME_HISTORY_SYNC
10-03 06:23:35.399: I/cr_LibraryLoader(8309): Expected native library version number "76.0.3809.89", actual native library version number "76.0.3809.89"
10-03 06:23:35.407: E/YouTube(16578): Failed delayed event dispatch, no dispatchers.
10-03 06:23:35.408: E/GCoreUlr(9371): Create new device tag of -949063906 without device reboot [CONTEXT service_id=22 ]
10-03 06:23:35.410: E/webview_servic(16652): Not starting debugger since process cannot load the jdwp agent.
10-03 06:23:35.478: W/webview_servic(16652): JIT profile information will not be recorded: profile file does not exits.
10-03 06:23:35.493: I/FacsCacheGmsModule(9371): Receiving API connection to FACS API from package 'com.google.android.gms'...
10-03 06:23:35.517: I/FacsCacheGmsModule(9371): API connection successful!
10-03 06:23:35.520: D/NetworkSecurityConfig(8309): Using Network Security Config from resource network_security_config debugBuild: false
10-03 06:23:35.541: I/FacsCacheGmsModule(9371): Received 'readDeviceLevelSettings' request from package 'com.google.android.gms'...
10-03 06:23:35.542: I/FacsCacheGmsModule(9371): Operation 'readDeviceLevelSettings' dispatched!
10-03 06:23:35.542: I/FacsCacheGmsModule(9371): Executing operation 'ReadDeviceLevelSettingsOperation'...
10-03 06:23:35.543: I/FacsCacheGmsModule(9371): Operation 'ReadDeviceLevelSettingsOperation' successful!
10-03 06:23:35.544: D/NetworkSecurityConfig(16652): Using Network Security Config from resource network_security_config debugBuild: false
10-03 06:23:35.562: W/DynamiteModule(11968): Local module descriptor class for com.google.android.gms.providerinstaller.dynamite not found.
10-03 06:23:35.564: W/DynamiteModule(11968): Local module descriptor class for com.google.android.gms.providerinstaller.dynamite not found.
10-03 06:23:35.565: W/ProviderHelper(11968): Unknown dynamite feature providerinstaller.dynamite
10-03 06:23:35.566: I/DynamiteModule(11968): Considering local module com.google.android.gms.providerinstaller.dynamite:0 and remote module com.google.android.gms.providerinstaller.dynamite:0
10-03 06:23:35.568: W/Conscrypt(11968): Could not set socket write timeout: java.net.SocketException: Socket closed
10-03 06:23:35.568: W/Conscrypt(11968): 	at com.google.android.gms.org.conscrypt.Platform.setSocketWriteTimeout(:com.google.android.gms@213017028@21.30.17 (100400-395706864):2)
10-03 06:23:35.568: W/Conscrypt(11968): 	at com.google.android.gms.org.conscrypt.ConscryptFileDescriptorSocket.setSoWriteTimeout(:com.google.android.gms@213017028@21.30.17 (100400-395706864):0)
10-03 06:23:35.596: I/GmsCoreXrpcWrapper(11968): Returning a channel provider with trafficStatsTag=4097 trafficStatsUid=-1
10-03 06:23:35.698: W/ActivityManager(1146): Unable to start service Intent { act=com.google.android.gms.speech.service.START pkg=com.google.android.gms } U=0: not found
10-03 06:23:35.698: W/ActivityManager(1146): Unbind failed: could not find connection for android.os.BinderProxy@4bdbe3f
10-03 06:23:35.699: E/GmsClient(8309): unable to connect to service: com.google.android.gms.speech.service.START on com.google.android.gms
10-03 06:23:35.735: I/EventLogSendingHelper(8309): Sending log events.
10-03 06:23:35.752: I/ActivityManager(1146): Start proc 16696:android.process.acore/u0a42 for content provider com.android.providers.contacts/.ContactsProvider2
10-03 06:23:35.754: E/d.process.acor(16696): Not starting debugger since process cannot load the jdwp agent.
10-03 06:23:35.777: I/d.process.acor(16696): The ClassLoaderContext is a special shared library.
10-03 06:23:35.786: I/ActivityManager(1146): Killing 15813:com.android.connectivity.metrics/u0a57 (adj 906): empty #17
10-03 06:23:35.787: W/libprocessgroup(1146): kill(-15813, 9) failed: No such process
10-03 06:23:35.795: W/libprocessgroup(1146): kill(-15813, 9) failed: No such process
10-03 06:23:35.799: W/Bundle(9371): Key service_connection_start_time_millis expected String but value was a java.lang.Long.  The default value <null> was returned.
10-03 06:23:35.799: W/Bundle(9371): Attempt to cast generated internal exception:
10-03 06:23:35.799: W/Bundle(9371): java.lang.ClassCastException: java.lang.Long cannot be cast to java.lang.String
10-03 06:23:35.799: W/Bundle(9371): 	at android.os.BaseBundle.getString(BaseBundle.java:1158)
10-03 06:23:35.799: W/Bundle(9371): 	at iaz.a(:com.google.android.gms@213017028@21.30.17 (100400-395706864):67)
10-03 06:23:35.799: W/Bundle(9371): 	at ibd.e(:com.google.android.gms@213017028@21.30.17 (100400-395706864):1)
10-03 06:23:35.799: W/Bundle(9371): 	at hzm.l(:com.google.android.gms@213017028@21.30.17 (100400-395706864):108)
10-03 06:23:35.799: W/Bundle(9371): 	at egx.k(:com.google.android.gms@213017028@21.30.17 (100400-395706864):32)
10-03 06:23:35.799: W/Bundle(9371): 	at egx.h(:com.google.android.gms@213017028@21.30.17 (100400-395706864):42)
10-03 06:23:35.799: W/Bundle(9371): 	at egx.ej(:com.google.android.gms@213017028@21.30.17 (100400-395706864):5)
10-03 06:23:35.799: W/Bundle(9371): 	at edq.onTransact(:com.google.android.gms@213017028@21.30.17 (100400-395706864):5)
10-03 06:23:35.799: W/Bundle(9371): 	at android.os.Binder.transact(Binder.java:667)
10-03 06:23:35.799: W/Bundle(9371): 	at ejw.onTransact(:com.google.android.gms@213017028@21.30.17 (100400-395706864):2)
10-03 06:23:35.799: W/Bundle(9371): 	at android.os.Binder.transact(Binder.java:667)
10-03 06:23:35.799: W/Bundle(9371): 	at afaj.onTransact(:com.google.android.gms@213017028@21.30.17 (100400-395706864):17)
10-03 06:23:35.799: W/Bundle(9371): 	at android.os.Binder.execTransact(Binder.java:731)
10-03 06:23:35.800: W/Bundle(9371): Key keyTokenRequestOptionsAuthExtrasBundle expected String but value was a android.os.Bundle.  The default value <null> was returned.
10-03 06:23:35.800: W/Bundle(9371): Attempt to cast generated internal exception:
10-03 06:23:35.800: W/Bundle(9371): java.lang.ClassCastException: android.os.Bundle cannot be cast to java.lang.String
10-03 06:23:35.800: W/Bundle(9371): 	at android.os.BaseBundle.getString(BaseBundle.java:1158)
10-03 06:23:35.800: W/Bundle(9371): 	at iaz.a(:com.google.android.gms@213017028@21.30.17 (100400-395706864):67)
10-03 06:23:35.800: W/Bundle(9371): 	at ibd.e(:com.google.android.gms@213017028@21.30.17 (100400-395706864):1)
10-03 06:23:35.800: W/Bundle(9371): 	at hzm.l(:com.google.android.gms@213017028@21.30.17 (100400-395706864):108)
10-03 06:23:35.800: W/Bundle(9371): 	at egx.k(:com.google.android.gms@213017028@21.30.17 (100400-395706864):32)
10-03 06:23:35.800: W/Bundle(9371): 	at egx.h(:com.google.android.gms@213017028@21.30.17 (100400-395706864):42)
10-03 06:23:35.800: W/Bundle(9371): 	at egx.ej(:com.google.android.gms@213017028@21.30.17 (100400-395706864):5)
10-03 06:23:35.800: W/Bundle(9371): 	at edq.onTransact(:com.google.android.gms@213017028@21.30.17 (100400-395706864):5)
10-03 06:23:35.800: W/Bundle(9371): 	at android.os.Binder.transact(Binder.java:667)
10-03 06:23:35.800: W/Bundle(9371): 	at ejw.onTransact(:com.google.android.gms@213017028@21.30.17 (100400-395706864):2)
10-03 06:23:35.800: W/Bundle(9371): 	at android.os.Binder.transact(Binder.java:667)
10-03 06:23:35.800: W/Bundle(9371): 	at afaj.onTransact(:com.google.android.gms@213017028@21.30.17 (100400-395706864):17)
10-03 06:23:35.800: W/Bundle(9371): 	at android.os.Binder.execTransact(Binder.java:731)
10-03 06:23:35.813: I/ContactsPerf(16696): VoicemailContentProvider.onCreate start
10-03 06:23:35.818: I/ContactsPerf(16696): VoicemailContentProvider.onCreate finish
10-03 06:23:35.822: I/d.process.acor(16696): The ClassLoaderContext is a special shared library.
10-03 06:23:35.823: D/ContactsDatabaseHelper(16696): WAL enabled for contacts2.db: true
10-03 06:23:35.830: I/Zygote(737): Process 15813 exited due to signal (9)
10-03 06:23:35.838: I/d.process.acor(16696): The ClassLoaderContext is a special shared library.
10-03 06:23:35.838: W/libprocessgroup(1146): kill(-15813, 9) failed: No such process
10-03 06:23:35.838: I/libprocessgroup(1146): Successfully killed process cgroup uid 10057 pid 15813 in 51ms
10-03 06:23:35.845: I/ContactLocale(16696): AddressBook Labels [[en_US]]: [, A, B, C, D, E, F, G, H, I, J, K, L, M, N, O, P, Q, R, S, T, U, V, W, X, Y, Z, , , , , , , , , , , , , , , ,  , , , , , , , , , , , , , , , , , , , , , , , , , , , , , , , ,  , , , , , , , , , , , , , , , , , , , , , , , , , , , ,  , , , , , , , , , , , , , , , , , , , , , , , , , , , , , , , , , , , , , , , , , , , , , , , , , , , , , , , , , , , , , , , , , , , , , ,  , , , , , , , , , , , , , , , , , , , , , , , , , , , , , , , , , , , , , , , , , #, ]
10-03 06:23:35.852: D/ContactsDatabaseHelper(16696): WAL enabled for profile.db: false
10-03 06:23:35.853: W/Conscrypt(11968): Could not set socket write timeout: java.net.SocketException: Socket closed
10-03 06:23:35.853: W/Conscrypt(11968): 	at com.google.android.gms.org.conscrypt.Platform.setSocketWriteTimeout(:com.google.android.gms@213017028@21.30.17 (100400-395706864):2)
10-03 06:23:35.853: W/Conscrypt(11968): 	at com.google.android.gms.org.conscrypt.ConscryptFileDescriptorSocket.setSoWriteTimeout(:com.google.android.gms@213017028@21.30.17 (100400-395706864):0)
10-03 06:23:35.858: I/SDM(645): HWCDisplay::GetColorModeCount: Supported color mode count = 5
10-03 06:23:35.858: I/SDM(645): HWCDisplay::GetColorModes: Color mode = 0 is supported
10-03 06:23:35.858: I/SDM(645): HWCDisplay::GetColorModes: Color mode = 7 is supported
10-03 06:23:35.858: I/SDM(645): HWCDisplay::GetColorModes: Color mode = 9 is supported
10-03 06:23:35.858: I/SDM(645): HWCDisplay::GetColorModes: Color mode = 11 is supported
10-03 06:23:35.858: I/SDM(645): HWCDisplay::GetColorModes: Color mode = 12 is supported
10-03 06:23:35.882: W/d.process.acor(16696): Unknown chunk type '200'.
10-03 06:23:35.905: I/awkv(9371): Scheduling Phenotype for a PhenotypeSyncImmediately(13, com.google.android.googlequicksearchbox) one off with window [1, 2] in seconds [CONTEXT service_id=51 ]
10-03 06:23:35.913: E/ExecutionCriteria(9371): Package unavailable for task: com.google.android.apps.gcs/com.google.android.flib.phenotype.services.PhenotypeExperimentCommitService{u=0 tag="PhenotypeExpCommitSvc" trigger=window{start=0s,end=30s,earliest=-1255s,latest=-1225s} requirements=[NET_ANY] attributes=[PERSISTED] scheduled=-1255s last_run=N/A exec_window_multiplier=1.0000 jid=N/A status=PENDING retries=0 client_lib=MANCHEGO_GCM-11732000} [CONTEXT service_id=218 ]
10-03 06:23:35.927: I/EventLogSendingHelper(8309): Sending log events.
10-03 06:23:35.932: I/android.youtub(16578): Waiting for a blocking GC AddRemoveAppImageSpace
10-03 06:23:35.949: I/NetworkScheduler.Stats(9371): Task com.google.android.gms/com.google.android.gms.icing.proxy.IcingInternalCorporaUpdateService started execution. cause:9 exec_start_elapsed_seconds: 1284 [CONTEXT service_id=218 ]
10-03 06:23:35.984: I/cr_VariationsSeedFetch(16652): Fetched first run seed in 441 ms
10-03 06:23:35.994: I/ActivityManager(1146): Killing 15834:com.google.android.apps.multidevice.client/u0a72 (adj 906): empty #17
10-03 06:23:35.994: W/libprocessgroup(1146): kill(-15834, 9) failed: No such process
10-03 06:23:36.017: I/BgTaskExecutorImpl(8309): Starting EXCLUSIVE background task CLEAR_TRAINING_DATA.
10-03 06:23:36.022: W/libprocessgroup(1146): kill(-15834, 9) failed: No such process
10-03 06:23:36.025: I/Zygote(737): Process 15834 exited due to signal (9)
10-03 06:23:36.043: W/GmsTaskScheduler(11968): com.google.android.gms.icing.service.IcingGcmTaskChimeraService is not available. This may cause the task to be lost.
10-03 06:23:36.056: I/NetworkScheduler.Stats(9371): Task com.google.android.gms/com.google.android.gms.icing.proxy.IcingInternalCorporaUpdateService finished executing. cause:9 result: 1 elapsed_millis: 118 uptime_millis: 118 exec_start_elapsed_seconds: 1284 [CONTEXT service_id=218 ]
10-03 06:23:36.063: I/android.youtub(16578): WaitForGcToComplete blocked AddRemoveAppImageSpace on AddRemoveAppImageSpace for 130.598ms
10-03 06:23:36.063: W/libprocessgroup(1146): kill(-15834, 9) failed: No such process
10-03 06:23:36.063: I/libprocessgroup(1146): Successfully killed process cgroup uid 10072 pid 15834 in 69ms
10-03 06:23:36.074: W/SearchServiceCore(8309): Abort, client detached.
10-03 06:23:36.074: I/chatty(8309): uid=10047 com.google.android.googlequicksearchbox:search identical 1 line
10-03 06:23:36.075: W/SearchServiceCore(8309): Abort, client detached.
10-03 06:23:36.078: E/ExecutionCriteria(9371): Package unavailable for task: com.google.android.apps.gcs/com.google.android.flib.phenotype.services.PhenotypeExperimentCommitService{u=0 tag="PhenotypeExpCommitSvc" trigger=window{start=0s,end=30s,earliest=-1255s,latest=-1225s} requirements=[NET_ANY] attributes=[PERSISTED] scheduled=-1255s last_run=N/A exec_window_multiplier=1.0000 jid=N/A status=PENDING retries=0 client_lib=MANCHEGO_GCM-11732000} [CONTEXT service_id=218 ]
10-03 06:23:36.104: I/NetworkScheduler.Stats(9371): Task com.google.android.gms/com.google.android.gms.gcm.gmsproc.GcmInGmsTaskService started execution. cause:5 exec_start_elapsed_seconds: 1284 [CONTEXT service_id=218 ]
10-03 06:23:36.119: I/CrashMetricService(16578): Startup metric for 'PRIMES_CRASH_MONITORING_INITIALIZED' dropped.
10-03 06:23:36.134: D/ConnectivityService(1146): requestNetwork for uid/pid:10007/11968 NetworkRequest [ TRACK_DEFAULT id=51, [ Capabilities: INTERNET&NOT_RESTRICTED&TRUSTED Unwanted:  Uid: 10007] ]
10-03 06:23:36.136: D/Ethernet(1146): got request NetworkRequest [ TRACK_DEFAULT id=51, [ Capabilities: INTERNET&NOT_RESTRICTED&TRUSTED Unwanted:  Uid: 10007] ] with score 60
10-03 06:23:36.136: D/WIFI_AWARE_FACTORY(1146): got request NetworkRequest [ TRACK_DEFAULT id=51, [ Capabilities: INTERNET&NOT_RESTRICTED&TRUSTED Unwanted:  Uid: 10007] ] with score 60
10-03 06:23:36.136: D/WIFI_UT(1146): got request NetworkRequest [ TRACK_DEFAULT id=51, [ Capabilities: INTERNET&NOT_RESTRICTED&TRUSTED Unwanted:  Uid: 10007] ] with score 60
10-03 06:23:36.136: D/WIFI(1146): got request NetworkRequest [ TRACK_DEFAULT id=51, [ Capabilities: INTERNET&NOT_RESTRICTED&TRUSTED Unwanted:  Uid: 10007] ] with score 60
10-03 06:23:36.136: D/PhoneSwitcherNetworkRequstListener(1714): got request NetworkRequest [ TRACK_DEFAULT id=51, [ Capabilities: INTERNET&NOT_RESTRICTED&TRUSTED Unwanted:  Uid: 10007] ] with score 60
10-03 06:23:36.148: I/cr_CronetLibraryLoader(11968): Cronet version: 91.0.4472.164, arch: aarch64
10-03 06:23:36.170: W/Bundle(9371): Key service_connection_start_time_millis expected String but value was a java.lang.Long.  The default value <null> was returned.
10-03 06:23:36.170: W/Bundle(9371): Attempt to cast generated internal exception:
10-03 06:23:36.170: W/Bundle(9371): java.lang.ClassCastException: java.lang.Long cannot be cast to java.lang.String
10-03 06:23:36.170: W/Bundle(9371): 	at android.os.BaseBundle.getString(BaseBundle.java:1158)
10-03 06:23:36.170: W/Bundle(9371): 	at iaz.a(:com.google.android.gms@213017028@21.30.17 (100400-395706864):67)
10-03 06:23:36.170: W/Bundle(9371): 	at ibd.e(:com.google.android.gms@213017028@21.30.17 (100400-395706864):1)
10-03 06:23:36.170: W/Bundle(9371): 	at hzm.l(:com.google.android.gms@213017028@21.30.17 (100400-395706864):108)
10-03 06:23:36.170: W/Bundle(9371): 	at egx.k(:com.google.android.gms@213017028@21.30.17 (100400-395706864):32)
10-03 06:23:36.170: W/Bundle(9371): 	at egx.h(:com.google.android.gms@213017028@21.30.17 (100400-395706864):42)
10-03 06:23:36.170: W/Bundle(9371): 	at egx.ej(:com.google.android.gms@213017028@21.30.17 (100400-395706864):5)
10-03 06:23:36.170: W/Bundle(9371): 	at edq.onTransact(:com.google.android.gms@213017028@21.30.17 (100400-395706864):5)
10-03 06:23:36.170: W/Bundle(9371): 	at android.os.Binder.transact(Binder.java:667)
10-03 06:23:36.170: W/Bundle(9371): 	at ejw.onTransact(:com.google.android.gms@213017028@21.30.17 (100400-395706864):2)
10-03 06:23:36.170: W/Bundle(9371): 	at android.os.Binder.transact(Binder.java:667)
10-03 06:23:36.170: W/Bundle(9371): 	at afaj.onTransact(:com.google.android.gms@213017028@21.30.17 (100400-395706864):17)
10-03 06:23:36.170: W/Bundle(9371): 	at android.os.Binder.execTransact(Binder.java:731)
10-03 06:23:36.170: W/Bundle(9371): Key keyTokenRequestOptionsAuthExtrasBundle expected String but value was a android.os.Bundle.  The default value <null> was returned.
10-03 06:23:36.170: W/Bundle(9371): Attempt to cast generated internal exception:
10-03 06:23:36.170: W/Bundle(9371): java.lang.ClassCastException: android.os.Bundle cannot be cast to java.lang.String
10-03 06:23:36.170: W/Bundle(9371): 	at android.os.BaseBundle.getString(BaseBundle.java:1158)
10-03 06:23:36.170: W/Bundle(9371): 	at iaz.a(:com.google.android.gms@213017028@21.30.17 (100400-395706864):67)
10-03 06:23:36.170: W/Bundle(9371): 	at ibd.e(:com.google.android.gms@213017028@21.30.17 (100400-395706864):1)
10-03 06:23:36.170: W/Bundle(9371): 	at hzm.l(:com.google.android.gms@213017028@21.30.17 (100400-395706864):108)
10-03 06:23:36.170: W/Bundle(9371): 	at egx.k(:com.google.android.gms@213017028@21.30.17 (100400-395706864):32)
10-03 06:23:36.170: W/Bundle(9371): 	at egx.h(:com.google.android.gms@213017028@21.30.17 (100400-395706864):42)
10-03 06:23:36.170: W/Bundle(9371): 	at egx.ej(:com.google.android.gms@213017028@21.30.17 (100400-395706864):5)
10-03 06:23:36.170: W/Bundle(9371): 	at edq.onTransact(:com.google.android.gms@213017028@21.30.17 (100400-395706864):5)
10-03 06:23:36.170: W/Bundle(9371): 	at android.os.Binder.transact(Binder.java:667)
10-03 06:23:36.170: W/Bundle(9371): 	at ejw.onTransact(:com.google.android.gms@213017028@21.30.17 (100400-395706864):2)
10-03 06:23:36.170: W/Bundle(9371): 	at android.os.Binder.transact(Binder.java:667)
10-03 06:23:36.170: W/Bundle(9371): 	at afaj.onTransact(:com.google.android.gms@213017028@21.30.17 (100400-395706864):17)
10-03 06:23:36.170: W/Bundle(9371): 	at android.os.Binder.execTransact(Binder.java:731)
10-03 06:23:36.304: W/android.youtub(16578): Unsupported class loader
10-03 06:23:36.344: W/BroadcastQueue(1146): Background execution not allowed: receiving Intent { act=com.google.android.systemui.OPA_ENABLED flg=0x10000010 (has extras) } to com.google.android.apps.nexuslauncher/.qsb.OPAStatusReceiver
10-03 06:23:36.345: W/android.youtub(16578): Skipping duplicate class check due to unsupported classloader
10-03 06:23:36.347: I/OpaEnabledReceiver(1538): Dispatching OPA eligble = true; AGSA = true; OPA enabled = true
10-03 06:23:36.347: I/OpaLayout(1538): Setting opa enabled to true
10-03 06:23:36.347: I/OpaLayout(1538): Setting opa enabled to true
10-03 06:23:36.350: I/DynamiteModule(16578): Considering local module com.google.android.gms.ads.dynamite:0 and remote module com.google.android.gms.ads.dynamite:212910700
10-03 06:23:36.350: I/DynamiteModule(16578): Selected remote version of com.google.android.gms.ads.dynamite, version >= 212910700
10-03 06:23:36.355: I/OpaEligibilityChecker(8309): send OpaEligibilityChange broadcast to CommonBroadcastReceiver
10-03 06:23:36.368: I/OpaEnabledReceiver(1538): Dispatching OPA eligble = true; AGSA = true; OPA enabled = true
10-03 06:23:36.368: I/OpaLayout(1538): Setting opa enabled to true
10-03 06:23:36.368: I/BlobLobber(8309): Canceling downloads: [odws2_en:us:807_2019-07-21_260300236_release_signed]
10-03 06:23:36.368: I/OpaLayout(1538): Setting opa enabled to true
10-03 06:23:36.368: I/BlobLobber(8309): Failed to cancel [odws2_en:us:807_2019-07-21_260300236_release_signed]
10-03 06:23:36.371: I/BgTaskExecutorImpl(8309): Starting EXCLUSIVE background task BLOBLOBBER_SYNC.
10-03 06:23:36.409: I/ActivityManager(1146): Start proc 16775:android.process.media/u0a8 for content provider com.android.providers.downloads/.DownloadProvider
10-03 06:23:36.414: I/NetworkScheduler.Stats(9371): Task com.google.android.gms/com.google.android.gms.gcm.gmsproc.GcmInGmsTaskService finished executing. cause:5 result: 1 elapsed_millis: 321 uptime_millis: 321 exec_start_elapsed_seconds: 1284 [CONTEXT service_id=218 ]
10-03 06:23:36.422: E/d.process.medi(16775): Not starting debugger since process cannot load the jdwp agent.
10-03 06:23:36.438: E/ExecutionCriteria(9371): Package unavailable for task: com.google.android.apps.gcs/com.google.android.flib.phenotype.services.PhenotypeExperimentCommitService{u=0 tag="PhenotypeExpCommitSvc" trigger=window{start=0s,end=30s,earliest=-1255s,latest=-1225s} requirements=[NET_ANY] attributes=[PERSISTED] scheduled=-1255s last_run=N/A exec_window_multiplier=1.0000 jid=N/A status=PENDING retries=0 client_lib=MANCHEGO_GCM-11732000} [CONTEXT service_id=218 ]
10-03 06:23:36.490: I/Icing(11968): IndexChimeraService.getServiceInterface callingPackage=com.google.android.googlequicksearchbox componentName=agsa_icing_connection serviceId=33
10-03 06:23:36.493: I/d.process.medi(16775): The ClassLoaderContext is a special shared library.
10-03 06:23:36.494: I/Icing(11968): IndexChimeraService.getServiceInterface callingPackage=com.google.android.googlequicksearchbox componentName=agsa_icing_connection serviceId=32
10-03 06:23:36.494: W/android.youtub(16578): Unsupported class loader
10-03 06:23:36.506: I/ActivityManager(1146): Killing 15860:com.google.android.euicc/u0a67 (adj 906): empty #17
10-03 06:23:36.507: W/libprocessgroup(1146): kill(-15860, 9) failed: No such process
10-03 06:23:36.518: W/libprocessgroup(1146): kill(-15860, 9) failed: No such process
10-03 06:23:36.521: I/d.process.medi(16775): The ClassLoaderContext is a special shared library.
10-03 06:23:36.522: I/ActivityManager(1146): Start proc 16791:com.google.android.apps.chromecast.app/u0a149 for broadcast com.google.android.apps.chromecast.app/com.google.android.libraries.notifications.entrypoints.accountchanged.AccountChangedReceiver
10-03 06:23:36.528: W/libprocessgroup(1146): kill(-15860, 9) failed: No such process
10-03 06:23:36.529: E/.chromecast.ap(16791): Not starting debugger since process cannot load the jdwp agent.
10-03 06:23:36.533: W/libprocessgroup(1146): kill(-15860, 9) failed: No such process
10-03 06:23:36.535: W/android.youtub(16578): Skipping duplicate class check due to unsupported classloader
10-03 06:23:36.539: I/Zygote(737): Process 15860 exited due to signal (9)
10-03 06:23:36.554: W/libprocessgroup(1146): kill(-15860, 9) failed: No such process
10-03 06:23:36.554: I/libprocessgroup(1146): Successfully killed process cgroup uid 10067 pid 15860 in 47ms
10-03 06:23:36.572: I/.chromecast.ap(16791): The ClassLoaderContext is a special shared library.
10-03 06:23:36.605: W/.chromecast.ap(16791): JIT profile information will not be recorded: profile file does not exits.
10-03 06:23:36.605: I/chatty(16791): uid=10149(com.google.android.apps.chromecast.app) identical 1 line
10-03 06:23:36.605: W/.chromecast.ap(16791): JIT profile information will not be recorded: profile file does not exits.
10-03 06:23:36.646: W/PrimesInit(16791): Primes instant initialization
10-03 06:23:36.654: W/Primes(16791): background initialization
10-03 06:23:36.666: I/GmsCoreXrpcWrapper(11968): Returning a channel provider with trafficStatsTag=12803 trafficStatsUid=-1
10-03 06:23:36.669: D/DynamitePackage(16578): Instantiated singleton DynamitePackage.
10-03 06:23:36.669: D/DynamitePackage(16578): Instantiating com.google.android.gms.ads.adshield.ChimeraAdShieldCreatorImpl
10-03 06:23:36.689: I/PrimesTesting(16791): GserviceFlagsSupplier.get()
10-03 06:23:36.743: I/cr_CronetUrlRequestContext(11968): destroyNativeStreamLocked org.chromium.net.impl.CronetBidirectionalStream@40d04f2
10-03 06:23:36.770: I/ActivityManager(1146): Killing 7652:com.google.android.apps.messaging:rcs/u0a111 (adj 1001): empty #17
10-03 06:23:36.772: W/libprocessgroup(1146): kill(-7652, 9) failed: No such process
10-03 06:23:36.817: W/libprocessgroup(1146): kill(-7652, 9) failed: No such process
10-03 06:23:36.822: I/FacsCacheGmsModule(9371): Received 'writeDeviceLevelSettings' request from package 'com.google.android.gms'...
10-03 06:23:36.823: I/FacsCacheGmsModule(9371): Operation 'writeDeviceLevelSettings' dispatched!
10-03 06:23:36.823: I/FacsCacheGmsModule(9371): Executing operation 'WriteDeviceLevelSettingsOperation'...
10-03 06:23:36.829: I/FacsCacheGmsModule(9371): Operation 'WriteDeviceLevelSettingsOperation' successful!
10-03 06:23:36.833: W/libprocessgroup(1146): kill(-7652, 9) failed: No such process
10-03 06:23:36.855: D/ConnectivityService(1146): ConnectivityService NetworkRequestInfo binderDied(NetworkRequest [ TRACK_DEFAULT id=26, [ Capabilities: INTERNET&NOT_RESTRICTED&TRUSTED Unwanted:  Uid: 10111] ], android.os.BinderProxy@2f7c4c7)
10-03 06:23:36.856: D/ConnectivityService(1146): releasing NetworkRequest [ TRACK_DEFAULT id=26, [ Capabilities: INTERNET&NOT_RESTRICTED&TRUSTED Unwanted:  Uid: 10111] ] (release request)
10-03 06:23:36.844: W/libprocessgroup(1146): kill(-7652, 9) failed: No such process
10-03 06:23:36.857: I/Zygote(737): Process 7652 exited due to signal (9)
10-03 06:23:36.862: W/libprocessgroup(1146): kill(-7652, 9) failed: No such process
10-03 06:23:36.862: I/libprocessgroup(1146): Successfully killed process cgroup uid 10111 pid 7652 in 90ms
10-03 06:23:36.863: W/ActivityManager(1146): Scheduling restart of crashed service com.google.android.apps.messaging/com.google.android.ims.service.JibeService in 1000ms
10-03 06:23:36.870: D/fpc_hidl(16838): fpc fingerprint hwbinder service starting
10-03 06:23:36.870: D/QSEECOMAPI(16838): QSEECom_get_handle sb_length = 0x80
10-03 06:23:36.870: D/QSEECOMAPI(16838): App is not loaded in QSEE
10-03 06:23:36.870: D/QSEECOMAPI(16838): app_arch = 2, total_files = 9
10-03 06:23:36.926: D/QSEECOMAPI(16838): Loaded image: APP id = 259
10-03 06:23:36.927: W/HomeApp|huv(16791): Can't load devices as there is no network connection! Will retry later.
10-03 06:23:36.930: E/fpc_tac(16838): fpcbuildinfo : 575ddab5b91efea67ee1d200fc813ff2fpc_bio=bd35c3fec78219829149bea6c9ec961e6f655b90C:prodtestlib=4304cf5c884c198624b749af3482befacbd3028eC:fpc_c_core=dc194509594e837dedfb5452aaf06fcb61977135C:fpc_lib=cd5b7b876c3d69afa68a11ac6fd86f873e70817bC:cac=297e11552c60a3607ed664cf44c3e4b36ab2e737C:fpc_bio_interface=94a457caecae31eca8ef04b64c3f82a018e9bbc0C:fpc_sensor=ba909a5500944acafe47a0ef3a49f89509aadfb6C:tools_core=94ddf1e684cfa6c99f0f237f7cc35f3962e0e597C:sensor_settings=4fcf864fb493ae0272a9b2806446b379d99fd8ceC:fingerprint_ta=066bc0ab880960a4a69b74a328c7d7871c72225bC:fingerprint_pal=0deb9a478a3572872639f9cb2559ccc464ee3f9bC:manifests=dcb3d8ab0bdb7a5b341839d8c75bb88fc7f5e1a4C:Manifesttag=SW23.3.0-PDR1.0.5:jenkins@84ffd74dac44:Thu,17May201810:17:08+0200:FPC_SENSOR_TYPE=FPC_SENSOR_TYPE_FPC1270:FPC_CC_TYPE=FPC_COMPANION_CHIP_FPC2050:FPC_C_TYPE=FPC_COATING_NORMAL
10-03 06:23:36.930: E/fpc_tac(16838): fpcbuildtype : build=RELEASE sensor=9
10-03 06:23:36.932: W/EventHub(1146): Unable to disable kernel key repeat for /dev/input/event3: Function not implemented
10-03 06:23:36.932: I/EventHub(1146): wakeMechanism=EPOLLWAKEUP, usingClockIoctl=true
10-03 06:23:36.932: I/EventHub(1146): New device: id=259, fd=301, path='/dev/input/event3', name='uinput-fpc', classes=0x101, configuration='/system/usr/idc/uinput-fpc.idc', keyLayout='/system/usr/keylayout/uinput-fpc.kl', keyCharacterMap='/system/usr/keychars/Generic.kcm', builtinKeyboard=true, 
10-03 06:23:36.932: W/InputReader(1146): Ignoring spurious device added event for deviceId 0.
10-03 06:23:36.957: I/ActivityManager(1146): Start proc 16848:com.google.android.configupdater/u0a29 for service com.google.android.configupdater/.MainJobService
10-03 06:23:36.965: E/d.configupdate(16848): Not starting debugger since process cannot load the jdwp agent.
10-03 06:23:36.968: W/DynamiteModule(16791): Local module descriptor class for providerinstaller not found.
10-03 06:23:36.971: W/ProviderHelper(9371): Unknown dynamite feature providerinstaller
10-03 06:23:36.981: W/ProviderInstaller(16791): Failed to load providerinstaller module: No acceptable module found. Local version is 0 and remote version is 0.
10-03 06:23:36.985: W/.chromecast.ap(16791): Unknown chunk type '200'.
10-03 06:23:36.990: I/d.configupdate(16848): The ClassLoaderContext is a special shared library.
10-03 06:23:36.991: I/d.configupdate(16848): The ClassLoaderContext is a special shared library.
10-03 06:23:37.014: E/Backup(11968): [BackupTransportMigratorChimeraService] Could not migrate transport!
10-03 06:23:37.017: I/Backup(11968): [BackupTransportMigratorChimeraService] Starting migration...
10-03 06:23:37.022: I/.chromecast.ap(16791): The ClassLoaderContext is a special shared library.
10-03 06:23:37.023: I/chatty(16791): uid=10149(com.google.android.apps.chromecast.app) identical 1 line
10-03 06:23:37.025: I/.chromecast.ap(16791): The ClassLoaderContext is a special shared library.
10-03 06:23:37.044: I/.chromecast.ap(16791): Waiting for a blocking GC AddRemoveAppImageSpace
10-03 06:23:37.056: I/.chromecast.ap(16791): WaitForGcToComplete blocked AddRemoveAppImageSpace on AddRemoveAppImageSpace for 12.279ms
10-03 06:23:37.070: V/NativeCrypto(16791): Registering com/google/android/gms/org/conscrypt/NativeCrypto's 294 native methods...
10-03 06:23:37.072: D/DownloadManager(16775): [83] Starting
10-03 06:23:37.079: I/Icing(11968): Usage reports ok 0, Failed Usage reports 0, indexed 0, rejected 0
10-03 06:23:37.131: D/NetworkSecurityConfig(16791): Using Network Security Config from resource network_security_config debugBuild: false
10-03 06:23:37.134: I/ProviderInstaller(16791): Installed default security provider GmsCore_OpenSSL
10-03 06:23:37.138: W/SearchServiceCore(8309): Abort, client detached.
10-03 06:23:37.138: I/chatty(8309): uid=10047 com.google.android.googlequicksearchbox:search identical 1 line
10-03 06:23:37.138: W/SearchServiceCore(8309): Abort, client detached.
10-03 06:23:37.144: I/VelourConfigListener(8309): Received new velour config
10-03 06:23:37.153: W/.chromecast.ap(16791): Unsupported class loader
10-03 06:23:37.155: W/.chromecast.ap(16791): Skipping duplicate class check due to unsupported classloader
10-03 06:23:37.163: I/GmsCoreXrpcWrapper(11968): Returning a channel provider with trafficStatsTag=12803 trafficStatsUid=-1
10-03 06:23:37.199: W/.chromecast.ap(16791): Unsupported class loader
10-03 06:23:37.206: W/.chromecast.ap(16791): Skipping duplicate class check due to unsupported classloader
10-03 06:23:37.236: I/BgTaskExecutorImpl(8309): Starting EXCLUSIVE background task VELOUR_BACKGROUND_MAINTENANCE.
10-03 06:23:37.249: D/NetworkSecurityConfig(16775): Using Network Security Config from resource network_security_config debugBuild: false
10-03 06:23:37.276: W/earchbox:searc(8309): Unsupported class loader
10-03 06:23:37.289: D/NetworkSecurityConfig(16775): Using Network Security Config from resource network_security_config debugBuild: false
10-03 06:23:37.301: I/dex2oat(16846): The ClassLoaderContext is a special shared library.
10-03 06:23:37.303: I/dex2oat(16846): /system/bin/dex2oat --dex-file=/data/user/0/com.google.android.youtube/cache/1624498498047.jar --output-vdex-fd=89 --oat-fd=90 --oat-location=/data/user/0/com.google.android.youtube/cache/oat/arm64/1624498498047.odex --compiler-filter=quicken --class-loader-context=&
10-03 06:23:37.309: D/NetworkSecurityConfig(16775): No Network Security Config specified, using platform default
10-03 06:23:37.312: I/Icing(11968): Usage reports ok 0, Failed Usage reports 0, indexed 0, rejected 0
10-03 06:23:37.324: D/ConnectivityService(1146): requestNetwork for uid/pid:10149/16791 NetworkRequest [ TRACK_DEFAULT id=53, [ Capabilities: INTERNET&NOT_RESTRICTED&TRUSTED Unwanted:  Uid: 10149] ]
10-03 06:23:37.325: D/PhoneSwitcherNetworkRequstListener(1714): got request NetworkRequest [ TRACK_DEFAULT id=53, [ Capabilities: INTERNET&NOT_RESTRICTED&TRUSTED Unwanted:  Uid: 10149] ] with score 60
10-03 06:23:37.325: D/Ethernet(1146): got request NetworkRequest [ TRACK_DEFAULT id=53, [ Capabilities: INTERNET&NOT_RESTRICTED&TRUSTED Unwanted:  Uid: 10149] ] with score 60
10-03 06:23:37.325: D/WIFI_AWARE_FACTORY(1146): got request NetworkRequest [ TRACK_DEFAULT id=53, [ Capabilities: INTERNET&NOT_RESTRICTED&TRUSTED Unwanted:  Uid: 10149] ] with score 60
10-03 06:23:37.325: D/WIFI_UT(1146): got request NetworkRequest [ TRACK_DEFAULT id=53, [ Capabilities: INTERNET&NOT_RESTRICTED&TRUSTED Unwanted:  Uid: 10149] ] with score 60
10-03 06:23:37.326: D/WIFI(1146): got request NetworkRequest [ TRACK_DEFAULT id=53, [ Capabilities: INTERNET&NOT_RESTRICTED&TRUSTED Unwanted:  Uid: 10149] ] with score 60
10-03 06:23:37.333: I/cr_CronetLibraryLoader(16791): Cronet version: 91.0.4472.164, arch: aarch64
10-03 06:23:37.396: W/HomeApp|huv(16791): Can't load devices as there is no network connection! Will retry later.
10-03 06:23:37.449: I/FacsCacheGmsModule(11968): Operation 'SyncActivityControlsSettingsInternalOperation' successful!
10-03 06:23:37.452: I/FacsCacheGmsModule(9371): Operation 'GetActivityControlsSettingsOperation' successful!
10-03 06:23:37.456: I/FacsCacheGmsModule(9371): Received 'getActivityControlsSettings' request from package 'com.google.android.gms', instance id 'gmscoreinmemoryfacscache_nearby_sharing', version '1'...
10-03 06:23:37.456: I/FacsCacheGmsModule(9371): Operation 'getActivityControlsSettings' dispatched!
10-03 06:23:37.463: I/ActivityManager(1146): Killing 7606:com.google.android.ims/u0a25 (adj 906): empty #17
10-03 06:23:37.464: W/libprocessgroup(1146): kill(-7606, 9) failed: No such process
10-03 06:23:37.468: I/FacsCacheGmsModule(9371): Executing operation 'GetActivityControlsSettingsOperation'...
10-03 06:23:37.471: I/NearbySharing(9371): Failed to log test code 11, due to missing upload account name. [CONTEXT service_id=194 ]
10-03 06:23:37.472: I/FacsCacheGmsModule(9371): Operation 'GetActivityControlsSettingsOperation' successful!
10-03 06:23:37.478: W/libprocessgroup(1146): kill(-7606, 9) failed: No such process
10-03 06:23:37.484: W/libprocessgroup(1146): kill(-7606, 9) failed: No such process
10-03 06:23:37.492: D/MusicLifecycle(16160): com.google.android.music.sync.SyncAdapterService generated event: Service destroyed
10-03 06:23:37.494: I/ActivityManager(1146): Killing 15910:com.google.android.partnersetup/u0a49 (adj 906): empty #17
10-03 06:23:37.509: I/ActivityManager(1146): Killing 15934:com.google.intelligence.sense/u0a31 (adj 906): empty #17
10-03 06:23:37.515: I/Zygote(737): Process 15910 exited due to signal (9)
10-03 06:23:37.529: W/libprocessgroup(1146): kill(-7606, 9) failed: No such process
10-03 06:23:37.538: I/roid.music:mai(16160): Waiting for a blocking GC ProfileSaver
10-03 06:23:37.539: I/FontLog(9371): Received query Google Sans, URI content://com.google.android.gms.fonts [CONTEXT service_id=132 ]
10-03 06:23:37.540: I/FontLog(9371): Query [Google Sans] resolved to {Google Sans, wdth 100.0, wght 400, ital 0.0, bestEffort false} [CONTEXT service_id=132 ]
10-03 06:23:37.542: I/FontLog(9371): Font PFD returned from cache for {Google Sans, wdth 100.0, wght 400, ital 0.0, bestEffort false} [CONTEXT service_id=132 ]
10-03 06:23:37.543: I/FontLog(9371): Fetch {Google Sans, wdth 100.0, wght 400, ital 0.0, bestEffort false} end status Status{statusCode=SUCCESS, resolution=null} [CONTEXT service_id=132 ]
10-03 06:23:37.547: D/ConnectivityService(1146): ConnectivityService NetworkRequestInfo binderDied(NetworkRequest [ TRACK_DEFAULT id=25, [ Capabilities: INTERNET&NOT_RESTRICTED&TRUSTED Unwanted:  Uid: 10025] ], android.os.BinderProxy@48be5a2)
10-03 06:23:37.547: D/ConnectivityService(1146): releasing NetworkRequest [ TRACK_DEFAULT id=25, [ Capabilities: INTERNET&NOT_RESTRICTED&TRUSTED Unwanted:  Uid: 10025] ] (release request)
10-03 06:23:37.547: I/Zygote(737): Process 15934 exited due to signal (9)
10-03 06:23:37.547: I/Zygote(737): Process 7606 exited due to signal (9)
10-03 06:23:37.565: I/FontLog(9371): Pulling font file for id = 4, cache size = 4 [CONTEXT service_id=132 ]
10-03 06:23:37.566: W/libprocessgroup(1146): kill(-7606, 9) failed: No such process
10-03 06:23:37.566: I/libprocessgroup(1146): Successfully killed process cgroup uid 10025 pid 7606 in 102ms
10-03 06:23:37.566: W/libprocessgroup(1146): kill(-15910, 9) failed: No such process
10-03 06:23:37.566: I/libprocessgroup(1146): Successfully killed process cgroup uid 10049 pid 15910 in 0ms
10-03 06:23:37.567: W/libprocessgroup(1146): kill(-15934, 9) failed: No such process
10-03 06:23:37.567: I/libprocessgroup(1146): Successfully killed process cgroup uid 10031 pid 15934 in 0ms
10-03 06:23:37.581: I/dex2oat(16846): dex2oat took 282.997ms (72.483ms cpu) (threads: 8) arena alloc=10KB (10920B) java alloc=48KB (49168B) native alloc=904KB (926616B) free=2MB (2219112B)
10-03 06:23:37.597: I/roid.music:mai(16160): Waiting for a blocking GC ProfileSaver
10-03 06:23:37.600: W/SearchServiceCore(8309): Abort, client detached.
10-03 06:23:37.600: I/chatty(8309): uid=10047 com.google.android.googlequicksearchbox:search identical 1 line
10-03 06:23:37.600: W/SearchServiceCore(8309): Abort, client detached.
10-03 06:23:37.600: I/le.android.kee(16174): Waiting for a blocking GC ProfileSaver
10-03 06:23:37.601: I/ogle.android.g(16188): Waiting for a blocking GC ProfileSaver
10-03 06:23:37.601: W/SearchServiceCore(8309): Abort, client detached.
10-03 06:23:37.601: W/SearchServiceCore(8309): Abort, client detached.
10-03 06:23:37.603: I/android.youtub(16578): The ClassLoaderContext is a special shared library.
10-03 06:23:37.653: I/roid.music:mai(16160): WaitForGcToComplete blocked ProfileSaver on HeapTrim for 114.787ms
10-03 06:23:37.654: I/le.android.kee(16174): WaitForGcToComplete blocked ProfileSaver on AddRemoveAppImageSpace for 53.610ms
10-03 06:23:37.665: I/FontLog(9371): Received query Google Sans:500, URI content://com.google.android.gms.fonts [CONTEXT service_id=132 ]
