10-03 06:23:41.265: I/libjingle(17363): [000:340] [17479] (audio_device_template.h:327): SetStereoPlayout
10-03 06:23:41.265: I/libjingle(17363): [000:341] [17479] (audio_device_buffer.cc:216): SetPlayoutChannels(1)
10-03 06:23:41.265: I/libjingle(17363): [000:341] [17479] (audio_device_impl.cc:705): SetRecordingDevice(0)
10-03 06:23:41.265: I/libjingle(17363): [000:341] [17479] (audio_device_template.h:133): SetRecordingDevice
10-03 06:23:41.265: I/libjingle(17363): [000:341] [17479] (audio_device_impl.cc:341): InitMicrophone
10-03 06:23:41.265: I/libjingle(17363): [000:341] [17479] (audio_device_template.h:229): InitMicrophone
10-03 06:23:41.265: I/libjingle(17363): [000:341] [17479] (audio_device_impl.cc:504): StereoRecordingIsAvailable
10-03 06:23:41.265: I/libjingle(17363): [000:341] [17479] (audio_device_template.h:342): StereoRecordingIsAvailable
10-03 06:23:41.265: I/libjingle(17363): [000:341] [17479] (audio_device_impl.cc:511): output: 0
10-03 06:23:41.265: I/libjingle(17363): [000:341] [17479] (audio_device_impl.cc:516): SetStereoRecording(0)
10-03 06:23:41.265: I/libjingle(17363): [000:341] [17479] (audio_device_template.h:171): RecordingIsInitialized
10-03 06:23:41.265: I/libjingle(17363): [000:341] [17479] (audio_device_template.h:348): SetStereoRecording
10-03 06:23:41.265: I/libjingle(17363): [000:341] [17479] (audio_device_buffer.cc:209): SetRecordingChannels(1)
10-03 06:23:41.265: I/libjingle(17363): [000:341] [17479] (audio_processing_impl.cc:441): Capture post processor activated: 0
10-03 06:23:41.265: I/libjingle(17363): Render pre processor activated: 0
10-03 06:23:41.266: I/libjingle(17363): [000:341] [17479] (audio_processing_impl.cc:704): Highpass filter activated: 0
10-03 06:23:41.266: I/libjingle(17363): [000:341] [17479] (audio_processing_impl.cc:717): Gain Controller 2 activated: 0
10-03 06:23:41.266: I/libjingle(17363): [000:341] [17479] (audio_device_impl.cc:818): RegisterAudioCallback
10-03 06:23:41.266: I/libjingle(17363): [000:341] [17479] (audio_device_buffer.cc:83): RegisterAudioCallback
10-03 06:23:41.266: I/libjingle(17363): [000:341] [17479] (webrtcvoiceengine.cc:323): WebRtcVoiceEngine::ApplyOptions: AudioOptions {aec: true, agc: true, ns: true, hf: true, swap: false, audio_jitter_buffer_max_packets: 50, audio_jitter_buffer_fast_accelerate: false, typing: true, experimental_agc: false, extended_filter_aec: false, delay_agnostic_aec: false, experimental_ns: false, intelligibility_enhancer: false, residual_echo_detector: true, }
10-03 06:23:41.266: I/libjingle(17363): [000:342] [17479] (webrtcvoiceengine.cc:401): Disable AGC according to field trial.
10-03 06:23:41.266: I/libjingle(17363): [000:342] [17479] (audio_device_impl.cc:834): BuiltInAECIsAvailable
10-03 06:23:41.266: I/libjingle(17363): [000:342] [17479] (audio_device_template.h:389): BuiltInAECIsAvailable
10-03 06:23:41.266: I/libjingle(17363): [000:342] [17479] (audio_device_impl.cc:837): output: 1
10-03 06:23:41.266: I/libjingle(17363): [000:342] [17479] (audio_device_impl.cc:842): EnableBuiltInAEC(1)
10-03 06:23:41.266: I/libjingle(17363): [000:342] [17479] (audio_device_template.h:395): EnableBuiltInAEC(1)
10-03 06:23:41.266: I/libjingle(17363): [000:342] [17479] (audio_device_template.h:389): BuiltInAECIsAvailable
10-03 06:23:41.266: I/libjingle(17363): [000:342] [17479] (audio_record_jni.cc:215): EnableBuiltInAEC(1)
10-03 06:23:41.266: I/WebRtcAudioRecord(17363): [000:342] [17479] WebRtcAudioRecord: enableBuiltInAEC(true)
10-03 06:23:41.266: I/WebRtcAudioEffects(17363): [000:342] [17479] WebRtcAudioEffects: setAEC(true)
10-03 06:23:41.266: I/WebRtcAudioEffects(17363): [000:342] [17479] WebRtcAudioEffects: canUseAcousticEchoCanceler: true
10-03 06:23:41.266: I/libjingle(17363): [000:342] [17479] (audio_device_impl.cc:845): output: 0
10-03 06:23:41.266: I/libjingle(17363): [000:342] [17479] (webrtcvoiceengine.cc:434): Disabling EC since built-in EC will be used instead
10-03 06:23:41.267: I/libjingle(17363): [000:342] [17479] (apm_helpers.cc:118): Echo control set to 0 with mode 1
10-03 06:23:41.267: I/libjingle(17363): [000:342] [17479] (apm_helpers.cc:139): CNG set to 0
10-03 06:23:41.267: I/libjingle(17363): [000:342] [17479] (audio_device_impl.cc:850): BuiltInAGCIsAvailable
10-03 06:23:41.267: I/libjingle(17363): [000:342] [17479] (audio_device_template.h:405): BuiltInAGCIsAvailable
10-03 06:23:41.267: I/libjingle(17363): [000:342] [17479] (audio_device_impl.cc:853): output: 0
10-03 06:23:41.267: I/libjingle(17363): [000:342] [17479] (apm_helpers.cc:82): AGC set to 0 with mode 2
10-03 06:23:41.267: I/libjingle(17363): [000:342] [17479] (audio_device_impl.cc:866): BuiltInNSIsAvailable
10-03 06:23:41.267: I/libjingle(17363): [000:342] [17479] (audio_device_template.h:421): BuiltInNSIsAvailable
10-03 06:23:41.267: I/libjingle(17363): [000:342] [17479] (audio_device_impl.cc:869): output: 1
10-03 06:23:41.267: I/libjingle(17363): [000:342] [17479] (audio_device_impl.cc:874): EnableBuiltInNS(1)
10-03 06:23:41.267: I/libjingle(17363): [000:342] [17479] (audio_device_template.h:427): EnableBuiltInNS(1)
10-03 06:23:41.267: I/libjingle(17363): [000:342] [17479] (audio_device_template.h:421): BuiltInNSIsAvailable
10-03 06:23:41.267: I/libjingle(17363): [000:342] [17479] (audio_record_jni.cc:227): EnableBuiltInNS(1)
10-03 06:23:41.267: I/WebRtcAudioRecord(17363): [000:342] [17479] WebRtcAudioRecord: enableBuiltInNS(true)
10-03 06:23:41.267: I/WebRtcAudioEffects(17363): [000:343] [17479] WebRtcAudioEffects: setNS(true)
10-03 06:23:41.267: I/WebRtcAudioEffects(17363): [000:343] [17479] WebRtcAudioEffects: canUseNoiseSuppressor: true
10-03 06:23:41.267: I/libjingle(17363): [000:343] [17479] (audio_device_impl.cc:877): output: 0
10-03 06:23:41.267: I/libjingle(17363): [000:343] [17479] (webrtcvoiceengine.cc:498): Disabling NS since built-in NS will be used instead
10-03 06:23:41.267: I/libjingle(17363): [000:343] [17479] (apm_helpers.cc:153): NS set to 0
10-03 06:23:41.267: I/libjingle(17363): [000:343] [17479] (webrtcvoiceengine.cc:506): Stereo swapping enabled? 0
10-03 06:23:41.267: I/libjingle(17363): [000:343] [17479] (webrtcvoiceengine.cc:511): NetEq capacity is 50
10-03 06:23:41.267: I/libjingle(17363): [000:343] [17479] (webrtcvoiceengine.cc:517): NetEq fast mode? 0
10-03 06:23:41.267: I/libjingle(17363): [000:343] [17479] (webrtcvoiceengine.cc:524): Typing detection is enabled? 0
10-03 06:23:41.267: I/libjingle(17363): [000:343] [17479] (apm_helpers.cc:167): VAD set to 0 for typing detection.
10-03 06:23:41.267: I/libjingle(17363): [000:343] [17479] (webrtcvoiceengine.cc:535): Delay agnostic aec is enabled? 0
10-03 06:23:41.267: I/libjingle(17363): [000:343] [17479] (webrtcvoiceengine.cc:545): Extended filter aec is enabled? 0
10-03 06:23:41.267: I/libjingle(17363): [000:343] [17479] (webrtcvoiceengine.cc:555): Experimental ns is enabled? 0
10-03 06:23:41.267: I/libjingle(17363): [000:343] [17479] (webrtcvoiceengine.cc:561): Intelligibility Enhancer is enabled? 0
10-03 06:23:41.267: I/libjingle(17363): [000:343] [17479] (audio_processing_impl.cc:704): Highpass filter activated: 1
10-03 06:23:41.267: I/libjingle(17363): [000:343] [17479] (audio_processing_impl.cc:717): Gain Controller 2 activated: 0
10-03 06:23:41.268: I/libjingle(17363): [000:343] [17480] (messagequeue.cc:535): Message took 124ms to dispatch. Posted from: CreateModularPeerConnectionFactory@third_party/webrtc/files/stable/webrtc/pc/peerconnectionfactory.cc:80
10-03 06:23:41.268: I/libjingle(17363): [000:344] [17423] (ownedfactoryandthreads.cc:31): InvokeJavaCallbacksOnFactoryThreads.
10-03 06:23:41.268: I/libjingle(17363): [000:344] [17478] (peerconnectionfactory.cc:91): Network thread JavaCallback
10-03 06:23:41.269: I/PeerConnectionFactory(17363): [000:344] [17478] PeerConnectionFactory: onNetworkThreadReady
10-03 06:23:41.273: I/libjingle(17363): [000:349] [17479] (peerconnectionfactory.cc:97): Worker thread JavaCallback
10-03 06:23:41.273: I/PeerConnectionFactory(17363): [000:349] [17479] PeerConnectionFactory: onWorkerThreadReady
10-03 06:23:41.273: I/FontLog(9371): Query [Noto Color Emoji Compat] resolved to {Noto Color Emoji Compat, wdth 100.0, wght 400, ital 0.0, bestEffort false} [CONTEXT service_id=132 ]
10-03 06:23:41.274: I/libjingle(17363): [000:349] [17480] (peerconnectionfactory.cc:103): Signaling thread JavaCallback
10-03 06:23:41.274: I/PeerConnectionFactory(17363): [000:350] [17480] PeerConnectionFactory: onSignalingThreadReady
10-03 06:23:41.276: I/FontLog(9371): Fetch {Noto Color Emoji Compat, wdth 100.0, wght 400, ital 0.0, bestEffort false} end status Status{statusCode=SUCCESS, resolution=null} [CONTEXT service_id=132 ]
10-03 06:23:41.279: W/Primes(17440): background initialization
10-03 06:23:41.279: I/WebRtcAudioTrack(17363): [000:354] [17423] WebRtcAudioTrack: Set extended error callback
10-03 06:23:41.279: I/WebRtcAudioRecord(17363): [000:355] [17423] WebRtcAudioRecord: Set error callback
10-03 06:23:41.282: I/GservicesProvider(2486): override update completed
10-03 06:23:41.295: I/awmu(9371): updateFromConfigurations using legacy put method [CONTEXT service_id=204 ]
10-03 06:23:41.310: V/SettingsProvider(1146): Notifying for 0: content://settings/global/text_classifier_constants
10-03 06:23:41.324: I/BugleDataModel(17440): RcsMigrationService: Returning RCS state provider.
10-03 06:23:41.379: I/BugleRcsEngine(17466): [2] oer.b: Initializing Carrier Services Logging.
10-03 06:23:41.379: W/ActivityManager(1146): Background start not allowed: service Intent { cmp=com.google.android.apps.messaging/.shared.datamodel.action.execution.ActionExecutorImpl$EmptyService } to com.google.android.apps.messaging/.shared.datamodel.action.execution.ActionExecutorImpl$EmptyService from pid=17440 uid=10111 pkg=com.google.android.apps.messaging startFg?=false
10-03 06:23:41.381: W/BugleDataModel(17440): ActionExecutorImpl: Action started execution, but we can't guarantee it will complete, the app may be killed. Action: class com.google.android.apps.messaging.shared.datamodel.action.CountryCodeDetectorAction-CountryCodeDetectorAction:1289356003
10-03 06:23:41.381: W/BugleDataModel(17440): java.lang.IllegalStateException: Not allowed to start service Intent { cmp=com.google.android.apps.messaging/.shared.datamodel.action.execution.ActionExecutorImpl$EmptyService }: app is in background uid UidRecord{e0190b1 u0a111 SVC  idle change:uncached procs:2 seq(0,0,0)}
10-03 06:23:41.381: W/BugleDataModel(17440): 	at android.app.ContextImpl.startServiceCommon(ContextImpl.java:1577)
10-03 06:23:41.381: W/BugleDataModel(17440): 	at android.app.ContextImpl.startService(ContextImpl.java:1532)
10-03 06:23:41.381: W/BugleDataModel(17440): 	at android.content.ContextWrapper.startService(ContextWrapper.java:664)
10-03 06:23:41.381: W/BugleDataModel(17440): 	at com.google.android.apps.messaging.shared.datamodel.action.execution.ActionExecutorImpl.a(SourceFile:21)
10-03 06:23:41.381: W/BugleDataModel(17440): 	at com.google.android.apps.messaging.shared.datamodel.action.execution.ActionExecutorImpl.b(SourceFile:18)
10-03 06:23:41.381: W/BugleDataModel(17440): 	at ecp.a(SourceFile:137)
10-03 06:23:41.381: W/BugleDataModel(17440): 	at ecp.a(SourceFile:85)
10-03 06:23:41.381: W/BugleDataModel(17440): 	at eca.b(SourceFile:56)
10-03 06:23:41.381: W/BugleDataModel(17440): 	at eca.a(SourceFile:23)
10-03 06:23:41.381: W/BugleDataModel(17440): 	at com.google.android.apps.messaging.shared.datamodel.action.common.ThrottledAction.h(SourceFile:37)
10-03 06:23:41.381: W/BugleDataModel(17440): 	at dnd.onSubscriptionsChanged(SourceFile:4)
10-03 06:23:41.381: W/BugleDataModel(17440): 	at android.telephony.SubscriptionManager$OnSubscriptionsChangedListener$OnSubscriptionsChangedListenerHandler.handleMessage(SubscriptionManager.java:539)
10-03 06:23:41.381: W/BugleDataModel(17440): 	at android.os.Handler.dispatchMessage(Handler.java:106)
10-03 06:23:41.381: W/BugleDataModel(17440): 	at android.os.Looper.loop(Looper.java:193)
10-03 06:23:41.381: W/BugleDataModel(17440): 	at android.app.ActivityThread.main(ActivityThread.java:6718)
10-03 06:23:41.381: W/BugleDataModel(17440): 	at java.lang.reflect.Method.invoke(Native Method)
10-03 06:23:41.381: W/BugleDataModel(17440): 	at com.android.internal.os.RuntimeInit$MethodAndArgsCaller.run(RuntimeInit.java:493)
10-03 06:23:41.381: W/BugleDataModel(17440): 	at com.android.internal.os.ZygoteInit.main(ZygoteInit.java:858)
10-03 06:23:41.381: I/BugleAction(17440): ActionSchedulerImpl: class com.google.android.apps.messaging.shared.datamodel.action.CountryCodeDetectorAction-CountryCodeDetectorAction:1289356003 deferred since it was started from unsafe context
10-03 06:23:41.382: I/BugleRcsEngine(17440): [927] pot.b: Not using CS JibeService because the CS migration has not completed.
10-03 06:23:41.384: I/TestSupport(11968): GServices override confirmed: gms:phenotype:phenotype_flag:debug_bypass_phenotype=false [CONTEXT service_id=133 ]
10-03 06:23:41.385: I/PrimesTesting(17440): GserviceFlagsSupplier.get()
10-03 06:23:41.389: I/ActivityManager(1146): Killing 16351:com.google.android.apps.photos/u0a104 (adj 906): empty #17
10-03 06:23:41.390: I/FontLog(9371): Pulling font file for id = 7, cache size = 7 [CONTEXT service_id=132 ]
10-03 06:23:41.390: W/libprocessgroup(1146): kill(-16351, 9) failed: No such process
10-03 06:23:41.394: E/ExecutionCriteria(9371): Package unavailable for task: com.google.android.apps.gcs/com.google.android.flib.phenotype.services.PhenotypeExperimentCommitService{u=0 tag="PhenotypeExpCommitSvc" trigger=window{start=0s,end=30s,earliest=-1260s,latest=-1230s} requirements=[NET_ANY] attributes=[PERSISTED] scheduled=-1260s last_run=N/A exec_window_multiplier=1.0000 jid=N/A status=PENDING retries=0 client_lib=MANCHEGO_GCM-11732000} [CONTEXT service_id=218 ]
10-03 06:23:41.402: I/TestSupport(11968): SetFlagOverridesOperation: com.google.android.gms.auth_account, '', [Flag(auth_sig_override_enabled, true, 2, 0)] [CONTEXT service_id=133 ]
10-03 06:23:41.407: W/Bugle(17440): SubscriptionMetadataUtils get: invalid subId = -1
10-03 06:23:41.417: I/awmu(9371): updateFromConfigurations using legacy put method [CONTEXT service_id=204 ]
10-03 06:23:41.418: I/CarrierServices(17363): [2] bxu.e: Carrier Services GServices flags:
10-03 06:23:41.418: I/CarrierServices(17363):    carrier_services_security_flags_ec_api_white_listed_packages: com.google.android.apps.messaging,com.google.android.dialer,com.google.android.ims.client.sampleapp,com.android.contacts,com.lge.rcscall,com.android.incallui,com.huawei.incallui.appfeature.rcsfeature
10-03 06:23:41.418: I/CarrierServices(17363):    carrier_services_security_flags_ec_api_white_listed_signatures: B28C3EDB665DF32686224DF800F603E9959BBE4E,0980A12BE993528C19107BC21AD811478C63CEFC,B38FA7B5ECFAEC44620A020752B07E063B3120A8,203997BC46B8792DC9747ABD230569071F9A0439,EDA6413C3E3A95492114FE07CD953AD897E40D1A,760EBB9F4200B3DFB1B817B40FF0563A3C150D39,5B368CFF2DA2686996BC95EAC190EAA4F5630FE5,01D845B26B688D8EF647205A5944E9407E52E06E,27196E386B875E76ADF700E7EA84E4C6EEE33DFA,1CDD04F1E4A732BB0352FDFAEE26D2315526DF85,025D5212BF3B5F5CDA6117A518721D70A94D84E0
10-03 06:23:41.418: I/CarrierServices(17363):    carrier_services_security_flags_test_service_white_listed_packages: com.google.android.ims.mobly.snippets
10-03 06:23:41.418: I/CarrierServices(17363):    carrier_services_security_flags_test_service_white_listed_signatures: AE41481F52E0F58DF2806D5A38EB3DBCA5AE02B0,E165542B31953CC282AA4EF2F4D5F07F7663A2A2
10-03 06:23:41.418: I/CarrierServices(17363):    carrier_services_security_flags_white_listed_packages: com.google.android.apps.messaging,com.google.android.dialer,com.google.android.ims.client.sampleapp,com.android.contacts,com.lge.rcscall,com.android.incallui,com.huawei.incallui.appfeature.rcsfeature
10-03 06:23:41.418: I/CarrierServices(17363):    carrier_services_security_flags_white_listed_signatures: B28C3EDB665DF32686224DF800F603E9959BBE4E,0980A12BE993528C19107BC21AD811478C63CEFC,B38FA7B5ECFAEC44620A020752B07E063B3120A8,203997BC46B8792DC9747ABD230569071F9A0439,EDA6413C3E3A95492114FE07CD953AD897E40D1A,760EBB9F4200B3DFB1B817B40FF0563A3C150D39,5B368CFF2DA2686996BC95EAC190EAA4F5630FE5,01D845B26B688D8EF647205A5944E9407E52E06E,27196E386B875E76ADF700E7EA84E4C6EEE33DFA,1CDD04F1E4A732BB0352FDFAEE26D2315526DF85,025D5212BF3B5F5CDA6117A518721D70A94D84E0
10-03 06:23:41.418: I/CarrierServices(17363):    carrier_services_video_share_disabled_user_agent_substrings: SM-G930,SM-G935,SM-A320
10-03 06:23:41.418: I/CarrierServices(17363): ====================
10-03 06:23:41.425: W/libprocessgroup(1146): kill(-16351, 9) failed: No such process
10-03 06:23:41.434: W/libprocessgroup(1146): kill(-16351, 9) failed: No such process
10-03 06:23:41.434: I/pre(17466): LogSaver new instance with filename: carrier_services
10-03 06:23:41.436: W/Bugle(17440): SubscriptionMetadataUtils get: invalid subId = -1
10-03 06:23:41.447: I/FontLog(9371): Pulling font file for id = 7, cache size = 7 [CONTEXT service_id=132 ]
10-03 06:23:41.449: W/Bugle(17440): SubscriptionMetadataUtils get: invalid subId = -1
10-03 06:23:41.453: W/ActivityManager(1146): Background start not allowed: service Intent { cmp=com.google.android.apps.messaging/.shared.datamodel.action.execution.ActionExecutorImpl$EmptyService } to com.google.android.apps.messaging/.shared.datamodel.action.execution.ActionExecutorImpl$EmptyService from pid=17440 uid=10111 pkg=com.google.android.apps.messaging startFg?=false
10-03 06:23:41.452: W/Bugle(17440): SubscriptionMetadataUtils get: invalid subId = -1
10-03 06:23:41.455: W/libprocessgroup(1146): kill(-16351, 9) failed: No such process
10-03 06:23:41.456: I/BugleRcsEngine(17440): [911] pot.a: Sim state is not ready. Returning last known operation mode.
10-03 06:23:41.462: W/Bugle(17440): SubscriptionMetadataUtils get: invalid subId = -1
10-03 06:23:41.465: I/BugleRcsEngine(17466): [2] pot.shouldUseCarrierServicesApkForV1Apis: Checking if using CarrierServices.apk is possible. Enabled: true, isAtLeastM: true, runningInsideBugle: true
10-03 06:23:41.467: I/BugleRcsEngine(17466): [2] otj.a: Using CarrierServicesNetworkFactory
10-03 06:23:41.470: W/libprocessgroup(1146): kill(-16351, 9) failed: No such process
10-03 06:23:41.472: I/TestSupport(11968): AwaitCommitOperation: auth_sig_override_enabled [CONTEXT service_id=133 ]
10-03 06:23:41.484: I/TestSupport(11968): AwaitCommitOperation: FlagOverride(com.google.android.gms.auth_account, , Flag(auth_sig_override_enabled, true, 2, 0), false) != FlagOverride(com.google.android.gms.auth_account, , Flag(auth_sig_override_enabled, false, 2, 0), true) [CONTEXT service_id=133 ]
10-03 06:23:41.485: I/TestSupport(11968): AwaitCommitOperation: uncommitted: FlagOverride(com.google.android.gms.auth_account, , Flag(auth_sig_override_enabled, false, 2, 0), true) [CONTEXT service_id=133 ]
10-03 06:23:41.489: I/TestSupport(11968): AwaitCommitOperation:  sleeping for 10 msec. [CONTEXT service_id=133 ]
10-03 06:23:41.494: W/libprocessgroup(1146): kill(-16351, 9) failed: No such process
10-03 06:23:41.520: D/CarrierServices(17363): log_saver already enabled
10-03 06:23:41.520: D/BoundBrokerSvc(11968): onBind: Intent { act=com.google.android.mdd.service.START pkg=com.google.android.gms }
10-03 06:23:41.520: D/BoundBrokerSvc(11968): Loading bound service for intent: Intent { act=com.google.android.mdd.service.START pkg=com.google.android.gms }
10-03 06:23:41.520: I/CarrierServices(17363): [904] awt.doInBackground: Saving RCS State
10-03 06:23:41.520: I/CarrierServices(17363): [904] awt.doInBackground: Old operation mode: 0
10-03 06:23:41.521: I/CarrierServices(17363): [904] awt.doInBackground: New operation mode: 0
10-03 06:23:41.530: W/libprocessgroup(1146): kill(-16351, 9) failed: No such process
10-03 06:23:41.536: D/ConnectivityService(1146): requestNetwork for uid/pid:10111/17466 NetworkRequest [ TRACK_DEFAULT id=61, [ Capabilities: INTERNET&NOT_RESTRICTED&TRUSTED Unwanted:  Uid: 10111] ]
10-03 06:23:41.536: D/Ethernet(1146): got request NetworkRequest [ TRACK_DEFAULT id=61, [ Capabilities: INTERNET&NOT_RESTRICTED&TRUSTED Unwanted:  Uid: 10111] ] with score 60
10-03 06:23:41.536: D/WIFI_AWARE_FACTORY(1146): got request NetworkRequest [ TRACK_DEFAULT id=61, [ Capabilities: INTERNET&NOT_RESTRICTED&TRUSTED Unwanted:  Uid: 10111] ] with score 60
10-03 06:23:41.537: D/WIFI_UT(1146): got request NetworkRequest [ TRACK_DEFAULT id=61, [ Capabilities: INTERNET&NOT_RESTRICTED&TRUSTED Unwanted:  Uid: 10111] ] with score 60
10-03 06:23:41.537: D/WIFI(1146): got request NetworkRequest [ TRACK_DEFAULT id=61, [ Capabilities: INTERNET&NOT_RESTRICTED&TRUSTED Unwanted:  Uid: 10111] ] with score 60
10-03 06:23:41.537: D/PhoneSwitcherNetworkRequstListener(1714): got request NetworkRequest [ TRACK_DEFAULT id=61, [ Capabilities: INTERNET&NOT_RESTRICTED&TRUSTED Unwanted:  Uid: 10111] ] with score 60
10-03 06:23:41.542: I/BugleRcsEngine(17466): [938] ore.d: Connected state: [2], networkType: [WIFI]
10-03 06:23:41.545: I/TestSupport(11968): AwaitCommitOperation: FlagOverride(com.google.android.gms.auth_account, , Flag(auth_sig_override_enabled, true, 2, 0), false) != FlagOverride(com.google.android.gms.auth_account, , Flag(auth_sig_override_enabled, false, 2, 0), true) [CONTEXT service_id=133 ]
10-03 06:23:41.545: I/TestSupport(11968): AwaitCommitOperation: uncommitted: FlagOverride(com.google.android.gms.auth_account, , Flag(auth_sig_override_enabled, false, 2, 0), true) [CONTEXT service_id=133 ]
10-03 06:23:41.546: I/TestSupport(11968): AwaitCommitOperation:  sleeping for 20 msec. [CONTEXT service_id=133 ]
10-03 06:23:41.547: I/Zygote(737): Process 16351 exited due to signal (9)
10-03 06:23:41.548: I/BugleRcsEngine(17466): [938] ore.d: Connected state: [2], networkType: [WIFI]
10-03 06:23:41.552: I/BugleRcsEngine(17440): [927] oer.register: Initializing Carrier Services Library.
10-03 06:23:41.555: I/CarrierServices(17363): [2] aww.a: Unbinding RcsMigrationService
10-03 06:23:41.563: I/BugleRcsEngine(17440): [936] pkj.a: Initializing SimStateTracker
10-03 06:23:41.569: I/BugleRcsEngine(17466): [2] ofm.<init>: RcsEngine: Constructor running in com.google.android.apps.messaging
10-03 06:23:41.570: I/BugleRcsEngine(17466): [2] pcm.a: Destroying ProvisioningEngineComponent
10-03 06:23:41.571: I/BugleRcsEngine(17466): [2] pcm.a: Initialize Provisioning Engine V2
10-03 06:23:41.575: V/BackupManagerConstants(1146): getFullBackupRequiredNetworkType(...) returns 2
10-03 06:23:41.575: V/BackupManagerConstants(1146): getFullBackupRequireCharging(...) returns true
10-03 06:23:41.576: W/libprocessgroup(1146): kill(-16351, 9) failed: No such process
10-03 06:23:41.576: I/libprocessgroup(1146): Successfully killed process cgroup uid 10104 pid 16351 in 186ms
10-03 06:23:41.576: I/CarrierServices(17363): [2] btr.b: onReceive(): intent=Intent { act=android.net.conn.CONNECTIVITY_CHANGE flg=0x4200010 (has extras) }, isDeviceIdleMode=false
10-03 06:23:41.588: I/BugleNetwork(17440): Startup: registering tachyon.
10-03 06:23:41.600: D/BoundBrokerSvc(11968): onBind: Intent { act=com.google.android.mobstore.service.START pkg=com.google.android.gms }
10-03 06:23:41.600: D/BoundBrokerSvc(11968): Loading bound service for intent: Intent { act=com.google.android.mobstore.service.START pkg=com.google.android.gms }
10-03 06:23:41.600: I/BugleRcsEngine(17466): [2] pet.a: Sending ProvisioningEvent to Bugle [Enable PEv2 (17)], null
10-03 06:23:41.606: I/BugleRcsEngine(17466): [2] oli.a: Creating ProvisioningEngineComponent
10-03 06:23:41.609: I/TestSupport(11968): AwaitCommitOperation: FlagOverride(com.google.android.gms.auth_account, , Flag(auth_sig_override_enabled, true, 2, 0), false) != FlagOverride(com.google.android.gms.auth_account, , Flag(auth_sig_override_enabled, false, 2, 0), true) [CONTEXT service_id=133 ]
10-03 06:23:41.615: I/TestSupport(11968): AwaitCommitOperation: uncommitted: FlagOverride(com.google.android.gms.auth_account, , Flag(auth_sig_override_enabled, false, 2, 0), true) [CONTEXT service_id=133 ]
10-03 06:23:41.616: I/TestSupport(11968): AwaitCommitOperation:  sleeping for 40 msec. [CONTEXT service_id=133 ]
10-03 06:23:41.639: I/BugleRcsEngine(17466): [921] pot.b: Not using CS JibeService because the CS migration has not completed.
10-03 06:23:41.641: W/Bugle(17466): SubscriptionMetadataUtils get: invalid subId = -1
10-03 06:23:41.646: W/Bugle(17466): SubscriptionMetadataUtils get: invalid subId = -1
10-03 06:23:41.648: I/.chromecast.ap(16791): Waiting for a blocking GC ProfileSaver
10-03 06:23:41.650: W/Bugle(17466): SubscriptionMetadataUtils get: invalid subId = -1
10-03 06:23:41.652: I/chatty(17466): uid=10111(com.google.android.apps.messaging) StartupThread#1 identical 1 line
10-03 06:23:41.655: W/Bugle(17466): SubscriptionMetadataUtils get: invalid subId = -1
10-03 06:23:41.679: I/BugleRcsEngine(17466): [2] JibeService.b: Ignoring call to disable RCS because PEv2 is enabled
10-03 06:23:41.685: I/BugleRcsEngine(17440): [952] pot.b: Not using CS JibeService because the CS migration has not completed.
10-03 06:23:41.688: I/.chromecast.ap(16791): WaitForGcToComplete blocked ProfileSaver on AddRemoveAppImageSpace for 39.417ms
10-03 06:23:41.692: I/BugleRcsEngine(17466): [943] ProvisioningEngineStateMachine$StateBase.a: Enter EnabledState
10-03 06:23:41.692: I/BugleRcsEngine(17466): [2] pet.a: Sending ProvisioningEvent to Bugle [Request Bugle information (15)], null
10-03 06:23:41.699: I/TestSupport(11968): AwaitCommitOperation: FlagOverride(com.google.android.gms.auth_account, , Flag(auth_sig_override_enabled, true, 2, 0), false) != FlagOverride(com.google.android.gms.auth_account, , Flag(auth_sig_override_enabled, false, 2, 0), true) [CONTEXT service_id=133 ]
10-03 06:23:41.699: I/TestSupport(11968): AwaitCommitOperation: uncommitted: FlagOverride(com.google.android.gms.auth_account, , Flag(auth_sig_override_enabled, false, 2, 0), true) [CONTEXT service_id=133 ]
10-03 06:23:41.700: I/TestSupport(11968): AwaitCommitOperation:  sleeping for 80 msec. [CONTEXT service_id=133 ]
10-03 06:23:41.706: W/BugleRcsEngine(17466): [943] pcp.c: No config URL. RCS will be disabled!
10-03 06:23:41.717: I/Bugle(17440): ApnsOta: OTA version -1
10-03 06:23:41.725: D/BugleRcsEngine(17466): log_saver already enabled
10-03 06:23:41.731: I/FA(17466): App measurement is starting up, version: 16250
10-03 06:23:41.731: I/FA(17466): To enable debug logging run: adb shell setprop log.tag.FA VERBOSE
10-03 06:23:41.731: I/FA(17466): To enable faster debug mode event logging run:
10-03 06:23:41.731: I/FA(17466):   adb shell setprop debug.firebase.analytics.app com.google.android.apps.messaging
10-03 06:23:41.738: I/BugleRcsEngine(17466): [943] pev.a: RcsAvailabilityManager: Calculating Rcs Availability
10-03 06:23:41.747: I/BugleRcsEngine(17466): [944] pot.a: Sim state is not ready. Returning last known operation mode.
10-03 06:23:41.748: E/BugleRcsEngine(17466): [2] JibeService.a: onSimRemoved: not using a test number at the moment
10-03 06:23:41.749: I/BugleRcsEngine(17466): [2] JibeService.a: onSimRemoved: JibePreferences hasSim: [false], rcsEnabled: [false]
10-03 06:23:41.749: I/BugleRcsEngine(17466): [2] JibeService.a: SIM has been removed.
10-03 06:23:41.752: W/BugleRcsEngine(17440): [921] pot.a: Service with meta data key: SignupServiceVersions is not compatible. Service Version 4 is not supported. Supported versions: [1, 2]
10-03 06:23:41.757: I/BugleRcsEngine(17440): [921] pot.b: Not using CS JibeService because the CS migration has not completed.
10-03 06:23:41.762: I/BugleRcsEngine(17466): [943] pdr.a: BatteryOptimizationManager: requestGmscoreUnbind
10-03 06:23:41.775: I/BugleRcsEngine(17466): [944] pot.a: Sim state is not ready. Returning last known operation mode.
10-03 06:23:41.781: I/BugleRcsEngine(17440): [2] txc.connect: Connecting SignupService
10-03 06:23:41.785: I/BugleBackup(17440): Registering preference change listener for "bugle".
10-03 06:23:41.785: I/BugleRcsEngine(17440): [2] pot.b: Not using CS JibeService because the CS migration has not completed.
10-03 06:23:41.785: I/BugleRcsEngine(17440): [2] txc.connect: Binding to JibeService in Bugle. com.google.android.ims.rcsservice.signup.ISignup
10-03 06:23:41.799: W/FA(17466): Failed to retrieve Firebase Instance Id
10-03 06:23:41.799: W/Bugle(17440): SubscriptionMetadataUtils get: invalid subId = -1
10-03 06:23:41.806: I/BugleRcsEngine(17466): [943] pev.a: RcsAvailabilityManager: Updating Rcs Availability to DISABLED_SIM_ABSENT (RCS is disabled due to SIM absent)
10-03 06:23:41.807: W/BugleRcsEngine(17466): [943] pcp.c: No config URL. RCS will be disabled!
10-03 06:23:41.809: I/BugleRcsEngine(17466): [2] pev.a: RcsAvailabilityManager: Calculating Rcs Availability
10-03 06:23:41.810: I/BugleRcsEngine(17466): [2] pet.a: Sending ProvisioningEvent to Bugle [Request Bugle information (15)], null
10-03 06:23:41.814: I/BugleRcsEngine(17466): [943] pet.a: Sending ProvisioningEvent to Bugle [Availability updated (12)], [aQxmkSF8RuZ2gv9Q_9qD9VRmeTc]
10-03 06:23:41.817: I/BugleRcsEngine(17466): [943] pev.a: Sending ProvisioningEvent Internal [Availability updated (12)], [aQxmkSF8RuZ2gv9Q_9qD9VRmeTc]
10-03 06:23:41.821: I/BugleRcsEngine(17466): [943] pet.a: Sending ProvisioningEvent to Bugle [Update provisioning status (11)], [aco8Kp25ZBCgUZalyGUIq1_Tamc]
10-03 06:23:41.823: I/BugleRcsEngine(17466): [943] ProvisioningEngineStateMachine.a: EnabledState: event SIM event
10-03 06:23:41.823: I/BugleRcsEngine(17466): [943] ProvisioningEngineStateMachine$StateBase.a: EnabledState: Transition to disabled
10-03 06:23:41.823: I/BugleRcsEngine(17466): [943] ProvisioningEngineStateMachine$StateBase.c: Exit EnabledState
10-03 06:23:41.830: I/Icing(11968): IndexChimeraService.getServiceInterface callingPackage=com.google.android.apps.messaging componentName=null serviceId=32
10-03 06:23:41.831: I/TestSupport(11968): AwaitCommitOperation: FlagOverride(com.google.android.gms.auth_account, , Flag(auth_sig_override_enabled, true, 2, 0), false) != FlagOverride(com.google.android.gms.auth_account, , Flag(auth_sig_override_enabled, false, 2, 0), true) [CONTEXT service_id=133 ]
10-03 06:23:41.832: I/TestSupport(11968): AwaitCommitOperation: uncommitted: FlagOverride(com.google.android.gms.auth_account, , Flag(auth_sig_override_enabled, false, 2, 0), true) [CONTEXT service_id=133 ]
10-03 06:23:41.832: I/TestSupport(11968): AwaitCommitOperation:  sleeping for 160 msec. [CONTEXT service_id=133 ]
10-03 06:23:41.839: I/BugleRcsEngine(17440): [946] pkj.b: Processing an intent
10-03 06:23:41.847: I/BugleRcsEngine(17466): [918] pkj.b: Processing an intent
10-03 06:23:41.849: I/RcsClientLib(17440): Service com.google.android.rcs.client.signup.SignupService connected. Will notify listeners: true
10-03 06:23:41.859: I/BugleRcsEngine(17440): [946] pkj.handleSimState: SIM state ABSENT
10-03 06:23:41.863: I/BugleRcsEngine(17466): [918] pkj.handleSimState: SIM state ABSENT
10-03 06:23:41.864: I/BugleRcsEngine(17466): [918] pkj.sendBroadcastSimState: Broadcasting Intent { act=com.google.android.ims.SIM_ABSENT }
10-03 06:23:41.865: I/Bugle(17440): CountryCodeDetector: updateMainDeviceCountry from default subscription network country. detected country: us
10-03 06:23:41.870: D/fpc_hidl(17642): fpc fingerprint hwbinder service starting
10-03 06:23:41.870: D/QSEECOMAPI(17642): QSEECom_get_handle sb_length = 0x80
10-03 06:23:41.870: D/QSEECOMAPI(17642): App is not loaded in QSEE
10-03 06:23:41.870: D/QSEECOMAPI(17642): app_arch = 2, total_files = 9
10-03 06:23:41.879: W/BugleRcsEngine(17466): [943] pcp.c: No config URL. RCS will be disabled!
10-03 06:23:41.883: I/Bugle(17440): BugleMddTaskScheduler: Scheduling MDD job, tag: MDD.CHARGING.PERIODIC.TASK, period: 21600
10-03 06:23:41.886: I/BugleRcsEngine(17466): [943] ProvisioningEngineStateMachine$StateBase.a: Enter DisabledState
10-03 06:23:41.890: W/BugleRcsEngine(17466): [943] pcp.c: No config URL. RCS will be disabled!
10-03 06:23:41.893: I/Bugle(17440): BugleMddTaskScheduler: Scheduling MDD job, tag: MDD.MAINTENANCE.PERIODIC.GCM.TASK, period: 86400
10-03 06:23:41.895: I/Bugle(17440): BugleMddTaskScheduler: Scheduling MDD job, tag: MDD.CELLULAR.CHARGING.PERIODIC.TASK, period: 21600
10-03 06:23:41.900: I/BugleRcsEngine(17466): [943] pet.a: Sending ProvisioningEvent to Bugle [Update provisioning status (11)], [pxpqh-Hb57ovsulQtknwWEmsBeY]
10-03 06:23:41.901: I/BugleRcsEngine(17466): [944] pot.a: Sim state is not ready. Returning last known operation mode.
10-03 06:23:41.915: I/BugleRcsEngine(17466): [944] pot.a: Sim state is not ready. Returning last known operation mode.
10-03 06:23:41.920: I/GsaConfigFlagsSyncer(8309): Flags already sync'ed.
10-03 06:23:41.924: I/Bugle(17440): BugleMddTaskScheduler: Scheduling MDD job, tag: MDD.WIFI.CHARGING.PERIODIC.TASK, period: 3600
10-03 06:23:41.924: I/Bugle(17440): BugleMddTaskScheduler: Successfully updated period. tag: MDD.WIFI.CHARGING.PERIODIC.TASK, period: 3600
10-03 06:23:41.924: I/Bugle(17440): BugleMddTaskScheduler: Successfully updated period. tag: MDD.CELLULAR.CHARGING.PERIODIC.TASK, period: 21600
10-03 06:23:41.924: I/Bugle(17440): BugleMddTaskScheduler: Successfully updated period. tag: MDD.MAINTENANCE.PERIODIC.GCM.TASK, period: 86400
10-03 06:23:41.933: D/QSEECOMAPI(17642): Loaded image: APP id = 260
10-03 06:23:41.938: W/EventHub(1146): Unable to disable kernel key repeat for /dev/input/event3: Function not implemented
10-03 06:23:41.938: I/EventHub(1146): wakeMechanism=EPOLLWAKEUP, usingClockIoctl=true
10-03 06:23:41.938: I/EventHub(1146): New device: id=260, fd=336, path='/dev/input/event3', name='uinput-fpc', classes=0x101, configuration='/system/usr/idc/uinput-fpc.idc', keyLayout='/system/usr/keylayout/uinput-fpc.kl', keyCharacterMap='/system/usr/keychars/Generic.kcm', builtinKeyboard=true, 
10-03 06:23:41.938: W/InputReader(1146): Ignoring spurious device added event for deviceId 0.
10-03 06:23:41.939: E/fpc_tac(17642): fpcbuildinfo : 575ddab5b91efea67ee1d200fc813ff2fpc_bio=bd35c3fec78219829149bea6c9ec961e6f655b90C:prodtestlib=4304cf5c884c198624b749af3482befacbd3028eC:fpc_c_core=dc194509594e837dedfb5452aaf06fcb61977135C:fpc_lib=cd5b7b876c3d69afa68a11ac6fd86f873e70817bC:cac=297e11552c60a3607ed664cf44c3e4b36ab2e737C:fpc_bio_interface=94a457caecae31eca8ef04b64c3f82a018e9bbc0C:fpc_sensor=ba909a5500944acafe47a0ef3a49f89509aadfb6C:tools_core=94ddf1e684cfa6c99f0f237f7cc35f3962e0e597C:sensor_settings=4fcf864fb493ae0272a9b2806446b379d99fd8ceC:fingerprint_ta=066bc0ab880960a4a69b74a328c7d7871c72225bC:fingerprint_pal=0deb9a478a3572872639f9cb2559ccc464ee3f9bC:manifests=dcb3d8ab0bdb7a5b341839d8c75bb88fc7f5e1a4C:Manifesttag=SW23.3.0-PDR1.0.5:jenkins@84ffd74dac44:Thu,17May201810:17:08+0200:FPC_SENSOR_TYPE=FPC_SENSOR_TYPE_FPC1270:FPC_CC_TYPE=FPC_COMPANION_CHIP_FPC2050:FPC_C_TYPE=FPC_COATING_NORMAL
10-03 06:23:41.939: E/fpc_tac(17642): fpcbuildtype : build=RELEASE sensor=9
10-03 06:23:41.949: I/BugleRcsEngine(17440): [946] pkj.sendBroadcastSimState: Broadcasting Intent { act=com.google.android.ims.SIM_ABSENT }
10-03 06:23:41.952: I/Bugle(17440): SimChangeReceiver: action: com.google.android.ims.SIM_ABSENT
10-03 06:23:41.953: E/Bugle(17440): P2pConversationSuggestionsConfigUtils: Unknown suggestion type DUO_CALL
10-03 06:23:41.953: W/Bugle(17440): SubscriptionMetadataUtils get: invalid subId = -1
10-03 06:23:41.957: I/BugleRcsEngine(17466): [915] pev.a: RcsAvailabilityManager: Calculating Rcs Availability
10-03 06:23:41.957: W/Bugle(17440): SubscriptionMetadataUtils get: invalid subId = -1
10-03 06:23:41.958: E/Bugle(17440): Get mms config failed: invalid subId. subId=-1, real subId=-1, map={ }
10-03 06:23:41.958: I/BugleBackup(17440): Registering preference change listener for "buglesub_-1".
10-03 06:23:41.966: I/DynamiteModule(16124): Considering local module com.google.android.gms.googlecertificates:6 and remote module com.google.android.gms.googlecertificates:6
10-03 06:23:41.966: I/DynamiteModule(16124): Selected local version of com.google.android.gms.googlecertificates
10-03 06:23:41.972: E/Bugle(17440): java.lang.IllegalArgumentException: No enum constant xpe.DUO_CALL
10-03 06:23:41.972: E/Bugle(17440): 	at java.lang.Enum.valueOf(Enum.java:258)
10-03 06:23:41.972: E/Bugle(17440): 	at xpe.a(SourceFile:2)
10-03 06:23:41.972: E/Bugle(17440): 	at hak.a(SourceFile:353)
10-03 06:23:41.972: E/Bugle(17440): 	at hak.a(SourceFile:294)
10-03 06:23:41.972: E/Bugle(17440): 	at hak.a(SourceFile:313)
10-03 06:23:41.972: E/Bugle(17440): 	at haz.a(SourceFile:18)
10-03 06:23:41.972: E/Bugle(17440): 	at haz.c(SourceFile:31)
10-03 06:23:41.972: E/Bugle(17440): 	at dcn.run(Unknown Source:14)
10-03 06:23:41.972: E/Bugle(17440): 	at java.util.concurrent.Executors$RunnableAdapter.call(Executors.java:458)
10-03 06:23:41.972: E/Bugle(17440): 	at vvt.a(SourceFile:4)
10-03 06:23:41.972: E/Bugle(17440): 	at vuq.run(SourceFile:5)
10-03 06:23:41.972: E/Bugle(17440): 	at vvr.run(SourceFile:9)
10-03 06:23:41.972: E/Bugle(17440): 	at java.util.concurrent.ThreadPoolExecutor.runWorker(ThreadPoolExecutor.java:1167)
10-03 06:23:41.972: E/Bugle(17440): 	at java.util.concurrent.ThreadPoolExecutor$Worker.run(ThreadPoolExecutor.java:641)
10-03 06:23:41.972: E/Bugle(17440): 	at tyn.run(SourceFile:5)
10-03 06:23:41.972: E/Bugle(17440): 	at java.lang.Thread.run(Thread.java:764)
10-03 06:23:41.972: E/Bugle(17440): P2pConversationSuggestionsConfigUtils: Unknown suggestion type DUO_CALL
10-03 06:23:41.973: W/AssistantConfig(17440): appIntegrationDataInBase64 is null
10-03 06:23:41.978: W/Bugle(17440): SubscriptionMetadataUtils get: invalid subId = -1
10-03 06:23:41.978: W/FA(17466): Failed to retrieve Firebase Instance Id
10-03 06:23:41.980: E/Bugle(17440): java.lang.IllegalArgumentException: No enum constant xpe.DUO_CALL
10-03 06:23:41.980: E/Bugle(17440): 	at java.lang.Enum.valueOf(Enum.java:258)
10-03 06:23:41.980: E/Bugle(17440): 	at xpe.a(SourceFile:2)
10-03 06:23:41.980: E/Bugle(17440): 	at hak.a(SourceFile:353)
10-03 06:23:41.980: E/Bugle(17440): 	at hak.a(SourceFile:297)
10-03 06:23:41.980: E/Bugle(17440): 	at hak.a(SourceFile:313)
10-03 06:23:41.980: E/Bugle(17440): 	at haz.a(SourceFile:18)
10-03 06:23:41.980: E/Bugle(17440): 	at haz.c(SourceFile:31)
10-03 06:23:41.980: E/Bugle(17440): 	at dcn.run(Unknown Source:14)
10-03 06:23:41.980: E/Bugle(17440): 	at java.util.concurrent.Executors$RunnableAdapter.call(Executors.java:458)
10-03 06:23:41.980: E/Bugle(17440): 	at vvt.a(SourceFile:4)
10-03 06:23:41.980: E/Bugle(17440): 	at vuq.run(SourceFile:5)
10-03 06:23:41.980: E/Bugle(17440): 	at vvr.run(SourceFile:9)
10-03 06:23:41.980: E/Bugle(17440): 	at java.util.concurrent.ThreadPoolExecutor.runWorker(ThreadPoolExecutor.java:1167)
10-03 06:23:41.980: E/Bugle(17440): 	at java.util.concurrent.ThreadPoolExecutor$Worker.run(ThreadPoolExecutor.java:641)
10-03 06:23:41.980: E/Bugle(17440): 	at tyn.run(SourceFile:5)
10-03 06:23:41.980: E/Bugle(17440): 	at java.lang.Thread.run(Thread.java:764)
10-03 06:23:41.981: E/Bugle(17440): P2pConversationSuggestionsConfigUtils: Unknown suggestion type DUO_CALL
10-03 06:23:41.981: E/Bugle(17440): java.lang.IllegalArgumentException: No enum constant xpe.DUO_CALL
10-03 06:23:41.981: E/Bugle(17440): 	at java.lang.Enum.valueOf(Enum.java:258)
10-03 06:23:41.981: E/Bugle(17440): 	at xpe.a(SourceFile:2)
10-03 06:23:41.981: E/Bugle(17440): 	at hak.a(SourceFile:353)
10-03 06:23:41.981: E/Bugle(17440): 	at hak.a(SourceFile:305)
10-03 06:23:41.981: E/Bugle(17440): 	at hak.a(SourceFile:314)
10-03 06:23:41.981: E/Bugle(17440): 	at haz.a(SourceFile:18)
10-03 06:23:41.981: E/Bugle(17440): 	at haz.c(SourceFile:31)
10-03 06:23:41.981: E/Bugle(17440): 	at dcn.run(Unknown Source:14)
10-03 06:23:41.981: E/Bugle(17440): 	at java.util.concurrent.Executors$RunnableAdapter.call(Executors.java:458)
10-03 06:23:41.981: E/Bugle(17440): 	at vvt.a(SourceFile:4)
10-03 06:23:41.981: E/Bugle(17440): 	at vuq.run(SourceFile:5)
10-03 06:23:41.981: E/Bugle(17440): 	at vvr.run(SourceFile:9)
10-03 06:23:41.981: E/Bugle(17440): 	at java.util.concurrent.ThreadPoolExecutor.runWorker(ThreadPoolExecutor.java:1167)
10-03 06:23:41.981: E/Bugle(17440): 	at java.util.concurrent.ThreadPoolExecutor$Worker.run(ThreadPoolExecutor.java:641)
10-03 06:23:41.981: E/Bugle(17440): 	at tyn.run(SourceFile:5)
10-03 06:23:41.981: E/Bugle(17440): 	at java.lang.Thread.run(Thread.java:764)
10-03 06:23:41.981: E/Bugle(17440): P2pConversationSuggestionsConfigUtils: Unknown suggestion type DUO_CALL
10-03 06:23:41.981: E/Bugle(17440): java.lang.IllegalArgumentException: No enum constant xpe.DUO_CALL
10-03 06:23:41.981: E/Bugle(17440): 	at java.lang.Enum.valueOf(Enum.java:258)
10-03 06:23:41.981: E/Bugle(17440): 	at xpe.a(SourceFile:2)
10-03 06:23:41.981: E/Bugle(17440): 	at hak.a(SourceFile:353)
10-03 06:23:41.981: E/Bugle(17440): 	at hak.a(SourceFile:308)
10-03 06:23:41.981: E/Bugle(17440): 	at hak.a(SourceFile:314)
10-03 06:23:41.981: E/Bugle(17440): 	at haz.a(SourceFile:18)
10-03 06:23:41.981: E/Bugle(17440): 	at haz.c(SourceFile:31)
10-03 06:23:41.981: E/Bugle(17440): 	at dcn.run(Unknown Source:14)
10-03 06:23:41.981: E/Bugle(17440): 	at java.util.concurrent.Executors$RunnableAdapter.call(Executors.java:458)
10-03 06:23:41.981: E/Bugle(17440): 	at vvt.a(SourceFile:4)
10-03 06:23:41.981: E/Bugle(17440): 	at vuq.run(SourceFile:5)
10-03 06:23:41.981: E/Bugle(17440): 	at vvr.run(SourceFile:9)
10-03 06:23:41.981: E/Bugle(17440): 	at java.util.concurrent.ThreadPoolExecutor.runWorker(ThreadPoolExecutor.java:1167)
10-03 06:23:41.981: E/Bugle(17440): 	at java.util.concurrent.ThreadPoolExecutor$Worker.run(ThreadPoolExecutor.java:641)
10-03 06:23:41.981: E/Bugle(17440): 	at tyn.run(SourceFile:5)
10-03 06:23:41.981: E/Bugle(17440): 	at java.lang.Thread.run(Thread.java:764)
10-03 06:23:41.983: W/Bugle(17440): SubscriptionMetadataUtils get: invalid subId = -1
10-03 06:23:41.990: I/chatty(17440): uid=10111(com.google.android.apps.messaging) identical 2 lines
10-03 06:23:41.992: W/Bugle(17440): SubscriptionMetadataUtils get: invalid subId = -1
10-03 06:23:42.011: E/Bugle(17440): AssistantIntegrationStartupTask: Error getting assistant availability.
10-03 06:23:42.011: E/Bugle(17440): java.lang.IllegalStateException: Failed to query to AGSA.
10-03 06:23:42.011: E/Bugle(17440): 	at pxf.onPostExecute(SourceFile:5)
10-03 06:23:42.011: E/Bugle(17440): 	at android.os.AsyncTask.finish(AsyncTask.java:695)
10-03 06:23:42.011: E/Bugle(17440): 	at android.os.AsyncTask.access$600(AsyncTask.java:180)
10-03 06:23:42.011: E/Bugle(17440): 	at android.os.AsyncTask$InternalHandler.handleMessage(AsyncTask.java:712)
10-03 06:23:42.011: E/Bugle(17440): 	at android.os.Handler.dispatchMessage(Handler.java:106)
10-03 06:23:42.011: E/Bugle(17440): 	at android.os.Looper.loop(Looper.java:193)
10-03 06:23:42.011: E/Bugle(17440): 	at android.app.ActivityThread.main(ActivityThread.java:6718)
10-03 06:23:42.011: E/Bugle(17440): 	at java.lang.reflect.Method.invoke(Native Method)
10-03 06:23:42.011: E/Bugle(17440): 	at com.android.internal.os.RuntimeInit$MethodAndArgsCaller.run(RuntimeInit.java:493)
10-03 06:23:42.011: E/Bugle(17440): 	at com.android.internal.os.ZygoteInit.main(ZygoteInit.java:858)
10-03 06:23:42.017: D/NetworkSecurityConfig(17440): No Network Security Config specified, using platform default
10-03 06:23:42.056: W/Bugle(17440): ChatContentDecoratorGrpc: Instance created but no relevant features are enabled
10-03 06:23:42.065: I/GmsCoreXrpcWrapper(11968): Returning a channel provider with trafficStatsTag=12803 trafficStatsUid=-1
10-03 06:23:42.075: I/.gms.persisten(9371): Background concurrent copying GC freed 216103(11MB) AllocSpace objects, 61(2MB) LOS objects, 50% free, 14MB/28MB, paused 73us total 256.674ms
10-03 06:23:42.100: I/TestSupport(11968): AwaitCommitOperation: FlagOverride(com.google.android.gms.auth_account, , Flag(auth_sig_override_enabled, true, 2, 0), false) != FlagOverride(com.google.android.gms.auth_account, , Flag(auth_sig_override_enabled, false, 2, 0), true) [CONTEXT service_id=133 ]
10-03 06:23:42.100: I/TestSupport(11968): AwaitCommitOperation: uncommitted: FlagOverride(com.google.android.gms.auth_account, , Flag(auth_sig_override_enabled, false, 2, 0), true) [CONTEXT service_id=133 ]
10-03 06:23:42.101: I/TestSupport(11968): AwaitCommitOperation:  sleeping for 320 msec. [CONTEXT service_id=133 ]
10-03 06:23:42.101: E/Backup(11968): [BackupTransportMigratorChimeraService] Could not migrate transport!
10-03 06:23:42.114: I/Backup(11968): [BackupTransportMigratorChimeraService] Starting migration...
10-03 06:23:42.153: W/Bugle(17440): SubscriptionMetadataUtils get: invalid subId = -1
10-03 06:23:42.172: I/Icing(11968): Usage reports ok 0, Failed Usage reports 0, indexed 0, rejected 0
10-03 06:23:42.197: I/FA(17440): App measurement is starting up, version: 16250
10-03 06:23:42.197: I/FA(17440): To enable debug logging run: adb shell setprop log.tag.FA VERBOSE
10-03 06:23:42.197: I/FA(17440): To enable faster debug mode event logging run:
10-03 06:23:42.197: I/FA(17440):   adb shell setprop debug.firebase.analytics.app com.google.android.apps.messaging
10-03 06:23:42.241: I/BugleRcsEngine(17440): [969] pot.b: Not using CS JibeService because the CS migration has not completed.
10-03 06:23:42.282: I/BugleRcs(17440): RcsAvailabilityUtilForProvisioningEngineV2: Get Updated RcsAvailability, RcsAvailability: DISABLED_SIM_ABSENT, SimId: Redacted-0
10-03 06:23:42.376: I/Bugle(17440): BuglePhenotypeBroadcastReceiver.onReceive for package: com.google.android.apps.messaging
10-03 06:23:42.385: I/Bugle(17440): BuglePhenotypeBroadcastReceiver.onReceive for package: com.google.android.ims.library
10-03 06:23:42.390: D/GH.AutoPhenotypeFlags(2405): Refreshing flag-values from Phenotype
10-03 06:23:42.423: I/ActivityManager(1146): Start proc 17662:com.google.intelligence.sense/u0a31 for broadcast com.google.intelligence.sense/.ambientmusic.SystemBroadcastReceiver
10-03 06:23:42.437: E/elligence.sens(17662): Not starting debugger since process cannot load the jdwp agent.
10-03 06:23:42.454: D/GH.PhenotypeCommitter(2405): Committed Phenotype flags successfully!
10-03 06:23:42.454: I/BugleRcsEngine(17440): [958] pot.b: Not using CS JibeService because the CS migration has not completed.
10-03 06:23:42.457: I/elligence.sens(17662): The ClassLoaderContext is a special shared library.
10-03 06:23:42.461: D/CAR.CLIENT(2405): connect
10-03 06:23:42.472: W/native(17662): commandlineflags.cc:1511 Ignoring RegisterValidateFunction() for flag pointer 0x7574628598: no flag found at that address
10-03 06:23:42.474: I/ActivityManager(1146): Start proc 17677:com.google.android.gms:car/u0a7 for service com.google.android.gms/.car.CarService
10-03 06:23:42.477: E/android.gms:ca(17677): Not starting debugger since process cannot load the jdwp agent.
10-03 06:23:42.481: D/GH.CarApiClientManager(2405): registered listener cqq@7b49e0a
10-03 06:23:42.482: D/GH.CarApiClientManager(2405): start
10-03 06:23:42.482: I/GH.SharedService(2405): Shared Service created
10-03 06:23:42.483: D/CAR.CLIENT(2405): connect
10-03 06:23:42.485: D/GH.NotifListenCNameMgr(2405): No set listener, returning default: com.google.android.gearhead.notifications.SharedNotificationListenerManager$ListenerService
10-03 06:23:42.485: D/GH.SharedNotifications(2405): Current notification listener: com.google.android.gearhead.notifications.SharedNotificationListenerManager$ListenerService
10-03 06:23:42.485: D/GH.NotifListenCNameMgr(2405): No set listener, returning default: com.google.android.gearhead.notifications.SharedNotificationListenerManager$ListenerService
10-03 06:23:42.493: I/AiAi-AllApps(16439): Phenotype flags commit succeeded.
10-03 06:23:42.497: I/TestSupport(11968): AwaitCommitOperation: FlagOverride(com.google.android.gms.auth_account, , Flag(auth_sig_override_enabled, true, 2, 0), true) committed [CONTEXT service_id=133 ]
10-03 06:23:42.497: I/TestSupport(11968): AwaitCommitOperation: no more uncommitted overrides [CONTEXT service_id=133 ]
10-03 06:23:42.501: I/android.gms:ca(17677): The ClassLoaderContext is a special shared library.
10-03 06:23:42.501: I/chatty(17677): uid=10007 com.google.android.gms:car identical 1 line
10-03 06:23:42.502: I/android.gms:ca(17677): The ClassLoaderContext is a special shared library.
10-03 06:23:42.502: I/BugleRcsEngine(17440): [948] pot.b: Not using CS JibeService because the CS migration has not completed.
10-03 06:23:42.507: D/BoundBrokerSvc(11968): onUnbind: Intent { act=com.google.android.gms.ocr.service.internal.START cmp=com.google.android.gms/.chimera.GmsInternalApiService }
10-03 06:23:42.516: E/elligence.sens(17662): The String#value field is not present on Android versions >= 6.0
10-03 06:23:42.517: W/android.gms:ca(17677): Unknown chunk type '200'.
10-03 06:23:42.555: E/AiAi-AllApps(16439): Failed to register token
10-03 06:23:42.555: E/AiAi-AllApps(16439): java.io.IOException: MAIN_THREAD
10-03 06:23:42.555: E/AiAi-AllApps(16439): 	at buu.a(PG:6)
10-03 06:23:42.555: E/AiAi-AllApps(16439): 	at us.b(PG:1)
10-03 06:23:42.555: E/AiAi-AllApps(16439): 	at rr.a(PG:4)
10-03 06:23:42.555: E/AiAi-AllApps(16439): 	at rx.a(PG:10)
10-03 06:23:42.555: E/AiAi-AllApps(16439): 	at vo.c(Unknown Source:8)
10-03 06:23:42.555: E/AiAi-AllApps(16439): 	at vo.a(PG:1)
10-03 06:23:42.555: E/AiAi-AllApps(16439): 	at uf.a(Unknown Source:8)
10-03 06:23:42.555: E/AiAi-AllApps(16439): 	at brr.a(Unknown Source:2)
10-03 06:23:42.555: E/AiAi-AllApps(16439): 	at bta.run(PG:7)
10-03 06:23:42.555: E/AiAi-AllApps(16439): 	at android.os.Handler.handleCallback(Handler.java:873)
10-03 06:23:42.555: E/AiAi-AllApps(16439): 	at android.os.Handler.dispatchMessage(Handler.java:99)
10-03 06:23:42.555: E/AiAi-AllApps(16439): 	at android.os.Looper.loop(Looper.java:193)
10-03 06:23:42.555: E/AiAi-AllApps(16439): 	at android.app.ActivityThread.main(ActivityThread.java:6718)
10-03 06:23:42.555: E/AiAi-AllApps(16439): 	at java.lang.reflect.Method.invoke(Native Method)
