10-03 06:23:27.775: I/DynamiteModule(11968): Considering local module com.google.android.gms.vision.ocr:0 and remote module com.google.android.gms.vision.ocr:0
10-03 06:23:27.775: E/Vision(11968): Error loading optional module com.google.android.gms.vision.ocr: m.bju: No acceptable module found. Local version is 0 and remote version is 0.
10-03 06:23:27.776: I/OcrModelUpStIntentOp(11968): Downloading text recognizer
10-03 06:23:27.781: I/GCoreUlr(9371): WorldUpdater received intent Intent { act=com.google.android.location.reporting.ACTION_UPDATE_WORLD cmp=com.google.android.gms/com.google.android.location.reporting.service.DispatchingService (has extras) } with receiverAction com.google.gservices.intent.action.GSERVICES_CHANGED [CONTEXT service_id=22 ]
10-03 06:23:27.781: V/BackupManagerConstants(1146): getFullBackupRequiredNetworkType(...) returns 2
10-03 06:23:27.781: V/BackupManagerConstants(1146): getFullBackupRequireCharging(...) returns true
10-03 06:23:27.782: I/GmsModuleFndr(11968): Beginning GMS chimera module scan
10-03 06:23:27.784: W/NetworkScheduler(9371): The extras of the task is not valid to be persisted so that the task is not persisted [CONTEXT service_id=218 ]
10-03 06:23:27.784: W/NetworkScheduler(9371): java.lang.IllegalArgumentException: Only the following extra parameter types are supported: Integer, Long, Double, String, Boolean, and nested Bundles with the same restrictions.
10-03 06:23:27.784: W/NetworkScheduler(9371): 	at akix.f(:com.google.android.gms@213017028@21.30.17 (100400-395706864):6)
10-03 06:23:27.784: W/NetworkScheduler(9371): 	at ayya.g(:com.google.android.gms@213017028@21.30.17 (100400-395706864):37)
10-03 06:23:27.784: W/NetworkScheduler(9371): 	at aywv.n(:com.google.android.gms@213017028@21.30.17 (100400-395706864):3)
10-03 06:23:27.784: W/NetworkScheduler(9371): 	at aywv.u(:com.google.android.gms@213017028@21.30.17 (100400-395706864):20)
10-03 06:23:27.784: W/NetworkScheduler(9371): 	at aywv.h(:com.google.android.gms@213017028@21.30.17 (100400-395706864):3)
10-03 06:23:27.784: W/NetworkScheduler(9371): 	at aysw.run(:com.google.android.gms@213017028@21.30.17 (100400-395706864):9)
10-03 06:23:27.784: W/NetworkScheduler(9371): 	at wpz.c(:com.google.android.gms@213017028@21.30.17 (100400-395706864):6)
10-03 06:23:27.784: W/NetworkScheduler(9371): 	at wpz.run(:com.google.android.gms@213017028@21.30.17 (100400-395706864):7)
10-03 06:23:27.784: W/NetworkScheduler(9371): 	at java.util.concurrent.ThreadPoolExecutor.runWorker(ThreadPoolExecutor.java:1167)
10-03 06:23:27.784: W/NetworkScheduler(9371): 	at java.util.concurrent.ThreadPoolExecutor$Worker.run(ThreadPoolExecutor.java:641)
10-03 06:23:27.784: W/NetworkScheduler(9371): 	at wvx.run(:com.google.android.gms@213017028@21.30.17 (100400-395706864):0)
10-03 06:23:27.784: W/NetworkScheduler(9371): 	at java.lang.Thread.run(Thread.java:764)
10-03 06:23:27.787: I/GCoreUlr(9371): WorldUpdater:com.google.gservices.intent.action.GSERVICES_CHANGED: Ensuring that reporting is stopped because of reasons: (no Google accounts) [CONTEXT service_id=22 ]
10-03 06:23:27.790: I/GCoreUlr(9371): Unbound from all signal providers. [CONTEXT service_id=22 ]
10-03 06:23:27.791: I/RecoverableKeyStoreMgr(1146): The cert file serial number is the same, so skip updating.
10-03 06:23:27.791: I/RecoverableKeyStoreGms(11968): [EnrollmentManager] Recovery service is initialized.
10-03 06:23:27.792: I/ModuleSetMgr(11968): Computing pending module set with APKs: [[AdsFdrDynamite.integ:212910700100000], [Enpromo.integ:212802000100000], [Payments.integ:213380802100400], [PaymentsDynamite.integ:213380802100400], [AdsFdrDynamite.integ:212104400100000], [Cronetdynamite:213017100400], [Dynamiteloader:213017100000], [Dynamitemodulesa:213017100000], [Dynamitemodulesc:213017100000], [Googlecertificates:213017100000], [Mapsdynamite:213017100000], [Measurementdynamite:213017100000]]
10-03 06:23:27.793: I/RecoverySnapshotLstnrs(1146): Registered listener for agent with uid 10007
10-03 06:23:27.800: I/SoundTriggerModelLoader(15934): Unloading model 9f6ad62a-1f0b-11e7-87c5-40a8f03d3f15
10-03 06:23:27.800: I/SoundTriggerManagerComp(15934): Unloading model 9f6ad62a-1f0b-11e7-87c5-40a8f03d3f15
10-03 06:23:27.800: I/GCoreUlr(9371): Unbound from all signal providers. [CONTEXT service_id=22 ]
10-03 06:23:27.800: I/GCoreUlr(9371): Stopping handler for UlrDispSvcFast [CONTEXT service_id=22 ]
10-03 06:23:27.801: I/SoundTriggerService(1146): deleteSoundModel(): id = 9f6ad62a-1f0b-11e7-87c5-40a8f03d3f15
10-03 06:23:27.801: I/ModuleSetMgr(11968): Pending container module APKs: []
10-03 06:23:27.801: W/SoundTriggerHelper(1146): Unload error: Attempting unload invalid generic model with id:9f6ad62a-1f0b-11e7-87c5-40a8f03d3f15
10-03 06:23:27.801: I/ModuleSetMgr(11968): Pending non-container module APKs: [[Enpromo.integ:212802000100000], [AdsFdrDynamite.integ:212910700100000], [Payments.integ:213380802100400], [PaymentsDynamite.integ:213380802100400]]
10-03 06:23:27.805: I/SettingsActivityAvailab(15834): Disabling com.google.android.apps.multidevice.client.ui.pixel.SettingsActivity.
10-03 06:23:27.807: D/GservicesChangeReceiver(3892): Gservices Changed broadcast Received. context is android.app.ReceiverRestrictedContext@389fe42
10-03 06:23:27.807: E/GooglePlayServicesUtil(15813): The Google Play services resources were not found. Check your project configuration to ensure that the resources are included.
10-03 06:23:27.807: D/GservicesChangeReceiver(3892): Gservices allowPowerAnomalyData is False.
10-03 06:23:27.809: W/PackageParser(11968): Unknown element under <manifest>: queries at /data/user_de/0/com.google.android.gms/app_chimera/m/00000007/AdsDynamite.apk Binary XML file line #5
10-03 06:23:27.809: D/ConnectivityMonitorManager(3892): Service com.google.android.connectivitymonitor.PowerAnomalyDetectorService is not running...
10-03 06:23:27.815: D/GservicesChangeReceiver(3892): Gservices allowLowPowerMonitoring is False.
10-03 06:23:27.816: D/ConnectivityMonitorManager(3892): Service com.google.android.connectivitymonitor.LowPowerMonitorService is not running...
10-03 06:23:27.819: D/GservicesChangeReceiver(3892): Gservices isConnectivityMonitorEnabled is True.
10-03 06:23:27.820: D/ConnectivityMonitorManager(3892): Service com.google.android.connectivitymonitor.ConnectivityMonitorService is running...
10-03 06:23:27.822: W/PackageParser(11968): Unknown element under <manifest>: queries at /data/user_de/0/com.google.android.gms/app_chimera/m/00000010/dl-AdsFdrDynamite.integ_212910700100000.apk Binary XML file line #11
10-03 06:23:27.824: I/EuiccGoogle(15860): [2] GservicesChangedReceiver.onReceive: Setting EUICC_SUPPORTED_COUNTRIES to de,gb,in,us
10-03 06:23:27.827: W/PackageParser(11968): Unknown element under <manifest>: queries at /data/user_de/0/com.google.android.gms/app_chimera/m/00000012/dl-Payments.integ_213380802100400.apk Binary XML file line #11
10-03 06:23:27.829: D/ConnMetrics:App(15813): IsOptedIn = false
10-03 06:23:27.830: I/Backup(11968): [GmsBackupStatusChangeReceiver] Going to enable gms backup transport.
10-03 06:23:27.831: I/GmsModuleFndr(11968): Beginning GMS chimera module scan
10-03 06:23:27.842: I/Herrevad(9371): [866] ahde.a: updateListenState
10-03 06:23:27.844: I/BgTaskExecutorImpl(8309): Starting NONEXCLUSIVE background task UPDATE_GSERVICES_CONFIG.
10-03 06:23:27.845: I/NetRec(9371): [868] atfq.a: onConfigChanged()
10-03 06:23:27.846: I/Auth(9371): [AuthManaged, PasswordComplexityHelperImpl] Updating password complexity components state.
10-03 06:23:27.846: I/Auth(9371): [AuthManaged, PasswordComplexityHelperImpl] Enabling com.google.android.gms.auth.managed.ui.SetNewPasswordActivity
10-03 06:23:27.846: I/ModuleSetMgr(11968): Computing pending module set with APKs: [[AdsFdrDynamite.integ:212910700100000], [Enpromo.integ:212802000100000], [Payments.integ:213380802100400], [PaymentsDynamite.integ:213380802100400], [AdsFdrDynamite.integ:212104400100000], [Cronetdynamite:213017100400], [Dynamiteloader:213017100000], [Dynamitemodulesa:213017100000], [Dynamitemodulesc:213017100000], [Googlecertificates:213017100000], [Mapsdynamite:213017100000], [Measurementdynamite:213017100000]]
10-03 06:23:27.850: W/SearchServiceCore(8309): Abort, client detached.
10-03 06:23:27.852: I/GservicesUpdateTask(8309): Updating Gservices keys
10-03 06:23:27.858: I/ModuleSetMgr(11968): Pending container module APKs: []
10-03 06:23:27.858: I/ModuleSetMgr(11968): Pending non-container module APKs: [[Enpromo.integ:212802000100000], [AdsFdrDynamite.integ:212910700100000], [Payments.integ:213380802100400], [PaymentsDynamite.integ:213380802100400]]
10-03 06:23:27.864: W/PackageParser(11968): Unknown element under <manifest>: queries at /data/user_de/0/com.google.android.gms/app_chimera/m/00000007/AdsDynamite.apk Binary XML file line #5
10-03 06:23:27.866: I/GCoreUlr(9371): DispatchingService ignoring Intent { act=android.net.wifi.WIFI_STATE_CHANGED flg=0x4000010 (has extras) } because ULR inactive [CONTEXT service_id=22 ]
10-03 06:23:27.872: I/GCoreUlr(9371): WorldUpdater received intent Intent { act=com.google.android.location.reporting.ACTION_UPDATE_WORLD cmp=com.google.android.gms/com.google.android.location.reporting.service.DispatchingService (has extras) } with receiverAction com.google.gservices.intent.action.GSERVICES_CHANGED [CONTEXT service_id=22 ]
10-03 06:23:27.876: I/GCoreUlr(9371): WorldUpdater:com.google.gservices.intent.action.GSERVICES_CHANGED: Ensuring that reporting is stopped because of reasons: (no Google accounts) [CONTEXT service_id=22 ]
10-03 06:23:27.878: I/GCoreUlr(9371): Unbound from all signal providers. [CONTEXT service_id=22 ]
10-03 06:23:27.888: W/PackageParser(11968): Unknown element under <manifest>: queries at /data/user_de/0/com.google.android.gms/app_chimera/m/00000010/dl-AdsFdrDynamite.integ_212910700100000.apk Binary XML file line #11
10-03 06:23:27.890: I/GCoreUlr(9371): Unbound from all signal providers. [CONTEXT service_id=22 ]
10-03 06:23:27.891: I/GCoreUlr(9371): Stopping handler for UlrDispSvcFast [CONTEXT service_id=22 ]
10-03 06:23:27.894: W/PackageParser(11968): Unknown element under <manifest>: queries at /data/user_de/0/com.google.android.gms/app_chimera/m/00000012/dl-Payments.integ_213380802100400.apk Binary XML file line #11
10-03 06:23:27.901: I/RecoverableKeyStoreGms(11968): [RecoverableKeyStoreGmsInitOperation] Initializing auth_folsom
10-03 06:23:27.902: I/ChromeSync(11968): [Sync,SyncIntentOperation] Handling the intent: Intent { act=com.google.gservices.intent.action.GSERVICES_CHANGED flg=0x1000010 pkg=com.google.android.gms cmp=com.google.android.gms/.chimera.GmsIntentOperationService$PersistentInternalReceiver }.
10-03 06:23:27.903: I/RecoverableKeyStoreGms(11968): [RecoverableKeyStoreGmsInitOperation] com.google.android.gms.auth.folsom.service.FolsomPublicKeyUpdateService is already enabled. Ignore.
10-03 06:23:27.903: I/RecoverableKeyStoreGms(11968): [RecoverableKeyStoreGmsInitOperation] com.google.android.gms.auth.folsom.service.GcmReceiverService is already enabled. Ignore.
10-03 06:23:27.907: V/RecoverableKeyStoreMgr(1146): Not updating secret types - same as old value.
10-03 06:23:27.907: I/RecoverableKeyStoreGms(11968): [RecoverableKeyStoreGmsInitOperation] Setting vault handle
10-03 06:23:27.907: I/MS_Utils(11968): version of com.google.android.apps.maps = 1022101040
10-03 06:23:27.907: I/MobileDataHub(11968): Scheduling periodic tasks
10-03 06:23:27.908: V/RecoverableKeyStoreMgr(1146): Not updating server params - same as old value.
10-03 06:23:27.908: I/MdiSyncModule(11968): flag handling is skipping irrelevant intent.
10-03 06:23:27.909: W/MobileDataHub(11968): [Service] appsupload-periodic periodic task disabled
10-03 06:23:27.910: I/RecoverableKeyStoreGms(11968): [EnrollmentManager] Returning certificates list from cache
10-03 06:23:27.910: I/SystemUpdate(11968): [Installation,ReceiverIntentOperation] Received intent: Intent { act=com.google.gservices.intent.action.GSERVICES_CHANGED flg=0x1000010 pkg=com.google.android.gms cmp=com.google.android.gms/.chimera.GmsIntentOperationService$PersistentInternalReceiver }.
10-03 06:23:27.912: I/SoundTriggerModelLoader(15934): Unloading model 9f6ad62a-1f0b-11e7-87c5-40a8f03d3f15
10-03 06:23:27.912: W/DynamiteModule(11968): Local module descriptor class for com.google.android.gms.vision.dynamite.ocr not found.
10-03 06:23:27.912: I/SoundTriggerManagerComp(15934): Unloading model 9f6ad62a-1f0b-11e7-87c5-40a8f03d3f15
10-03 06:23:27.912: I/SoundTriggerService(1146): deleteSoundModel(): id = 9f6ad62a-1f0b-11e7-87c5-40a8f03d3f15
10-03 06:23:27.912: W/SoundTriggerHelper(1146): Unload error: Attempting unload invalid generic model with id:9f6ad62a-1f0b-11e7-87c5-40a8f03d3f15
10-03 06:23:27.914: W/ProviderHelper(9371): Unknown dynamite feature vision.dynamite.ocr
10-03 06:23:27.917: I/DynamiteModule(11968): Considering local module com.google.android.gms.vision.dynamite.ocr:0 and remote module com.google.android.gms.vision.dynamite.ocr:0
10-03 06:23:27.918: W/ProviderHelper(9371): Ignoring optional dynamite feature vision.ocr
10-03 06:23:27.923: W/DynamiteModule(11968): Local module descriptor class for com.google.android.gms.vision.ocr not found.
10-03 06:23:27.923: I/DynamiteModule(11968): Considering local module com.google.android.gms.vision.ocr:0 and remote module com.google.android.gms.vision.ocr:0
10-03 06:23:27.923: E/Vision(11968): Error loading optional module com.google.android.gms.vision.ocr: m.bju: No acceptable module found. Local version is 0 and remote version is 0.
10-03 06:23:27.931: W/TextNativeHandle(11968): Native handle not yet available. Reverting to no-op handle.
10-03 06:23:27.931: W/DynamiteModule(11968): Local module descriptor class for com.google.android.gms.vision.dynamite.ocr not found.
10-03 06:23:27.940: I/RecoverableKeyStoreMgr(1146): The cert file serial number is the same, so skip updating.
10-03 06:23:27.940: I/RecoverableKeyStoreGms(11968): [EnrollmentManager] Recovery service is initialized.
10-03 06:23:27.943: W/ProviderHelper(9371): Unknown dynamite feature vision.dynamite.ocr
10-03 06:23:27.944: I/RecoverySnapshotLstnrs(1146): Registered listener for agent with uid 10007
10-03 06:23:27.949: I/DynamiteModule(11968): Considering local module com.google.android.gms.vision.dynamite.ocr:0 and remote module com.google.android.gms.vision.dynamite.ocr:0
10-03 06:23:27.950: W/ProviderHelper(9371): Ignoring optional dynamite feature vision.ocr
10-03 06:23:27.952: W/DynamiteModule(11968): Local module descriptor class for com.google.android.gms.vision.ocr not found.
10-03 06:23:27.952: I/DynamiteModule(11968): Considering local module com.google.android.gms.vision.ocr:0 and remote module com.google.android.gms.vision.ocr:0
10-03 06:23:27.952: E/Vision(11968): Error loading optional module com.google.android.gms.vision.ocr: m.bju: No acceptable module found. Local version is 0 and remote version is 0.
10-03 06:23:27.953: I/OcrModelUpStIntentOp(11968): Downloading text recognizer
10-03 06:23:27.958: I/GmsModuleFndr(11968): Beginning GMS chimera module scan
10-03 06:23:27.972: I/ChimeraConfigurator(11968): Starting update, reason: 4 urgentFeatures: vision.ocr:-1
10-03 06:23:27.973: W/NetworkScheduler(9371): The extras of the task is not valid to be persisted so that the task is not persisted [CONTEXT service_id=218 ]
10-03 06:23:27.973: W/NetworkScheduler(9371): java.lang.IllegalArgumentException: Only the following extra parameter types are supported: Integer, Long, Double, String, Boolean, and nested Bundles with the same restrictions.
10-03 06:23:27.973: W/NetworkScheduler(9371): 	at akix.f(:com.google.android.gms@213017028@21.30.17 (100400-395706864):6)
10-03 06:23:27.973: W/NetworkScheduler(9371): 	at ayya.g(:com.google.android.gms@213017028@21.30.17 (100400-395706864):37)
10-03 06:23:27.973: W/NetworkScheduler(9371): 	at aywv.n(:com.google.android.gms@213017028@21.30.17 (100400-395706864):3)
10-03 06:23:27.973: W/NetworkScheduler(9371): 	at aywv.u(:com.google.android.gms@213017028@21.30.17 (100400-395706864):20)
10-03 06:23:27.973: W/NetworkScheduler(9371): 	at aywv.h(:com.google.android.gms@213017028@21.30.17 (100400-395706864):3)
10-03 06:23:27.973: W/NetworkScheduler(9371): 	at aysw.run(:com.google.android.gms@213017028@21.30.17 (100400-395706864):9)
10-03 06:23:27.973: W/NetworkScheduler(9371): 	at wpz.c(:com.google.android.gms@213017028@21.30.17 (100400-395706864):6)
10-03 06:23:27.973: W/NetworkScheduler(9371): 	at wpz.run(:com.google.android.gms@213017028@21.30.17 (100400-395706864):7)
10-03 06:23:27.973: W/NetworkScheduler(9371): 	at java.util.concurrent.ThreadPoolExecutor.runWorker(ThreadPoolExecutor.java:1167)
10-03 06:23:27.973: W/NetworkScheduler(9371): 	at java.util.concurrent.ThreadPoolExecutor$Worker.run(ThreadPoolExecutor.java:641)
10-03 06:23:27.973: W/NetworkScheduler(9371): 	at wvx.run(:com.google.android.gms@213017028@21.30.17 (100400-395706864):0)
10-03 06:23:27.973: W/NetworkScheduler(9371): 	at java.lang.Thread.run(Thread.java:764)
10-03 06:23:27.976: I/ModuleSetMgr(11968): Computing pending module set with APKs: [[AdsFdrDynamite.integ:212910700100000], [Enpromo.integ:212802000100000], [Payments.integ:213380802100400], [PaymentsDynamite.integ:213380802100400], [AdsFdrDynamite.integ:212104400100000], [Cronetdynamite:213017100400], [Dynamiteloader:213017100000], [Dynamitemodulesa:213017100000], [Dynamitemodulesc:213017100000], [Googlecertificates:213017100000], [Mapsdynamite:213017100000], [Measurementdynamite:213017100000]]
10-03 06:23:27.990: I/TestSupport(11968): AwaitCommitOperation: FlagOverride(com.google.android.gms.auth.api.credentials, , Flag(SaveStrategy__enableSaving, false, 2, 0), true) committed [CONTEXT service_id=133 ]
10-03 06:23:27.990: I/TestSupport(11968): AwaitCommitOperation: no more uncommitted overrides [CONTEXT service_id=133 ]
10-03 06:23:27.992: I/ModuleSetMgr(11968): Pending container module APKs: []
10-03 06:23:27.993: I/ModuleSetMgr(11968): Pending non-container module APKs: [[Enpromo.integ:212802000100000], [AdsFdrDynamite.integ:212910700100000], [Payments.integ:213380802100400], [PaymentsDynamite.integ:213380802100400]]
10-03 06:23:28.008: W/PackageParser(11968): Unknown element under <manifest>: queries at /data/user_de/0/com.google.android.gms/app_chimera/m/00000007/AdsDynamite.apk Binary XML file line #5
10-03 06:23:28.021: I/Finsky(10610): [122] amkn.j(26): Module info request for [# bbhi@c93bce90] modules from package com.google.android.gms v=213017028 hasAccount:false authEnabled:false
10-03 06:23:28.025: W/PackageParser(11968): Unknown element under <manifest>: queries at /data/user_de/0/com.google.android.gms/app_chimera/m/00000010/dl-AdsFdrDynamite.integ_212910700100000.apk Binary XML file line #11
10-03 06:23:28.030: W/PackageParser(11968): Unknown element under <manifest>: queries at /data/user_de/0/com.google.android.gms/app_chimera/m/00000012/dl-Payments.integ_213380802100400.apk Binary XML file line #11
10-03 06:23:28.035: I/GmsModuleFndr(11968): Beginning GMS chimera module scan
10-03 06:23:28.044: I/ModuleSetMgr(11968): Computing pending module set with APKs: [[AdsFdrDynamite.integ:212910700100000], [Enpromo.integ:212802000100000], [Payments.integ:213380802100400], [PaymentsDynamite.integ:213380802100400], [AdsFdrDynamite.integ:212104400100000], [Cronetdynamite:213017100400], [Dynamiteloader:213017100000], [Dynamitemodulesa:213017100000], [Dynamitemodulesc:213017100000], [Googlecertificates:213017100000], [Mapsdynamite:213017100000], [Measurementdynamite:213017100000]]
10-03 06:23:28.048: I/Finsky(10610): [156] lth.l(1): Account name null when calculating account hash
10-03 06:23:28.051: I/ModuleSetMgr(11968): Pending container module APKs: []
10-03 06:23:28.051: I/ModuleSetMgr(11968): Pending non-container module APKs: [[Enpromo.integ:212802000100000], [AdsFdrDynamite.integ:212910700100000], [Payments.integ:213380802100400], [PaymentsDynamite.integ:213380802100400]]
10-03 06:23:28.056: W/PackageParser(11968): Unknown element under <manifest>: queries at /data/user_de/0/com.google.android.gms/app_chimera/m/00000007/AdsDynamite.apk Binary XML file line #5
10-03 06:23:28.067: W/PackageParser(11968): Unknown element under <manifest>: queries at /data/user_de/0/com.google.android.gms/app_chimera/m/00000010/dl-AdsFdrDynamite.integ_212910700100000.apk Binary XML file line #11
10-03 06:23:28.070: W/PackageParser(11968): Unknown element under <manifest>: queries at /data/user_de/0/com.google.android.gms/app_chimera/m/00000012/dl-Payments.integ_213380802100400.apk Binary XML file line #11
10-03 06:23:28.075: I/RecoverableKeyStoreGms(11968): [RecoverableKeyStoreGmsInitOperation] Initializing auth_folsom
10-03 06:23:28.076: I/RecoverableKeyStoreGms(11968): [RecoverableKeyStoreGmsInitOperation] com.google.android.gms.auth.folsom.service.FolsomPublicKeyUpdateService is already enabled. Ignore.
10-03 06:23:28.076: I/RecoverableKeyStoreGms(11968): [RecoverableKeyStoreGmsInitOperation] com.google.android.gms.auth.folsom.service.GcmReceiverService is already enabled. Ignore.
10-03 06:23:28.077: I/TestSupport(11968): AwaitCommitOperation: * [CONTEXT service_id=133 ]
10-03 06:23:28.079: I/ChromeSync(11968): [Sync,SyncIntentOperation] Handling the intent: Intent { act=com.google.gservices.intent.action.GSERVICES_CHANGED flg=0x1000010 pkg=com.google.android.gms cmp=com.google.android.gms/.chimera.GmsIntentOperationService$PersistentInternalReceiver }.
10-03 06:23:28.079: V/RecoverableKeyStoreMgr(1146): Not updating secret types - same as old value.
10-03 06:23:28.080: I/RecoverableKeyStoreGms(11968): [RecoverableKeyStoreGmsInitOperation] Setting vault handle
10-03 06:23:28.080: V/RecoverableKeyStoreMgr(1146): Not updating server params - same as old value.
10-03 06:23:28.082: I/RecoverableKeyStoreGms(11968): [EnrollmentManager] Returning certificates list from cache
10-03 06:23:28.083: I/TestSupport(11968): AwaitCommitOperation: FlagOverride(com.google.android.gms.auth.api.credentials, , Flag(SaveStrategy__enableSaving, false, 2, 0), true) committed [CONTEXT service_id=133 ]
10-03 06:23:28.083: I/TestSupport(11968): AwaitCommitOperation: no more uncommitted overrides [CONTEXT service_id=133 ]
10-03 06:23:28.087: I/MS_Utils(11968): version of com.google.android.apps.maps = 1022101040
10-03 06:23:28.088: I/MobileDataHub(11968): Scheduling periodic tasks
10-03 06:23:28.088: I/MdiSyncModule(11968): flag handling is skipping irrelevant intent.
10-03 06:23:28.090: W/MobileDataHub(11968): [Service] appsupload-periodic periodic task disabled
10-03 06:23:28.091: I/SystemUpdate(11968): [Installation,ReceiverIntentOperation] Received intent: Intent { act=com.google.gservices.intent.action.GSERVICES_CHANGED flg=0x1000010 pkg=com.google.android.gms cmp=com.google.android.gms/.chimera.GmsIntentOperationService$PersistentInternalReceiver }.
10-03 06:23:28.092: W/DynamiteModule(11968): Local module descriptor class for com.google.android.gms.vision.dynamite.ocr not found.
10-03 06:23:28.094: W/ProviderHelper(9371): Unknown dynamite feature vision.dynamite.ocr
10-03 06:23:28.097: I/DynamiteModule(11968): Considering local module com.google.android.gms.vision.dynamite.ocr:0 and remote module com.google.android.gms.vision.dynamite.ocr:0
10-03 06:23:28.098: W/ProviderHelper(9371): Ignoring optional dynamite feature vision.ocr
10-03 06:23:28.101: W/DynamiteModule(11968): Local module descriptor class for com.google.android.gms.vision.ocr not found.
10-03 06:23:28.101: I/DynamiteModule(11968): Considering local module com.google.android.gms.vision.ocr:0 and remote module com.google.android.gms.vision.ocr:0
10-03 06:23:28.101: E/Vision(11968): Error loading optional module com.google.android.gms.vision.ocr: m.bju: No acceptable module found. Local version is 0 and remote version is 0.
10-03 06:23:28.104: W/TextNativeHandle(11968): Native handle not yet available. Reverting to no-op handle.
10-03 06:23:28.105: W/DynamiteModule(11968): Local module descriptor class for com.google.android.gms.vision.dynamite.ocr not found.
10-03 06:23:28.106: W/ProviderHelper(9371): Unknown dynamite feature vision.dynamite.ocr
10-03 06:23:28.110: I/DynamiteModule(11968): Considering local module com.google.android.gms.vision.dynamite.ocr:0 and remote module com.google.android.gms.vision.dynamite.ocr:0
10-03 06:23:28.111: I/RecoverableKeyStoreMgr(1146): The cert file serial number is the same, so skip updating.
10-03 06:23:28.111: I/RecoverableKeyStoreGms(11968): [EnrollmentManager] Recovery service is initialized.
10-03 06:23:28.112: W/ProviderHelper(9371): Ignoring optional dynamite feature vision.ocr
10-03 06:23:28.113: I/RecoverySnapshotLstnrs(1146): Registered listener for agent with uid 10007
10-03 06:23:28.114: W/DynamiteModule(11968): Local module descriptor class for com.google.android.gms.vision.ocr not found.
10-03 06:23:28.114: I/DynamiteModule(11968): Considering local module com.google.android.gms.vision.ocr:0 and remote module com.google.android.gms.vision.ocr:0
10-03 06:23:28.114: E/Vision(11968): Error loading optional module com.google.android.gms.vision.ocr: m.bju: No acceptable module found. Local version is 0 and remote version is 0.
10-03 06:23:28.115: I/OcrModelUpStIntentOp(11968): Downloading text recognizer
10-03 06:23:28.121: I/GmsModuleFndr(11968): Beginning GMS chimera module scan
10-03 06:23:28.125: W/NetworkScheduler(9371): The extras of the task is not valid to be persisted so that the task is not persisted [CONTEXT service_id=218 ]
10-03 06:23:28.125: W/NetworkScheduler(9371): java.lang.IllegalArgumentException: Only the following extra parameter types are supported: Integer, Long, Double, String, Boolean, and nested Bundles with the same restrictions.
10-03 06:23:28.125: W/NetworkScheduler(9371): 	at akix.f(:com.google.android.gms@213017028@21.30.17 (100400-395706864):6)
10-03 06:23:28.125: W/NetworkScheduler(9371): 	at ayya.g(:com.google.android.gms@213017028@21.30.17 (100400-395706864):37)
10-03 06:23:28.125: W/NetworkScheduler(9371): 	at aywv.n(:com.google.android.gms@213017028@21.30.17 (100400-395706864):3)
10-03 06:23:28.125: W/NetworkScheduler(9371): 	at aywv.u(:com.google.android.gms@213017028@21.30.17 (100400-395706864):20)
10-03 06:23:28.125: W/NetworkScheduler(9371): 	at aywv.h(:com.google.android.gms@213017028@21.30.17 (100400-395706864):3)
10-03 06:23:28.125: W/NetworkScheduler(9371): 	at aysw.run(:com.google.android.gms@213017028@21.30.17 (100400-395706864):9)
10-03 06:23:28.125: W/NetworkScheduler(9371): 	at wpz.c(:com.google.android.gms@213017028@21.30.17 (100400-395706864):6)
10-03 06:23:28.125: W/NetworkScheduler(9371): 	at wpz.run(:com.google.android.gms@213017028@21.30.17 (100400-395706864):7)
10-03 06:23:28.125: W/NetworkScheduler(9371): 	at java.util.concurrent.ThreadPoolExecutor.runWorker(ThreadPoolExecutor.java:1167)
10-03 06:23:28.125: W/NetworkScheduler(9371): 	at java.util.concurrent.ThreadPoolExecutor$Worker.run(ThreadPoolExecutor.java:641)
10-03 06:23:28.125: W/NetworkScheduler(9371): 	at wvx.run(:com.google.android.gms@213017028@21.30.17 (100400-395706864):0)
10-03 06:23:28.125: W/NetworkScheduler(9371): 	at java.lang.Thread.run(Thread.java:764)
10-03 06:23:28.129: I/ModuleSetMgr(11968): Computing pending module set with APKs: [[AdsFdrDynamite.integ:212910700100000], [Enpromo.integ:212802000100000], [Payments.integ:213380802100400], [PaymentsDynamite.integ:213380802100400], [AdsFdrDynamite.integ:212104400100000], [Cronetdynamite:213017100400], [Dynamiteloader:213017100000], [Dynamitemodulesa:213017100000], [Dynamitemodulesc:213017100000], [Googlecertificates:213017100000], [Mapsdynamite:213017100000], [Measurementdynamite:213017100000]]
10-03 06:23:28.133: I/ModuleSetMgr(11968): Pending container module APKs: []
10-03 06:23:28.133: I/ModuleSetMgr(11968): Pending non-container module APKs: [[Enpromo.integ:212802000100000], [AdsFdrDynamite.integ:212910700100000], [Payments.integ:213380802100400], [PaymentsDynamite.integ:213380802100400]]
10-03 06:23:28.141: W/PackageParser(11968): Unknown element under <manifest>: queries at /data/user_de/0/com.google.android.gms/app_chimera/m/00000007/AdsDynamite.apk Binary XML file line #5
10-03 06:23:28.155: W/PackageParser(11968): Unknown element under <manifest>: queries at /data/user_de/0/com.google.android.gms/app_chimera/m/00000010/dl-AdsFdrDynamite.integ_212910700100000.apk Binary XML file line #11
10-03 06:23:28.160: W/PackageParser(11968): Unknown element under <manifest>: queries at /data/user_de/0/com.google.android.gms/app_chimera/m/00000012/dl-Payments.integ_213380802100400.apk Binary XML file line #11
10-03 06:23:28.199: I/TSDRIVER(15781): Handled command: PACKAGE
10-03 06:23:28.217: I/Finsky(10610): [2] amjy.hp(44): Received response for moduleDelivery with status=4
10-03 06:23:28.236: E/DynamicModuleDownloader(11968): Zapp module request failed: 1,4
10-03 06:23:28.237: I/GmsDebugLogger(11968): [30] [VisionOcr.optional:213017100400]
10-03 06:23:28.244: W/ChimeraConfigService(11968): Retry attempt was throttled. [CONTEXT service_id=264 ]
10-03 06:23:28.245: I/GmsDebugLogger(11968): [83] 1 [vision.ocr]
10-03 06:23:28.248: W/Vision(11968): Request for optional module download of ocr failed. Request again.
10-03 06:23:28.249: I/Vision(11968): Schedule retrying download ocr at 1276431 with backoff 10 seconds
10-03 06:23:28.288: I/TSDRIVER(15781): CommandService onHandleIntent()
10-03 06:23:28.288: I/TSDRIVER(15781): Got command: PACKAGE
10-03 06:23:28.288: I/TSDRIVER(15781): flag package: Eh9jb20uZ29vZ2xlLmFuZHJvaWQuZ21zLmF1dG9maWxsGhQKEGF1dG9maWxsX2VuYWJsZWQYACg+
10-03 06:23:28.289: I/TSDRIVER(15781): flag package: com.google.android.gms.autofill
10-03 06:23:28.293: I/TestSupport(11968): SetFlagOverridesOperation: com.google.android.gms.autofill, '', [Flag(autofill_enabled, false, 2, 0)] [CONTEXT service_id=133 ]
10-03 06:23:28.307: I/TestSupport(11968): AwaitCommitOperation: autofill_enabled [CONTEXT service_id=133 ]
10-03 06:23:28.314: I/TestSupport(11968): AwaitCommitOperation: uncommitted: FlagOverride(com.google.android.gms.autofill, , Flag(autofill_enabled, false, 2, 0), false) [CONTEXT service_id=133 ]
10-03 06:23:28.314: I/TestSupport(11968): AwaitCommitOperation:  sleeping for 10 msec. [CONTEXT service_id=133 ]
10-03 06:23:28.339: I/PTCommittedOperation(9371): Receive new configuration for com.google.android.gms.autofill
10-03 06:23:28.344: W/ModuleInitIntentOp(11968): Dropping unexpected action com.google.android.gms.phenotype.COMMITTED
10-03 06:23:28.345: W/ModuleInitIntentOp(11968): Dropping unexpected action com.google.android.gms.phenotype.COMMITTED
10-03 06:23:28.347: I/ChromeSync(11968): [Sync,SyncIntentOperation] Handling the intent: Intent { act=com.google.android.gms.phenotype.COMMITTED flg=0x10 pkg=com.google.android.gms cmp=com.google.android.gms/.chimera.GmsIntentOperationService (has extras) }.
10-03 06:23:28.355: I/MdiSyncModule(11968): flag handling is skipping irrelevant intent.
10-03 06:23:28.362: W/ModuleInitIntentOp(11968): Dropping unexpected action com.google.android.gms.phenotype.COMMITTED
10-03 06:23:28.366: I/TestSupport(11968): AwaitCommitOperation: FlagOverride(com.google.android.gms.autofill, , Flag(autofill_enabled, false, 2, 0), true) committed [CONTEXT service_id=133 ]
10-03 06:23:28.366: I/TestSupport(11968): AwaitCommitOperation: no more uncommitted overrides [CONTEXT service_id=133 ]
10-03 06:23:28.379: I/GmsSyncPolicyEngine(11968): Periodic sync 4 disabled by policy, cancelled.
10-03 06:23:28.462: I/TestSupport(11968): AwaitCommitOperation: * [CONTEXT service_id=133 ]
10-03 06:23:28.475: I/TestSupport(11968): AwaitCommitOperation: FlagOverride(com.google.android.gms.autofill, , Flag(autofill_enabled, false, 2, 0), true) committed [CONTEXT service_id=133 ]
10-03 06:23:28.476: I/TestSupport(11968): AwaitCommitOperation: no more uncommitted overrides [CONTEXT service_id=133 ]
10-03 06:23:28.594: I/TSDRIVER(15781): Handled command: PACKAGE
10-03 06:23:28.708: I/TSDRIVER(15781): CommandService onHandleIntent()
10-03 06:23:28.708: I/TSDRIVER(15781): Got command: PACKAGE
10-03 06:23:28.708: I/TSDRIVER(15781): flag package: EiNjb20uZ29vZ2xlLmFuZHJvaWQuZ21zLmF1dGhfYWNjb3VudBodChlhdXRoX3NpZ19vdmVycmlkZV9lbmFibGVkGAAoPg
10-03 06:23:28.708: I/TSDRIVER(15781): flag package: com.google.android.gms.auth_account
10-03 06:23:28.712: I/TestSupport(11968): SetFlagOverridesOperation: com.google.android.gms.auth_account, '', [Flag(auth_sig_override_enabled, false, 2, 0)] [CONTEXT service_id=133 ]
10-03 06:23:28.739: I/TestSupport(11968): AwaitCommitOperation: auth_sig_override_enabled [CONTEXT service_id=133 ]
10-03 06:23:28.752: I/TestSupport(11968): AwaitCommitOperation: uncommitted: FlagOverride(com.google.android.gms.auth_account, , Flag(auth_sig_override_enabled, false, 2, 0), false) [CONTEXT service_id=133 ]
10-03 06:23:28.752: I/TestSupport(11968): AwaitCommitOperation:  sleeping for 10 msec. [CONTEXT service_id=133 ]
10-03 06:23:28.803: W/ModuleInitIntentOp(11968): Dropping unexpected action com.google.android.gms.phenotype.COMMITTED
10-03 06:23:28.803: I/PTCommittedOperation(9371): Receive new configuration for com.google.android.gms.auth_account
10-03 06:23:28.803: W/ModuleInitIntentOp(11968): Dropping unexpected action com.google.android.gms.phenotype.COMMITTED
10-03 06:23:28.806: I/ChromeSync(11968): [Sync,SyncIntentOperation] Handling the intent: Intent { act=com.google.android.gms.phenotype.COMMITTED flg=0x10 pkg=com.google.android.gms cmp=com.google.android.gms/.chimera.GmsIntentOperationService (has extras) }.
10-03 06:23:28.810: I/MdiSyncModule(11968): flag handling is skipping irrelevant intent.
10-03 06:23:28.812: I/TestSupport(11968): AwaitCommitOperation: FlagOverride(com.google.android.gms.auth_account, , Flag(auth_sig_override_enabled, false, 2, 0), true) committed [CONTEXT service_id=133 ]
10-03 06:23:28.812: I/TestSupport(11968): AwaitCommitOperation: no more uncommitted overrides [CONTEXT service_id=133 ]
10-03 06:23:28.817: W/ModuleInitIntentOp(11968): Dropping unexpected action com.google.android.gms.phenotype.COMMITTED
10-03 06:23:28.940: I/TestSupport(11968): AwaitCommitOperation: * [CONTEXT service_id=133 ]
10-03 06:23:28.955: I/TestSupport(11968): AwaitCommitOperation: FlagOverride(com.google.android.gms.auth_account, , Flag(auth_sig_override_enabled, false, 2, 0), true) committed [CONTEXT service_id=133 ]
10-03 06:23:28.956: I/TestSupport(11968): AwaitCommitOperation: no more uncommitted overrides [CONTEXT service_id=133 ]
10-03 06:23:29.073: I/TSDRIVER(15781): Handled command: PACKAGE
10-03 06:23:29.461: D/AndroidRuntime(15999): >>>>>> START com.android.internal.os.RuntimeInit uid 2000 <<<<<<
10-03 06:23:29.517: I/app_process(15999): The ClassLoaderContext is a special shared library.
10-03 06:23:29.540: D/AndroidRuntime(15999): Calling main entry com.android.commands.am.Am
10-03 06:23:29.545: I/ActivityManager(1146): Force stopping com.google.android.apps.mtaas.tools appid=10156 user=0: start instr
10-03 06:23:29.575: I/ActivityManager(1146): Start proc 16008:com.google.android.apps.mtaas.tools/u0a156 for added application com.google.android.apps.mtaas.tools
10-03 06:23:29.585: E/pps.mtaas.tool(16008): Not starting debugger since process cannot load the jdwp agent.
10-03 06:23:29.629: I/pps.mtaas.tool(16008): The ClassLoaderContext is a special shared library.
10-03 06:23:29.650: D/ChangeLocale(16008): Instrumentation completed successfully
10-03 06:23:29.652: I/ActivityManager(1146): Force stopping com.google.android.apps.mtaas.tools appid=10156 user=0: finished inst
10-03 06:23:29.652: I/ActivityManager(1146): Killing 16008:com.google.android.apps.mtaas.tools/u0a156 (adj 0): stop com.google.android.apps.mtaas.tools
10-03 06:23:29.652: W/Binder(1146): Outgoing transactions from this process must be FLAG_ONEWAY
10-03 06:23:29.652: W/Binder(1146): java.lang.Throwable
10-03 06:23:29.652: W/Binder(1146): 	at android.os.BinderProxy.transact(Binder.java:1116)
10-03 06:23:29.652: W/Binder(1146): 	at android.app.IInstrumentationWatcher$Stub$Proxy.instrumentationFinished(IInstrumentationWatcher.java:164)
10-03 06:23:29.652: W/Binder(1146): 	at com.android.server.am.InstrumentationReporter$MyThread.run(InstrumentationReporter.java:86)
10-03 06:23:29.653: W/libprocessgroup(1146): kill(-16008, 9) failed: No such process
10-03 06:23:29.670: D/AndroidRuntime(15999): Shutting down VM
10-03 06:23:29.677: I/Zygote(737): Process 16008 exited due to signal (9)
10-03 06:23:29.699: W/libprocessgroup(1146): kill(-16008, 9) failed: No such process
10-03 06:23:29.700: I/libprocessgroup(1146): Successfully killed process cgroup uid 10156 pid 16008 in 46ms
10-03 06:23:30.086: V/SettingsProvider(1146): Notifying for 0: content://settings/system/firebase.test.lab
10-03 06:23:30.245: V/SettingsProvider(1146): Notifying for 0: content://settings/secure/autofill_service
10-03 06:23:30.484: D/AndroidRuntime(16054): >>>>>> START com.android.internal.os.RuntimeInit uid 2000 <<<<<<
10-03 06:23:30.541: I/app_process(16054): The ClassLoaderContext is a special shared library.
10-03 06:23:30.565: D/AndroidRuntime(16054): Calling main entry com.android.commands.input.Input
10-03 06:23:30.565: I/Input(16054): injectKeyEvent: KeyEvent { action=ACTION_DOWN, keyCode=KEYCODE_HOME, scanCode=0, metaState=0, flags=0x0, repeatCount=0, eventTime=1278747, downTime=1278747, deviceId=-1, source=0x101 }
10-03 06:23:30.570: I/Input(16054): injectKeyEvent: KeyEvent { action=ACTION_UP, keyCode=KEYCODE_HOME, scanCode=0, metaState=0, flags=0x0, repeatCount=0, eventTime=1278747, downTime=1278747, deviceId=-1, source=0x101 }
10-03 06:23:30.572: I/ActivityManager(1146): START u0 {act=android.intent.action.MAIN cat=[android.intent.category.HOME] flg=0x10200000 cmp=com.google.android.apps.nexuslauncher/.NexusLauncherActivity (has extras)} from uid 1000
10-03 06:23:30.575: D/android.hardware.power@1.3-service.crosshatch-libperfmgr(789): LAUNCH ON
10-03 06:23:30.578: D/AndroidRuntime(16054): Shutting down VM
10-03 06:23:30.588: V/StatusBar(1538): mStatusBarWindow: com.android.systemui.statusbar.phone.StatusBarWindowView{210999c V.ED..... ........ 0,0-1080,66} canPanelBeCollapsed(): false
10-03 06:23:30.589: I/vol.Events(1538): writeEvent dismiss_dialog volume_controller
10-03 06:23:30.590: D/ConnectivityService(1146): releasing NetworkRequest [ TRACK_DEFAULT id=41, [ Capabilities: INTERNET&NOT_RESTRICTED&TRUSTED Unwanted:  Uid: 10107] ] (release request)
10-03 06:23:30.622: D/SurfaceFlinger(643): duplicate layer name: changing com.google.android.apps.nexuslauncher/com.google.android.apps.nexuslauncher.NexusLauncherActivity to com.google.android.apps.nexuslauncher/com.google.android.apps.nexuslauncher.NexusLauncherActivity#1
10-03 06:23:30.628: W/SessionLifecycleManager(8309): Handover failed. Creating new session controller.
10-03 06:23:30.658: I/GoogleInputMethod(1525): onFinishInput() : Dummy InputConnection bound
10-03 06:23:30.659: I/GoogleInputMethod(1525): onStartInput() : Dummy InputConnection bound
10-03 06:23:30.667: W/RenderThread(1146): type=1400 audit(0.0:316): avc: denied { read } for name="u:object_r:vendor_default_prop:s0" dev="tmpfs" ino=16644 scontext=u:r:system_server:s0 tcontext=u:object_r:vendor_default_prop:s0 tclass=file permissive=0
10-03 06:23:30.670: E/libc(1146): Access denied finding property "vendor.debug.egl.profiler"
10-03 06:23:30.670: E/libc(1146): Access denied finding property "vendor.debug.prerotation.disable"
10-03 06:23:30.671: I/Adreno(1146): QUALCOMM build                   : 3f88ca2, I42f6fe38fb
10-03 06:23:30.671: I/Adreno(1146): Build Date                       : 07/13/18
10-03 06:23:30.671: I/Adreno(1146): OpenGL ES Shader Compiler Version: EV031.24.00.00
10-03 06:23:30.671: I/Adreno(1146): Local Branch                     : 50.04
10-03 06:23:30.671: I/Adreno(1146): Remote Branch                    : 
10-03 06:23:30.671: I/Adreno(1146): Remote Branch                    : 
10-03 06:23:30.671: I/Adreno(1146): Reconstruct Branch               : 
10-03 06:23:30.671: I/Adreno(1146): Build Config                     : S P 4.0.10 AArch64
10-03 06:23:30.673: E/libc(1146): Access denied finding property "vendor.debug.prerotation.disable"
10-03 06:23:30.673: E/libc(1146): Access denied finding property "vendor.debug.prerotation.disable"
10-03 06:23:30.673: I/Adreno(1146): PFP: 0x016ee170, ME: 0x00000000
10-03 06:23:30.674: E/libc(1146): Access denied finding property "vendor.debug.prerotation.disable"
10-03 06:23:30.677: D/android.hardware.power@1.3-service.crosshatch-libperfmgr(789): LAUNCH OFF
10-03 06:23:30.683: I/ConfigStore(1146): android::hardware::configstore::V1_0::ISurfaceFlingerConfigs::hasWideColorDisplay retrieved: 1
10-03 06:23:30.683: I/ConfigStore(1146): android::hardware::configstore::V1_0::ISurfaceFlingerConfigs::hasHDRDisplay retrieved: 1
10-03 06:23:30.683: I/OpenGLRenderer(1146): Initialized EGL, version 1.4
10-03 06:23:30.683: D/OpenGLRenderer(1146): Swap behavior 2
10-03 06:23:30.688: W/LocationOracle(8309): No location history returned by ContextManager
10-03 06:23:30.725: W/ctxmgr(9371): [AclManager] null policy map (0) 67, clientInfo=(accnt=account#-517948760#, com.google.android.googlequicksearchbox(10047):com.google.android.googlequicksearchbox, vrsn=12211000, 1, 3pPkg = null ,  3pMdlId = null ,  pid = 8309 ,  featureId = null) [CONTEXT service_id=47 ]
10-03 06:23:30.727: E/GmsContextObserver(8309): Failed to register context manager listener: Status{statusCode=unknown status code: 7503, resolution=null}
10-03 06:23:30.739: W/ctxmgr(9371): [AclManager] null policy map (0) 67, clientInfo=(accnt=account#-517948760#, com.google.android.googlequicksearchbox(10047):com.google.android.googlequicksearchbox, vrsn=12211000, 1, 3pPkg = null ,  3pMdlId = null ,  pid = 8309 ,  featureId = null) [CONTEXT service_id=47 ]
10-03 06:23:30.755: D/sound_trigger_hw(772): stdev_start_recognition:[1] Enter
10-03 06:23:30.755: D/sound_trigger_hw(772): loaded_state_fn:[1] handle event id 2
10-03 06:23:30.755: D/sound_trigger_platform(772): platform_stdev_get_capture_device: available devices 0x80000004, device 0x80000004
10-03 06:23:30.755: D/sound_trigger_platform(772): platform_stdev_get_device_sample_rate: sample rate 16000
10-03 06:23:30.755: D/sound_trigger_platform(772): platform_stdev_send_hwmad_cal: previous acdb_id 128 matches new acdb_id 128 return
10-03 06:23:30.755: D/sound_trigger_platform(772): platform_stdev_send_calibration: sending device calibration for device(1) acdb_id(128)
10-03 06:23:30.755: D/ACDB-LOADER(772): ACDB -> send_afe_topology
10-03 06:23:30.755: D/ACDB-LOADER(772): ACDB -> ACDB_CMD_GET_AFE_TOPOLOGY_ID
10-03 06:23:30.755: D/ACDB-LOADER(772): ACDB -> GET_AFE_TOPOLOGY_ID for adcd_id 128, Topology Id 12e19
10-03 06:23:30.755: D/ACDB-LOADER(772): ACDB -> send_afe_cal
10-03 06:23:30.755: D/ACDB-LOADER(772): ACDB -> ACDB_CMD_GET_AFE_COMMON_TABLE_SIZE
10-03 06:23:30.755: D/ACDB-LOADER(772): ACDB -> ACDB_CMD_GET_AFE_COMMON_TABLE
10-03 06:23:30.755: D/ACDB-LOADER(772): ACDB -> AUDIO_SET_AFE_CAL
10-03 06:23:30.755: D/sound_trigger_hw(772): set_device: enable device (1) = listen-cpe-handset-mic
10-03 06:23:30.755: D/audio_route(772): Apply path: listen-cpe-handset-mic
10-03 06:23:30.756: I/cr_BindingManager(11499): onTrimMemory: level=20, size=0
10-03 06:23:30.770: D/sound_trigger_hw(772): get_confidence_levels_payload: No smlib for uuid, sending opaque data
10-03 06:23:30.770: D/sound_trigger_hw(772): start:[1] gcs start VA engine, enable 1 token 3
10-03 06:23:30.770: D/sound_trigger_hw(772): start:[1] calling gcs_enable with handle 1, non-persist cal 0xe8816718, sz 24
10-03 06:23:30.770: D/ACDB-LOADER(772): ACDB -> ACDB_WDSP_CMD_GET_SUBGRAPH_MODULE_CALIBRATION_SIZE
10-03 06:23:30.770: D/ACDB-LOADER(772): ACDB -> ACDB_WDSP_CMD_GET_SUBGRAPH_MODULE_CALIBRATION
10-03 06:23:30.770: D/ACDB-LOADER(772): ACDB -> ACDB_WDSP_CMD_GET_SUBGRAPH_MODULE_CALIBRATION_SIZE
10-03 06:23:30.770: D/ACDB-LOADER(772): ACDB -> ACDB_WDSP_CMD_GET_SUBGRAPH_MODULE_CALIBRATION
10-03 06:23:30.770: D/ACDB-LOADER(772): ACDB -> ACDB_WDSP_CMD_GET_SUBGRAPH_MODULE_CONNECTION_SIZE
10-03 06:23:30.770: D/ACDB-LOADER(772): [ 10-03 06:23:30.770   772: 1905 E/         ]
10-03 06:23:30.770: D/ACDB-LOADER(772): gcs_get_sg_mod_conn_and_update_pld: subgraph mod conn size 0. Exiting
10-03 06:23:30.770: D/ACDB-LOADER(772): ACDB -> ACDB_WDSP_CMD_GET_SUBGRAPH_MODULE_CONNECTION_SIZE
10-03 06:23:30.770: D/ACDB-LOADER(772): ACDB -> ACDB_WDSP_CMD_GET_SUBGRAPH_MODULE_CONNECTION
10-03 06:23:30.770: D/ACDB-LOADER(772): ACDB -> ACDB_WDSP_CMD_GET_SUBGRAPH_CONNECTIONS_SIZE
10-03 06:23:30.770: D/ACDB-LOADER(772): ACDB -> ACDB_WDSP_CMD_GET_SUBGRAPHS_CONNECTION
10-03 06:23:30.770: D/ACDB-LOADER(772): ACDB -> ACDB_WDSP_CMD_GET_SUBGRAPH_CONNECTIONS_SIZE
10-03 06:23:30.770: D/ACDB-LOADER(772): [ 10-03 06:23:30.770   772: 1905 E/         ]
10-03 06:23:30.770: D/ACDB-LOADER(772): __gcs_get_sg_conn_and_update_pld: subgraph conn size 0. Exiting
10-03 06:23:30.770: D/ACDB-LOADER(772): [ 10-03 06:23:30.770   772: 1905 D/         ]
10-03 06:23:30.770: D/ACDB-LOADER(772): pktzr_send_cmd: opcode = 0x3, size = 452, token = 8
10-03 06:23:30.770: D/ACDB-LOADER(772): [ 10-03 06:23:30.780   772: 1133 D/         ]
10-03 06:23:30.770: D/ACDB-LOADER(772): ipc_resp_thread: opcode: 0x2, payload_size: 4, resp_buf size: 16
10-03 06:23:30.770: D/ACDB-LOADER(772): [ 10-03 06:23:30.780   772: 1133 D/         ]
10-03 06:23:30.770: D/ACDB-LOADER(772): pktzr_resp_cb: opcode = 0x2 size = 4 token = 8
10-03 06:23:30.770: D/ACDB-LOADER(772): [ 10-03 06:23:30.780   772: 1133 D/         ]
10-03 06:23:30.770: D/ACDB-LOADER(772): pktzr_resp_cb: token 8 matched
10-03 06:23:30.780: D/sound_trigger_hw(772): reg_hal_event_session: ST_EVENT_SESSION_REGISTER capture_handle 62 p_ses 0xe8874320
10-03 06:23:30.780: D/sound_trigger_hw(772): session[1]: loaded_state_fn ---> active_state_fn 
10-03 06:23:30.780: D/sound_trigger_hw(772): stdev_start_recognition:[1] Exit
10-03 06:23:30.781: I/SoundTriggerHelper(1146): startRecognition successful.
10-03 06:23:30.781: I/GsaVoiceInteractionSrv(2191): Start Hotword Recognition Status: true
10-03 06:23:30.832: D/AndroidRuntime(16072): >>>>>> START com.android.internal.os.RuntimeInit uid 2000 <<<<<<
10-03 06:23:30.885: I/app_process(16072): The ClassLoaderContext is a special shared library.
10-03 06:23:30.906: D/AndroidRuntime(16072): Calling main entry com.android.commands.am.Am
10-03 06:23:30.910: I/ActivityManager(1146): Force stopping com.google.android.apps.mtaas.loginutil appid=10155 user=0: start instr
10-03 06:23:30.921: I/ActivityManager(1146): Start proc 16090:com.google.android.apps.mtaas.loginutil/u0a155 for added application com.google.android.apps.mtaas.loginutil
10-03 06:23:30.922: E/mtaas.loginuti(16090): Not starting debugger since process cannot load the jdwp agent.
10-03 06:23:30.936: I/mtaas.loginuti(16090): The ClassLoaderContext is a special shared library.
10-03 06:23:30.944: D/NetworkSecurityConfig(16090): No Network Security Config specified, using platform default
10-03 06:23:31.364: D/LoginUtil(16090): Connected to Internet
10-03 06:23:31.377: D/LoginUtil(16090): Adding Account {name=JNQFSHPXSMTWJ5KMHY7JSQBMHU-00@cloudtestlabaccounts.com, type=com.google}
10-03 06:23:31.403: I/ActivityManager(1146): Start proc 16108:com.google.android.apps.auth.test.support/u0a157 for service com.google.android.apps.auth.test.support/.services.AccountService
10-03 06:23:31.408: E/th.test.suppor(16108): Not starting debugger since process cannot load the jdwp agent.
10-03 06:23:31.440: I/th.test.suppor(16108): The ClassLoaderContext is a special shared library.
10-03 06:23:31.463: E/ActivityThread(16108): Failed to find provider info for com.google.android.apps.common.testing.services.storage.testargs
10-03 06:23:31.464: W/AuthService(16108): [TestArgsHelper] Error when calling AndroidTestUtil.getTestArgs(). Note that this behavior might be expected.
10-03 06:23:31.480: I/AuthService(16108): [AddAccountOperation] Call GmsCore API.
10-03 06:23:31.492: I/ing.testsuppor(15781): Waiting for a blocking GC ProfileSaver
10-03 06:23:31.498: I/ing.testsuppor(15781): WaitForGcToComplete blocked ProfileSaver on AddRemoveAppImageSpace for 6.888ms
10-03 06:23:31.539: I/Auth(9371): [AddAccountOperation] Initializing sign-in
10-03 06:23:31.571: I/ActivityManager(1146): Start proc 16124:com.google.android.gms.unstable/u0a7 for service com.google.android.gms/.droidguard.DroidGuardService
10-03 06:23:31.579: E/id.gms.unstabl(16124): Not starting debugger since process cannot load the jdwp agent.
10-03 06:23:31.625: I/id.gms.unstabl(16124): The ClassLoaderContext is a special shared library.
10-03 06:23:31.626: I/chatty(16124): uid=10007 com.google.android.gms.unstable identical 1 line
10-03 06:23:31.627: I/id.gms.unstabl(16124): The ClassLoaderContext is a special shared library.
10-03 06:23:31.643: W/id.gms.unstabl(16124): Unknown chunk type '200'.
10-03 06:23:31.675: W/ProviderHelper(16124): Unknown dynamite feature providerinstaller.dynamite
10-03 06:23:31.680: I/DynamiteModule(16124): Considering local module com.google.android.gms.providerinstaller.dynamite:1 and remote module com.google.android.gms.providerinstaller.dynamite:0
10-03 06:23:31.680: I/DynamiteModule(16124): Selected local version of com.google.android.gms.providerinstaller.dynamite
10-03 06:23:31.688: I/ctivity.metric(15813): Waiting for a blocking GC ProfileSaver
10-03 06:23:31.690: V/NativeCrypto(16124): Registering com/google/android/gms/org/conscrypt/NativeCrypto's 294 native methods...
10-03 06:23:31.694: I/ctivity.metric(15813): WaitForGcToComplete blocked ProfileSaver on HeapTrim for 6.172ms
10-03 06:23:31.701: D/NetworkSecurityConfig(16124): Using Network Security Config from resource network_security_config debugBuild: false
10-03 06:23:31.703: I/ProviderInstaller(16124): Installed default security provider GmsCore_OpenSSL
